Archive member included because of file (symbol)

../src/ASF/thirdparty/qtouch/generic/avr8/qtouch/lib/gcc\libavrxmega6g1-4qt-k-0rs.a(burst_1_1_10_0_1.o)
                              src/app_touch.o (burst_1_1_10_0_1)
../src/ASF/thirdparty/qtouch/generic/avr8/qtouch/lib/gcc\libavrxmega6g1-4qt-k-0rs.a(touch_api.o)
                              src/app_touch.o (qt_enable_key)
../src/ASF/thirdparty/qtouch/generic/avr8/qtouch/lib/gcc\libavrxmega6g1-4qt-k-0rs.a(touch_process.o)
                              ../src/ASF/thirdparty/qtouch/generic/avr8/qtouch/lib/gcc\libavrxmega6g1-4qt-k-0rs.a(touch_api.o) (start_cal_sensor)
../src/ASF/thirdparty/qtouch/generic/avr8/qtouch/lib/gcc\libavrxmega6g1-4qt-k-0rs.a(touch_burst_qt.o)
                              ../src/ASF/thirdparty/qtouch/generic/avr8/qtouch/lib/gcc\libavrxmega6g1-4qt-k-0rs.a(touch_api.o) (burst_init)
c:/program files (x86)/atmel/atmel toolchain/avr8 gcc/native/3.4.1056/avr8-gnu-toolchain/bin/../lib/gcc/avr/4.8.1/avrxmega6\libgcc.a(_mulsi3.o)
                              src/ASF/common/components/memory/sd_mmc/sd_mmc.o (__mulsi3)
c:/program files (x86)/atmel/atmel toolchain/avr8 gcc/native/3.4.1056/avr8-gnu-toolchain/bin/../lib/gcc/avr/4.8.1/avrxmega6\libgcc.a(_udivmodhi4.o)
                              src/ASF/xmega/drivers/usb/usb_device.o (__udivmodhi4)
c:/program files (x86)/atmel/atmel toolchain/avr8 gcc/native/3.4.1056/avr8-gnu-toolchain/bin/../lib/gcc/avr/4.8.1/avrxmega6\libgcc.a(_udivmodsi4.o)
                              src/base58.o (__udivmodsi4)
c:/program files (x86)/atmel/atmel toolchain/avr8 gcc/native/3.4.1056/avr8-gnu-toolchain/bin/../lib/gcc/avr/4.8.1/avrxmega6\libgcc.a(_exit.o)
                              c:/program files (x86)/atmel/atmel toolchain/avr8 gcc/native/3.4.1056/avr8-gnu-toolchain/bin/../lib/gcc/avr/4.8.1/../../../../avr/lib/avrxmega6/crtx384c3.o (exit)
c:/program files (x86)/atmel/atmel toolchain/avr8 gcc/native/3.4.1056/avr8-gnu-toolchain/bin/../lib/gcc/avr/4.8.1/avrxmega6\libgcc.a(_tablejump.o)
                              src/ASF/common/services/usb/class/msc/device/udi_msc.o (__tablejump2__)
c:/program files (x86)/atmel/atmel toolchain/avr8 gcc/native/3.4.1056/avr8-gnu-toolchain/bin/../lib/gcc/avr/4.8.1/avrxmega6\libgcc.a(_copy_data.o)
                              src/base58.o (__do_copy_data)
c:/program files (x86)/atmel/atmel toolchain/avr8 gcc/native/3.4.1056/avr8-gnu-toolchain/bin/../lib/gcc/avr/4.8.1/avrxmega6\libgcc.a(_clear_bss.o)
                              src/transaction.o (__do_clear_bss)
c:/program files (x86)/atmel/atmel toolchain/avr8 gcc/native/3.4.1056/avr8-gnu-toolchain/bin/../lib/gcc/avr/4.8.1/avrxmega6\libgcc.a(_umulhisi3.o)
                              src/base58.o (__umulhisi3)
c:/program files (x86)/atmel/atmel toolchain/avr8 gcc/native/3.4.1056/avr8-gnu-toolchain/bin/../lib/gcc/avr/4.8.1/avrxmega6\libgcc.a(_usmulhisi3.o)
                              src/ASF/common/services/calendar/calendar.o (__usmulhisi3)
c:/program files (x86)/atmel/atmel toolchain/avr8 gcc/native/3.4.1056/avr8-gnu-toolchain/bin/../lib/gcc/avr/4.8.1/avrxmega6\libgcc.a(_muluhisi3.o)
                              src/ASF/common/components/memory/sd_mmc/sd_mmc.o (__muluhisi3)
c:/program files (x86)/atmel/atmel toolchain/avr8 gcc/native/3.4.1056/avr8-gnu-toolchain/bin/../lib/gcc/avr/4.8.1/avrxmega6\libgcc.a(_mulshisi3.o)
                              src/ASF/common/components/memory/sd_mmc/sd_mmc.o (__mulshisi3)
c:/program files (x86)/atmel/atmel toolchain/avr8 gcc/native/3.4.1056/avr8-gnu-toolchain/bin/../lib/gcc/avr/4.8.1/avrxmega6\libgcc.a(_udivdi3.o)
                              src/ui.o (__umoddi3)
c:/program files (x86)/atmel/atmel toolchain/avr8 gcc/native/3.4.1056/avr8-gnu-toolchain/bin/../lib/gcc/avr/4.8.1/avrxmega6\libgcc.a(_udivmod64.o)
                              c:/program files (x86)/atmel/atmel toolchain/avr8 gcc/native/3.4.1056/avr8-gnu-toolchain/bin/../lib/gcc/avr/4.8.1/avrxmega6\libgcc.a(_udivdi3.o) (__udivmod64)
c:/program files (x86)/atmel/atmel toolchain/avr8 gcc/native/3.4.1056/avr8-gnu-toolchain/bin/../lib/gcc/avr/4.8.1/avrxmega6\libgcc.a(_prologue.o)
                              ../src/ASF/thirdparty/qtouch/generic/avr8/qtouch/lib/gcc\libavrxmega6g1-4qt-k-0rs.a(burst_1_1_10_0_1.o) (__prologue_saves__)
c:/program files (x86)/atmel/atmel toolchain/avr8 gcc/native/3.4.1056/avr8-gnu-toolchain/bin/../lib/gcc/avr/4.8.1/avrxmega6\libgcc.a(_epilogue.o)
                              ../src/ASF/thirdparty/qtouch/generic/avr8/qtouch/lib/gcc\libavrxmega6g1-4qt-k-0rs.a(burst_1_1_10_0_1.o) (__epilogue_restores__)
c:/program files (x86)/atmel/atmel toolchain/avr8 gcc/native/3.4.1056/avr8-gnu-toolchain/bin/../lib/gcc/avr/4.8.1/avrxmega6\libgcc.a(_ashldi3.o)
                              src/sha2.o (__ashldi3)
c:/program files (x86)/atmel/atmel toolchain/avr8 gcc/native/3.4.1056/avr8-gnu-toolchain/bin/../lib/gcc/avr/4.8.1/avrxmega6\libgcc.a(_ashrdi3.o)
                              src/sha2.o (__lshrdi3)
[...]
Memory Configuration

Name             Origin             Length             Attributes
text             0x00000000         0x00100000         xr
data             0x00802000         0x0000ffa0         rw !x
eeprom           0x00810000         0x00010000         rw !x
fuse             0x00820000         0x00000400         rw !x
lock             0x00830000         0x00000400         rw !x
signature        0x00840000         0x00000400         rw !x
user_signatures  0x00850000         0x00000400         rw !x
*default*        0x00000000         0xffffffff

Linker script and memory map

LOAD c:/program files (x86)/atmel/atmel toolchain/avr8 gcc/native/3.4.1056/avr8-gnu-toolchain/bin/../lib/gcc/avr/4.8.1/../../../../avr/lib/avrxmega6/crtx384c3.o
LOAD src/base58.o
LOAD src/ripemd160.o
LOAD src/sha2.o
LOAD src/transaction.o
LOAD src/ui.o
LOAD src/utils.o
LOAD src/wallet.o
LOAD src/app_touch.o
LOAD src/ASF/common/components/display/ssd1306/font.o
LOAD src/ASF/common/components/display/ssd1306/ssd1306.o
LOAD src/ASF/common/components/memory/sd_mmc/sd_mmc.o
LOAD src/ASF/common/components/memory/sd_mmc/sd_mmc_mem.o
LOAD src/ASF/common/components/memory/sd_mmc/sd_mmc_spi.o
LOAD src/ASF/common/services/calendar/calendar.o
LOAD src/ASF/common/services/clock/xmega/sysclk.o
LOAD src/ASF/common/services/fifo/fifo.o
LOAD src/ASF/common/services/gfx_mono/gfx_mono_framebuffer.o
LOAD src/ASF/common/services/gfx_mono/gfx_mono_generic.o
LOAD src/ASF/common/services/gfx_mono/gfx_mono_text.o
LOAD src/ASF/common/services/gfx_mono/gfx_mono_ug_2832hsweg04.o
LOAD src/ASF/common/services/gfx_mono/sysfont.o
LOAD src/ASF/common/services/ioport/xmega/ioport_compat.o
LOAD src/ASF/common/services/sleepmgr/xmega/sleepmgr.o
LOAD src/ASF/common/services/spi/xmega_usart_spi/usart_spi.o
LOAD src/ASF/common/services/storage/ctrl_access/ctrl_access.o
LOAD src/ASF/common/services/usb/class/cdc/device/udi_cdc.o
LOAD src/ASF/common/services/usb/class/composite/device/udi_composite_desc.o
LOAD src/ASF/common/services/usb/class/msc/device/udi_msc.o
LOAD src/ASF/common/services/usb/udc/udc.o
LOAD src/ASF/common/utils/stdio/read.o
LOAD src/ASF/common/utils/stdio/stdio_usb/stdio_usb.o
LOAD src/ASF/common/utils/stdio/write.o
LOAD src/ASF/thirdparty/fatfs/fatfs-port-r0.09/diskio.o
LOAD src/ASF/thirdparty/fatfs/fatfs-port-r0.09/xmega/fattime.o
LOAD src/ASF/thirdparty/fatfs/fatfs-r0.09/src/ff.o
LOAD src/ASF/thirdparty/fatfs/fatfs-r0.09/src/option/ccsbcs.o
LOAD src/ASF/thirdparty/qtouch/generic/avr8/qtouch/common/qt_asm_xmega.o
LOAD src/ASF/xmega/boards/xmega_c3_xplained/init.o
LOAD src/ASF/xmega/drivers/adc/adc.o
LOAD src/ASF/xmega/drivers/adc/xmega_bcd/adc_bcd.o
LOAD src/ASF/xmega/drivers/cpu/ccp.o
LOAD src/ASF/xmega/drivers/nvm/nvm.o
LOAD src/ASF/xmega/drivers/nvm/nvm_asm.o
LOAD src/ASF/xmega/drivers/rtc/rtc.o
LOAD src/ASF/xmega/drivers/tc/tc.o
LOAD src/ASF/xmega/drivers/usart/usart.o
LOAD src/ASF/xmega/drivers/usb/usb_device.o
LOAD src/base64.o
LOAD src/bitcoin.o
LOAD src/bytestream.o
LOAD src/ecc.o
LOAD src/hmac.o
LOAD src/main.o
START GROUP
LOAD ../src/ASF/thirdparty/qtouch/generic/avr8/qtouch/lib/gcc\libavrxmega6g1-4qt-k-0rs.a
LOAD c:/program files (x86)/atmel/atmel toolchain/avr8 gcc/native/3.4.1056/avr8-gnu-toolchain/bin/../lib/gcc/avr/4.8.1/../../../../avr/lib/avrxmega6\libm.a
END GROUP
Address of section .BOOT set to 0x60000
START GROUP
LOAD c:/program files (x86)/atmel/atmel toolchain/avr8 gcc/native/3.4.1056/avr8-gnu-toolchain/bin/../lib/gcc/avr/4.8.1/avrxmega6\libgcc.a
LOAD c:/program files (x86)/atmel/atmel toolchain/avr8 gcc/native/3.4.1056/avr8-gnu-toolchain/bin/../lib/gcc/avr/4.8.1/../../../../avr/lib/avrxmega6\libm.a
LOAD c:/program files (x86)/atmel/atmel toolchain/avr8 gcc/native/3.4.1056/avr8-gnu-toolchain/bin/../lib/gcc/avr/4.8.1/../../../../avr/lib/avrxmega6\libc.a
END GROUP

.hash
 *(.hash)

.dynsym
 *(.dynsym)

.dynstr
 *(.dynstr)

.gnu.version
 *(.gnu.version)

.gnu.version_d
 *(.gnu.version_d)

.gnu.version_r
 *(.gnu.version_r)

.rel.init
 *(.rel.init)

.rela.init
 *(.rela.init)

.rel.text
 *(.rel.text)
 *(.rel.text.*)
 *(.rel.gnu.linkonce.t*)

.rela.text
 *(.rela.text)
 *(.rela.text.*)
 *(.rela.gnu.linkonce.t*)

.rel.fini
 *(.rel.fini)

.rela.fini
 *(.rela.fini)

.rel.rodata
 *(.rel.rodata)
 *(.rel.rodata.*)
 *(.rel.gnu.linkonce.r*)

.rela.rodata
 *(.rela.rodata)
 *(.rela.rodata.*)
 *(.rela.gnu.linkonce.r*)

.rel.data
 *(.rel.data)
 *(.rel.data.*)
 *(.rel.gnu.linkonce.d*)

.rela.data
 *(.rela.data)
 *(.rela.data.*)
 *(.rela.gnu.linkonce.d*)

.rel.ctors
 *(.rel.ctors)

.rela.ctors
 *(.rela.ctors)

.rel.dtors
 *(.rel.dtors)

.rela.dtors
 *(.rela.dtors)

.rel.got
 *(.rel.got)

.rela.got
 *(.rela.got)

.rel.bss
 *(.rel.bss)

.rela.bss
 *(.rela.bss)

.rel.plt
 *(.rel.plt)

.rela.plt
 *(.rela.plt)

.text           0x00000000    0x19a2c
 *(.vectors)
 .vectors       0x00000000      0x1fc c:/program files (x86)/atmel/atmel toolchain/avr8 gcc/native/3.4.1056/avr8-gnu-toolchain/bin/../lib/gcc/avr/4.8.1/../../../../avr/lib/avrxmega6/crtx384c3.o
                0x00000000                __vector_default
                0x00000000                __vectors
 *(.vectors)
 *(.progmem.gcc*)
 .progmem.gcc_sw_table.udi_msc_cbw_received
                0x000001fc       0xb6 src/ASF/common/services/usb/class/msc/device/udi_msc.o
 .progmem.gcc_sw_table.udd_ep_get_size
                0x000002b2        0xe src/ASF/xmega/drivers/usb/usb_device.o
                0x000002c0                . = ALIGN (0x2)
                0x000002c0                __trampolines_start = .
 *(.trampolines)
 .trampolines   0x000002c0        0x0 linker stubs
 *(.trampolines*)
                0x000002c0                __trampolines_end = .
 *(.progmem*)
 .progmem.data.sysfont_glyphs
                0x000002c0      0x292 src/ASF/common/services/gfx_mono/sysfont.o
 .progmem.data.base64_alphabet
                0x00000552       0x40 src/base64.o
                0x00000552                base64_alphabet
                0x00000592                . = ALIGN (0x2)
 *(.jumptables)
 *(.jumptables*)
 *(.lowtext)
 *(.lowtext*)
                0x00000592                __ctors_start = .
 *(.ctors)
                0x00000592                __ctors_end = .
                0x00000592                __dtors_start = .
 *(.dtors)
                0x00000592                __dtors_end = .
 SORT(*)(.ctors)
 SORT(*)(.dtors)
 *(.init0)
 .init0         0x00000592        0x0 c:/program files (x86)/atmel/atmel toolchain/avr8 gcc/native/3.4.1056/avr8-gnu-toolchain/bin/../lib/gcc/avr/4.8.1/../../../../avr/lib/avrxmega6/crtx384c3.o
                0x00000592                __init
 *(.init0)
 *(.init1)
 *(.init1)
 *(.init2)
 .init2         0x00000592       0x10 c:/program files (x86)/atmel/atmel toolchain/avr8 gcc/native/3.4.1056/avr8-gnu-toolchain/bin/../lib/gcc/avr/4.8.1/../../../../avr/lib/avrxmega6/crtx384c3.o
 *(.init2)
 *(.init3)
 *(.init3)
 *(.init4)
 .init4         0x000005a2       0x1a c:/program files (x86)/atmel/atmel toolchain/avr8 gcc/native/3.4.1056/avr8-gnu-toolchain/bin/../lib/gcc/avr/4.8.1/avrxmega6\libgcc.a(_copy_data.o)
                0x000005a2                __do_copy_data
 .init4         0x000005bc       0x10 c:/program files (x86)/atmel/atmel toolchain/avr8 gcc/native/3.4.1056/avr8-gnu-toolchain/bin/../lib/gcc/avr/4.8.1/avrxmega6\libgcc.a(_clear_bss.o)
                0x000005bc                __do_clear_bss
 *(.init4)
 *(.init5)
 *(.init5)
 *(.init6)
 *(.init6)
 *(.init7)
 *(.init7)
 *(.init8)
 *(.init8)
 *(.init9)
 .init9         0x000005cc        0x8 c:/program files (x86)/atmel/atmel toolchain/avr8 gcc/native/3.4.1056/avr8-gnu-toolchain/bin/../lib/gcc/avr/4.8.1/../../../../avr/lib/avrxmega6/crtx384c3.o
 *(.init9)
 *(.text)
 .text          0x000005d4        0x2 c:/program files (x86)/atmel/atmel toolchain/avr8 gcc/native/3.4.1056/avr8-gnu-toolchain/bin/../lib/gcc/avr/4.8.1/../../../../avr/lib/avrxmega6/crtx384c3.o
                0x000005d4                __vector_38
                0x000005d4                __vector_104
                0x000005d4                __vector_63
                0x000005d4                __vector_28
                0x000005d4                __vector_67
                0x000005d4                __vector_1
                0x000005d4                __vector_119
                0x000005d4                __vector_32
                0x000005d4                __vector_75
                0x000005d4                __vector_71
                0x000005d4                __vector_91
                0x000005d4                __vector_34
                0x000005d4                __vector_62
                0x000005d4                __vector_102
                0x000005d4                __vector_24
                0x000005d4                __vector_12
                0x000005d4                __vector_55
                0x000005d4                __vector_69
                0x000005d4                __vector_90
                0x000005d4                __vector_46
                0x000005d4                __bad_interrupt
                0x000005d4                __vector_122
                0x000005d4                __vector_72
                0x000005d4                __vector_114
                0x000005d4                __vector_6
                0x000005d4                __vector_31
                0x000005d4                __vector_92
                0x000005d4                __vector_35
                0x000005d4                __vector_74
                0x000005d4                __vector_117
                0x000005d4                __vector_39
                0x000005d4                __vector_107
                0x000005d4                __vector_3
                0x000005d4                __vector_105
                0x000005d4                __vector_98
                0x000005d4                __vector_68
                0x000005d4                __vector_30
                0x000005d4                __vector_73
                0x000005d4                __vector_45
                0x000005d4                __vector_25
                0x000005d4                __vector_93
                0x000005d4                __vector_61
                0x000005d4                __vector_54
                0x000005d4                __vector_99
                0x000005d4                __vector_13
                0x000005d4                __vector_56
                0x000005d4                __vector_7
                0x000005d4                __vector_123
                0x000005d4                __vector_41
                0x000005d4                __vector_86
                0x000005d4                __vector_100
                0x000005d4                __vector_101
                0x000005d4                __vector_64
                0x000005d4                __vector_88
                0x000005d4                __vector_43
                0x000005d4                __vector_27
                0x000005d4                __vector_5
                0x000005d4                __vector_33
                0x000005d4                __vector_76
                0x000005d4                __vector_115
                0x000005d4                __vector_37
                0x000005d4                __vector_95
                0x000005d4                __vector_103
                0x000005d4                __vector_96
                0x000005d4                __vector_89
                0x000005d4                __vector_4
                0x000005d4                __vector_44
                0x000005d4                __vector_106
                0x000005d4                __vector_118
                0x000005d4                __vector_9
                0x000005d4                __vector_2
                0x000005d4                __vector_66
                0x000005d4                __vector_36
                0x000005d4                __vector_58
                0x000005d4                __vector_70
                0x000005d4                __vector_83
                0x000005d4                __vector_29
                0x000005d4                __vector_60
                0x000005d4                __vector_121
                0x000005d4                __vector_40
                0x000005d4                __vector_85
                0x000005d4                __vector_94
                0x000005d4                __vector_8
                0x000005d4                __vector_26
                0x000005d4                __vector_124
                0x000005d4                __vector_116
                0x000005d4                __vector_84
                0x000005d4                __vector_57
                0x000005d4                __vector_53
                0x000005d4                __vector_59
                0x000005d4                __vector_97
                0x000005d4                __vector_42
                0x000005d4                __vector_87
                0x000005d4                __vector_65
                0x000005d4                __vector_120
 .text          0x000005d6       0x3c src/ASF/thirdparty/qtouch/generic/avr8/qtouch/common/qt_asm_xmega.o
                0x000005d6                _1101010101_
                0x000005ec                _1101010111_
                0x00000608                _1101010110_
 .text          0x00000612      0x1b2 ../src/ASF/thirdparty/qtouch/generic/avr8/qtouch/lib/gcc\libavrxmega6g1-4qt-k-0rs.a(burst_1_1_10_0_1.o)
                0x00000612                burst_1_1_10_0_1
 .text          0x000007c4      0x27a ../src/ASF/thirdparty/qtouch/generic/avr8/qtouch/lib/gcc\libavrxmega6g1-4qt-k-0rs.a(touch_api.o)
                0x000007c4                qt_get_library_sig
                0x000007dc                qt_enable_key
                0x00000810                qt_get_sensor_delta
                0x000008bc                qt_measure_sensors
                0x000009b0                qt_reset_sensing
                0x000009e6                qt_calibrate_sensing
                0x000009fe                qt_init_sensing_with_burst
 .text          0x00000a3e      0x63c ../src/ASF/thirdparty/qtouch/generic/avr8/qtouch/lib/gcc\libavrxmega6g1-4qt-k-0rs.a(touch_process.o)
                0x00000a3e                start_cal_sensor
                0x00000a96                get_channel_delta
                0x00000ac0                process_sensor
 .text          0x0000107a       0x66 ../src/ASF/thirdparty/qtouch/generic/avr8/qtouch/lib/gcc\libavrxmega6g1-4qt-k-0rs.a(touch_burst_qt.o)
                0x0000107a                burst_init
                0x00001084                burst_reset
                0x000010a6                burst
                0x000010e0                . = ALIGN (0x2)
 *(.text.*)
 .text.base58_encode
                0x000010e0      0x212 src/base58.o
                0x000010e0                base58_encode
 .text.compress
                0x000012f2     0x7aa2 src/ripemd160.o
 .text.ripemd160
                0x00008d94      0x39c src/ripemd160.o
                0x00008d94                ripemd160
 .text.sha256_Init
                0x00009130       0x3e src/sha2.o
                0x00009130                sha256_Init
 .text.sha256_Transform
                0x0000916e      0xa24 src/sha2.o
                0x0000916e                sha256_Transform
 .text.sha256_Update
                0x00009b92      0x1fc src/sha2.o
                0x00009b92                sha256_Update
 .text.sha256_Final
                0x00009d8e      0x2bc src/sha2.o
                0x00009d8e                sha256_Final
 .text.sha256_Raw
                0x0000a04a       0x56 src/sha2.o
                0x0000a04a                sha256_Raw
 .text.armtx_get_txin_cnt
                0x0000a0a0       0x2a src/transaction.o
                0x0000a0a0                armtx_get_txin_cnt
 .text.armtx_get_txin_pos
                0x0000a0ca       0x72 src/transaction.o
                0x0000a0ca                armtx_get_txin_pos
 .text.armtx_get_txin_len
                0x0000a13c       0x16 src/transaction.o
                0x0000a13c                armtx_get_txin_len
 .text.armtx_get_txin_data_pos
                0x0000a152       0x14 src/transaction.o
                0x0000a152                armtx_get_txin_data_pos
 .text.armtx_get_txin_previndex
                0x0000a166       0x4e src/transaction.o
                0x0000a166                armtx_get_txin_previndex
 .text.armtx_get_txin_supptx_pos
                0x0000a1b4       0x26 src/transaction.o
                0x0000a1b4                armtx_get_txin_supptx_pos
 .text.armtx_get_txin_supptx_len
                0x0000a1da       0x16 src/transaction.o
                0x0000a1da                armtx_get_txin_supptx_len
 .text.armtx_get_txin_sequence_pos
                0x0000a1f0       0x8c src/transaction.o
                0x0000a1f0                armtx_get_txin_sequence_pos
 .text.armtx_get_txin_pubkey_pos
                0x0000a27c       0x26 src/transaction.o
                0x0000a27c                armtx_get_txin_pubkey_pos
 .text.armtx_get_txin_pubkey
                0x0000a2a2       0x2e src/transaction.o
                0x0000a2a2                armtx_get_txin_pubkey
 .text.armtx_get_txout_cnt_pos
                0x0000a2d0       0x4a src/transaction.o
                0x0000a2d0                armtx_get_txout_cnt_pos
 .text.armtx_get_txout_cnt
                0x0000a31a       0x16 src/transaction.o
                0x0000a31a                armtx_get_txout_cnt
 .text.armtx_get_txout_pos
                0x0000a330       0x72 src/transaction.o
                0x0000a330                armtx_get_txout_pos
 .text.armtx_get_txout_len
                0x0000a3a2       0x16 src/transaction.o
                0x0000a3a2                armtx_get_txout_len
 .text.armtx_get_txout_data_pos
                0x0000a3b8       0x14 src/transaction.o
                0x0000a3b8                armtx_get_txout_data_pos
 .text.armtx_get_txout_script_pos
                0x0000a3cc       0x26 src/transaction.o
                0x0000a3cc                armtx_get_txout_script_pos
 .text.armtx_get_txout_script_len
                0x0000a3f2       0x16 src/transaction.o
                0x0000a3f2                armtx_get_txout_script_len
 .text.armtx_get_txout_script
                0x0000a408       0x2e src/transaction.o
                0x0000a408                armtx_get_txout_script
 .text.armtx_get_txout_value_pos
                0x0000a436       0x40 src/transaction.o
                0x0000a436                armtx_get_txout_value_pos
 .text.armtx_get_txout_value
                0x0000a476       0x46 src/transaction.o
                0x0000a476                armtx_get_txout_value
 .text.armtx_get_total_outputvalue
                0x0000a4bc       0xd4 src/transaction.o
                0x0000a4bc                armtx_get_total_outputvalue
 .text.tx_get_txin_cnt
                0x0000a590       0x2a src/transaction.o
                0x0000a590                tx_get_txin_cnt
 .text.tx_get_txin_pos
                0x0000a5ba       0x86 src/transaction.o
                0x0000a5ba                tx_get_txin_pos
 .text.tx_get_txout_cnt_pos
                0x0000a640       0x5e src/transaction.o
                0x0000a640                tx_get_txout_cnt_pos
 .text.tx_get_txout_cnt
                0x0000a69e       0x16 src/transaction.o
                0x0000a69e                tx_get_txout_cnt
 .text.tx_get_txout_pos
                0x0000a6b4       0x84 src/transaction.o
                0x0000a6b4                tx_get_txout_pos
 .text.tx_get_txout_value
                0x0000a738       0x46 src/transaction.o
                0x0000a738                tx_get_txout_value
 .text.armtx_get_txin_inputvalue
                0x0000a77e       0x6c src/transaction.o
                0x0000a77e                armtx_get_txin_inputvalue
 .text.armtx_get_total_inputvalue
                0x0000a7ea       0xd4 src/transaction.o
                0x0000a7ea                armtx_get_total_inputvalue
 .text.armtx_get_fee
                0x0000a8be       0x86 src/transaction.o
                0x0000a8be                armtx_get_fee
 .text.armtx_build_unsigned_txhash
                0x0000a944      0x316 src/transaction.o
                0x0000a944                armtx_build_unsigned_txhash
 .text.armtx_get_uniqueid
                0x0000ac5a       0x5a src/transaction.o
                0x0000ac5a                armtx_get_uniqueid
 .text.build_DER_sig
                0x0000acb4      0x154 src/transaction.o
                0x0000acb4                build_DER_sig
 .text.armtx_build_txin_sig
                0x0000ae08       0x54 src/transaction.o
                0x0000ae08                armtx_build_txin_sig
 .text.armtx_push_base64blocks_to_file_init
                0x0000ae5c       0x56 src/transaction.o
                0x0000ae5c                armtx_push_base64blocks_to_file_init
 .text.armtx_push_base64blocks_to_file_update
                0x0000aeb2      0x16c src/transaction.o
                0x0000aeb2                armtx_push_base64blocks_to_file_update
 .text.armtx_push_base64blocks_to_file_final
                0x0000b01e       0x98 src/transaction.o
                0x0000b01e                armtx_push_base64blocks_to_file_final
 .text.armtx_fetch_unsigned_file
                0x0000b0b6       0xcc src/transaction.o
                0x0000b0b6                armtx_fetch_unsigned_file
 .text.armtx_build_signed_file
                0x0000b182      0x33c src/transaction.o
                0x0000b182                armtx_build_signed_file
 .text.armtx_get_latest_unsigned_file
                0x0000b4be      0x166 src/transaction.o
                0x0000b4be                armtx_get_latest_unsigned_file
 .text._ui_set_qtb
                0x0000b624       0x32 src/ui.o
                0x0000b624                _ui_set_qtb
 .text._ui_qtb_action
                0x0000b656       0x7c src/ui.o
                0x0000b656                _ui_qtb_action
 .text._ui_scan_buttons
                0x0000b6d2       0xf6 src/ui.o
                0x0000b6d2                _ui_scan_buttons
 .text._ui_set_sw0
                0x0000b7c8       0x46 src/ui.o
                0x0000b7c8                _ui_set_sw0
 .text._ui_set_sw1
                0x0000b80e       0x46 src/ui.o
                0x0000b80e                _ui_set_sw1
 .text._ui_clear
                0x0000b854       0x1e src/ui.o
                0x0000b854                _ui_clear
 .text.ui_screen_menu
                0x0000b872       0x24 src/ui.o
                0x0000b872                ui_screen_menu
 .text.ui_screen_menu_setupwlt
                0x0000b896       0x3a src/ui.o
                0x0000b896                ui_screen_menu_setupwlt
 .text.ui_screen_menu_setupwlt_createonchip
                0x0000b8d0       0x2c src/ui.o
                0x0000b8d0                ui_screen_menu_setupwlt_createonchip
 .text.ui_screen_menu_exportwlt
                0x0000b8fc       0x24 src/ui.o
                0x0000b8fc                ui_screen_menu_exportwlt
 .text.ui_screen_menu_exportwlt_erase
                0x0000b920       0x12 src/ui.o
                0x0000b920                ui_screen_menu_exportwlt_erase
 .text.ui_screen_menu_exportwlt_rootkeyfile
                0x0000b932       0x2c src/ui.o
                0x0000b932                ui_screen_menu_exportwlt_rootkeyfile
 .text.ui_screen_menu_exportwlt_watchonly
                0x0000b95e       0xb0 src/ui.o
                0x0000b95e                ui_screen_menu_exportwlt_watchonly
 .text.ui_screen_menu_exportwlt_showrootkey
                0x0000ba0e       0x2c src/ui.o
                0x0000ba0e                ui_screen_menu_exportwlt_showrootkey
 .text.ui_screen_menu_browsetxs
                0x0000ba3a       0x2c src/ui.o
                0x0000ba3a                ui_screen_menu_browsetxs
 .text.ui_screen_menu_selectwlt
                0x0000ba66       0x2c src/ui.o
                0x0000ba66                ui_screen_menu_selectwlt
 .text.ui_screen_menu_changepin
                0x0000ba92       0x2c src/ui.o
                0x0000ba92                ui_screen_menu_changepin
 .text.ui_screen_signtx
                0x0000babe      0x168 src/ui.o
                0x0000babe                ui_screen_signtx
 .text.ui_screen_menu_list
                0x0000bc26       0xcc src/ui.o
                0x0000bc26                ui_screen_menu_list
 .text.ui_screen_menu_erasewlt
                0x0000bcf2       0x8a src/ui.o
                0x0000bcf2                ui_screen_menu_erasewlt
 .text.ui_screen_menu_erasewlt_erase
                0x0000bd7c      0x100 src/ui.o
                0x0000bd7c                ui_screen_menu_erasewlt_erase
 .text.ui_screen_menu_setupwlt_list
                0x0000be7c       0x72 src/ui.o
                0x0000be7c                ui_screen_menu_setupwlt_list
 .text.ui_screen_menu_setupwlt_wltfile
                0x0000beee       0xf6 src/ui.o
                0x0000beee                ui_screen_menu_setupwlt_wltfile
 .text.ui_screen_menu_setupwlt_rootkeyfile
                0x0000bfe4       0xf6 src/ui.o
                0x0000bfe4                ui_screen_menu_setupwlt_rootkeyfile
 .text.ui_screen_menu_setupwlt_import
                0x0000c0da      0x144 src/ui.o
                0x0000c0da                ui_screen_menu_setupwlt_import
 .text.ui_screen_menu_exportwlt_list
                0x0000c21e       0x72 src/ui.o
                0x0000c21e                ui_screen_menu_exportwlt_list
 .text.ui_screen_opentx
                0x0000c290       0x54 src/ui.o
                0x0000c290                ui_screen_opentx
 .text.ui_screen_home
                0x0000c2e4       0xe4 src/ui.o
                0x0000c2e4                ui_screen_home
 .text._ui_init
                0x0000c3c8       0x22 src/ui.o
                0x0000c3c8                _ui_init
 .text.ui_screen_menu_setupwlt_erase
                0x0000c3ea       0xa8 src/ui.o
                0x0000c3ea                ui_screen_menu_setupwlt_erase
 .text._ui_format_amount
                0x0000c492      0x266 src/ui.o
                0x0000c492                _ui_format_amount
 .text.ui_screen_opentx_list
                0x0000c6f8      0x1d0 src/ui.o
                0x0000c6f8                ui_screen_opentx_list
 .text.binary_to_easyType16
                0x0000c8c8       0x9a src/utils.o
                0x0000c8c8                binary_to_easyType16
 .text.easyType16_to_binary
                0x0000c962       0xf0 src/utils.o
                0x0000c962                easyType16_to_binary
 .text.makeSixteenBytesEasy
                0x0000ca52       0x5a src/utils.o
                0x0000ca52                makeSixteenBytesEasy
 .text.readSixteenEasyBytes
                0x0000caac       0x7e src/utils.o
                0x0000caac                readSixteenEasyBytes
 .text.securely_erase_file
                0x0000cb2a       0xde src/utils.o
                0x0000cb2a                securely_erase_file
 .text.scan_for_file
                0x0000cc08      0x11e src/utils.o
                0x0000cc08                scan_for_file
 .text.armwlt_build_rootpubkey_file
                0x0000cd26      0x1ae src/wallet.o
                0x0000cd26                armwlt_build_rootpubkey_file
 .text.armwlt_eep_create_wallet
                0x0000ced4      0x10c src/wallet.o
                0x0000ced4                armwlt_eep_create_wallet
 .text.armwlt_eep_erase_wallet
                0x0000cfe0       0xb4 src/wallet.o
                0x0000cfe0                armwlt_eep_erase_wallet
 .text.armwlt_read_wallet_file
                0x0000d094       0xc0 src/wallet.o
                0x0000d094                armwlt_read_wallet_file
 .text.armwlt_read_rootkey_file
                0x0000d154       0xc8 src/wallet.o
                0x0000d154                armwlt_read_rootkey_file
 .text.armwlt_eep_read_wallet
                0x0000d21c      0x11a src/wallet.o
                0x0000d21c                armwlt_eep_read_wallet
 .text.get_wallet_mapblock
                0x0000d336      0x232 src/wallet.o
                0x0000d336                get_wallet_mapblock
 .text.compute_chained_privkey
                0x0000d568       0xc6 src/wallet.o
                0x0000d568                compute_chained_privkey
 .text.armwl_get_privkey_from_pubkey
                0x0000d62e      0x19a src/wallet.o
                0x0000d62e                armwl_get_privkey_from_pubkey
 .text.derive_chaincode_from_rootkey
                0x0000d7c8       0x84 src/wallet.o
                0x0000d7c8                derive_chaincode_from_rootkey
 .text.armwlt_create_instance2
                0x0000d84c       0xdc src/wallet.o
                0x0000d84c                armwlt_create_instance2
 .text.armwlt_create_instance
                0x0000d928      0x10a src/wallet.o
                0x0000d928                armwlt_create_instance
 .text.app_touch_tc_interrupt_callback
                0x0000da32       0x1a src/app_touch.o
 .text.app_touch_init
                0x0000da4c       0xac src/app_touch.o
                0x0000da4c                app_touch_init
 .text.app_touch_task
                0x0000daf8       0x1e src/app_touch.o
                0x0000daf8                app_touch_task
 .text.app_touch_check_key_pressed
                0x0000db16       0x2a src/app_touch.o
                0x0000db16                app_touch_check_key_pressed
 .text.ssd1306_write_command
                0x0000db40       0x62 src/ASF/common/components/display/ssd1306/ssd1306.o
 .text.ssd1306_init
                0x0000dba2       0xd4 src/ASF/common/components/display/ssd1306/ssd1306.o
                0x0000dba2                ssd1306_init
 .text.sd_mmc_configure_slot
                0x0000dc76       0x2a src/ASF/common/components/memory/sd_mmc/sd_mmc.o
 .text.sd_mmc_select_slot
                0x0000dca0       0xc4 src/ASF/common/components/memory/sd_mmc/sd_mmc.o
 .text.sd_mmc_cmd13
                0x0000dd64       0x60 src/ASF/common/components/memory/sd_mmc/sd_mmc.o
 .text.sd_mmc_cmd9_spi
                0x0000ddc4       0x64 src/ASF/common/components/memory/sd_mmc/sd_mmc.o
 .text.sd_mmc_deselect_slot
                0x0000de28        0xe src/ASF/common/components/memory/sd_mmc/sd_mmc.o
 .text.sd_mmc_init
                0x0000de36       0x12 src/ASF/common/components/memory/sd_mmc/sd_mmc.o
                0x0000de36                sd_mmc_init
 .text.sd_mmc_check
                0x0000de48      0x832 src/ASF/common/components/memory/sd_mmc/sd_mmc.o
                0x0000de48                sd_mmc_check
 .text.sd_mmc_get_type
                0x0000e67a       0x18 src/ASF/common/components/memory/sd_mmc/sd_mmc.o
                0x0000e67a                sd_mmc_get_type
 .text.sd_mmc_get_capacity
                0x0000e692       0x22 src/ASF/common/components/memory/sd_mmc/sd_mmc.o
                0x0000e692                sd_mmc_get_capacity
 .text.sd_mmc_is_write_protected
                0x0000e6b4        0x4 src/ASF/common/components/memory/sd_mmc/sd_mmc.o
                0x0000e6b4                sd_mmc_is_write_protected
 .text.sd_mmc_init_read_blocks
                0x0000e6b8       0xaa src/ASF/common/components/memory/sd_mmc/sd_mmc.o
                0x0000e6b8                sd_mmc_init_read_blocks
 .text.sd_mmc_start_read_blocks
                0x0000e762       0x34 src/ASF/common/components/memory/sd_mmc/sd_mmc.o
                0x0000e762                sd_mmc_start_read_blocks
 .text.sd_mmc_wait_end_of_read_blocks
                0x0000e796       0x6a src/ASF/common/components/memory/sd_mmc/sd_mmc.o
                0x0000e796                sd_mmc_wait_end_of_read_blocks
 .text.sd_mmc_init_write_blocks
                0x0000e800       0x9e src/ASF/common/components/memory/sd_mmc/sd_mmc.o
                0x0000e800                sd_mmc_init_write_blocks
 .text.sd_mmc_start_write_blocks
                0x0000e89e       0x34 src/ASF/common/components/memory/sd_mmc/sd_mmc.o
                0x0000e89e                sd_mmc_start_write_blocks
 .text.sd_mmc_wait_end_of_write_blocks
                0x0000e8d2       0x46 src/ASF/common/components/memory/sd_mmc/sd_mmc.o
                0x0000e8d2                sd_mmc_wait_end_of_write_blocks
 .text.sd_mmc_test_unit_ready
                0x0000e918       0x4c src/ASF/common/components/memory/sd_mmc/sd_mmc_mem.o
                0x0000e918                sd_mmc_test_unit_ready
 .text.sd_mmc_test_unit_ready_0
                0x0000e964        0x6 src/ASF/common/components/memory/sd_mmc/sd_mmc_mem.o
                0x0000e964                sd_mmc_test_unit_ready_0
 .text.sd_mmc_read_capacity
                0x0000e96a       0x34 src/ASF/common/components/memory/sd_mmc/sd_mmc_mem.o
                0x0000e96a                sd_mmc_read_capacity
 .text.sd_mmc_read_capacity_0
                0x0000e99e        0x8 src/ASF/common/components/memory/sd_mmc/sd_mmc_mem.o
                0x0000e99e                sd_mmc_read_capacity_0
 .text.sd_mmc_wr_protect_0
                0x0000e9a6        0x6 src/ASF/common/components/memory/sd_mmc/sd_mmc_mem.o
                0x0000e9a6                sd_mmc_wr_protect_0
 .text.sd_mmc_removal_0
                0x0000e9ac        0x4 src/ASF/common/components/memory/sd_mmc/sd_mmc_mem.o
                0x0000e9ac                sd_mmc_removal_0
 .text.sd_mmc_usb_read_10
                0x0000e9b0       0xba src/ASF/common/components/memory/sd_mmc/sd_mmc_mem.o
                0x0000e9b0                sd_mmc_usb_read_10
 .text.sd_mmc_usb_read_10_0
                0x0000ea6a        0xc src/ASF/common/components/memory/sd_mmc/sd_mmc_mem.o
                0x0000ea6a                sd_mmc_usb_read_10_0
 .text.sd_mmc_usb_write_10
                0x0000ea76       0xc0 src/ASF/common/components/memory/sd_mmc/sd_mmc_mem.o
                0x0000ea76                sd_mmc_usb_write_10
 .text.sd_mmc_usb_write_10_0
                0x0000eb36        0xc src/ASF/common/components/memory/sd_mmc/sd_mmc_mem.o
                0x0000eb36                sd_mmc_usb_write_10_0
 .text.sd_mmc_mem_2_ram
                0x0000eb42       0x3e src/ASF/common/components/memory/sd_mmc/sd_mmc_mem.o
                0x0000eb42                sd_mmc_mem_2_ram
 .text.sd_mmc_mem_2_ram_0
                0x0000eb80        0xc src/ASF/common/components/memory/sd_mmc/sd_mmc_mem.o
                0x0000eb80                sd_mmc_mem_2_ram_0
 .text.sd_mmc_ram_2_mem
                0x0000eb8c       0x3e src/ASF/common/components/memory/sd_mmc/sd_mmc_mem.o
                0x0000eb8c                sd_mmc_ram_2_mem
 .text.sd_mmc_ram_2_mem_0
                0x0000ebca        0xc src/ASF/common/components/memory/sd_mmc/sd_mmc_mem.o
                0x0000ebca                sd_mmc_ram_2_mem_0
 .text.sd_mmc_spi_start_write_block
                0x0000ebd6       0x50 src/ASF/common/components/memory/sd_mmc/sd_mmc_spi.o
 .text.sd_mmc_spi_wait_busy
                0x0000ec26       0x9a src/ASF/common/components/memory/sd_mmc/sd_mmc_spi.o
 .text.sd_mmc_spi_stop_multiwrite_block
                0x0000ecc0       0x9c src/ASF/common/components/memory/sd_mmc/sd_mmc_spi.o
 .text.sd_mmc_spi_start_read_block
                0x0000ed5c       0x8c src/ASF/common/components/memory/sd_mmc/sd_mmc_spi.o
 .text.sd_mmc_spi_stop_write_block
                0x0000ede8       0x72 src/ASF/common/components/memory/sd_mmc/sd_mmc_spi.o
 .text.sd_mmc_spi_init
                0x0000ee5a        0xc src/ASF/common/components/memory/sd_mmc/sd_mmc_spi.o
                0x0000ee5a                sd_mmc_spi_init
 .text.sd_mmc_spi_select_device
                0x0000ee66       0x4a src/ASF/common/components/memory/sd_mmc/sd_mmc_spi.o
                0x0000ee66                sd_mmc_spi_select_device
 .text.sd_mmc_spi_deselect_device
                0x0000eeb0       0x14 src/ASF/common/components/memory/sd_mmc/sd_mmc_spi.o
                0x0000eeb0                sd_mmc_spi_deselect_device
 .text.sd_mmc_spi_send_clock
                0x0000eec4       0x34 src/ASF/common/components/memory/sd_mmc/sd_mmc_spi.o
                0x0000eec4                sd_mmc_spi_send_clock
 .text.sd_mmc_spi_adtc_start
                0x0000eef8      0x1d8 src/ASF/common/components/memory/sd_mmc/sd_mmc_spi.o
                0x0000eef8                sd_mmc_spi_adtc_start
 .text.sd_mmc_spi_send_cmd
                0x0000f0d0       0x22 src/ASF/common/components/memory/sd_mmc/sd_mmc_spi.o
                0x0000f0d0                sd_mmc_spi_send_cmd
 .text.sd_mmc_spi_get_response
                0x0000f0f2       0x12 src/ASF/common/components/memory/sd_mmc/sd_mmc_spi.o
                0x0000f0f2                sd_mmc_spi_get_response
 .text.sd_mmc_spi_read_word
                0x0000f104       0xb8 src/ASF/common/components/memory/sd_mmc/sd_mmc_spi.o
                0x0000f104                sd_mmc_spi_read_word
 .text.sd_mmc_spi_start_read_blocks
                0x0000f1bc       0xca src/ASF/common/components/memory/sd_mmc/sd_mmc_spi.o
                0x0000f1bc                sd_mmc_spi_start_read_blocks
 .text.sd_mmc_spi_wait_end_of_read_blocks
                0x0000f286        0x4 src/ASF/common/components/memory/sd_mmc/sd_mmc_spi.o
                0x0000f286                sd_mmc_spi_wait_end_of_read_blocks
 .text.sd_mmc_spi_start_write_blocks
                0x0000f28a       0xaa src/ASF/common/components/memory/sd_mmc/sd_mmc_spi.o
                0x0000f28a                sd_mmc_spi_start_write_blocks
 .text.sd_mmc_spi_wait_end_of_write_blocks
                0x0000f334       0x12 src/ASF/common/components/memory/sd_mmc/sd_mmc_spi.o
                0x0000f334                sd_mmc_spi_wait_end_of_write_blocks
 .text.calendar_leapyear
                0x0000f346       0x6e src/ASF/common/services/calendar/calendar.o
 .text.calendar_timestamp_to_date
                0x0000f3b4      0x1a4 src/ASF/common/services/calendar/calendar.o
                0x0000f3b4                calendar_timestamp_to_date
 .text.sysclk_init
                0x0000f558       0xf4 src/ASF/common/services/clock/xmega/sysclk.o
                0x0000f558                sysclk_init
 .text.sysclk_enable_module
                0x0000f64c       0x18 src/ASF/common/services/clock/xmega/sysclk.o
                0x0000f64c                sysclk_enable_module
 .text.sysclk_disable_module
                0x0000f664       0x16 src/ASF/common/services/clock/xmega/sysclk.o
                0x0000f664                sysclk_disable_module
 .text.sysclk_enable_usb
                0x0000f67a       0x6e src/ASF/common/services/clock/xmega/sysclk.o
                0x0000f67a                sysclk_enable_usb
 .text.sysclk_disable_usb
                0x0000f6e8       0x12 src/ASF/common/services/clock/xmega/sysclk.o
                0x0000f6e8                sysclk_disable_usb
 .text.gfx_mono_set_framebuffer
                0x0000f6fa        0xa src/ASF/common/services/gfx_mono/gfx_mono_framebuffer.o
                0x0000f6fa                gfx_mono_set_framebuffer
 .text.gfx_mono_framebuffer_put_byte
                0x0000f704       0x1e src/ASF/common/services/gfx_mono/gfx_mono_framebuffer.o
                0x0000f704                gfx_mono_framebuffer_put_byte
 .text.gfx_mono_framebuffer_get_byte
                0x0000f722       0x1e src/ASF/common/services/gfx_mono/gfx_mono_framebuffer.o
                0x0000f722                gfx_mono_framebuffer_get_byte
 .text.gfx_mono_generic_draw_horizontal_line
                0x0000f740       0xe6 src/ASF/common/services/gfx_mono/gfx_mono_generic.o
                0x0000f740                gfx_mono_generic_draw_horizontal_line
 .text.gfx_mono_generic_draw_filled_rect
                0x0000f826       0x36 src/ASF/common/services/gfx_mono/gfx_mono_generic.o
                0x0000f826                gfx_mono_generic_draw_filled_rect
 .text.gfx_mono_draw_char
                0x0000f85c       0xba src/ASF/common/services/gfx_mono/gfx_mono_text.o
                0x0000f85c                gfx_mono_draw_char
 .text.gfx_mono_draw_string
                0x0000f916       0x52 src/ASF/common/services/gfx_mono/gfx_mono_text.o
                0x0000f916                gfx_mono_draw_string
 .text.ssd1306_write_command
                0x0000f968       0x5e src/ASF/common/services/gfx_mono/gfx_mono_ug_2832hsweg04.o
 .text.gfx_mono_ssd1306_put_byte
                0x0000f9c6       0x9e src/ASF/common/services/gfx_mono/gfx_mono_ug_2832hsweg04.o
                0x0000f9c6                gfx_mono_ssd1306_put_byte
 .text.gfx_mono_ssd1306_init
                0x0000fa64       0x36 src/ASF/common/services/gfx_mono/gfx_mono_ug_2832hsweg04.o
                0x0000fa64                gfx_mono_ssd1306_init
 .text.gfx_mono_ssd1306_draw_pixel
                0x0000fa9a       0x7c src/ASF/common/services/gfx_mono/gfx_mono_ug_2832hsweg04.o
                0x0000fa9a                gfx_mono_ssd1306_draw_pixel
 .text.gfx_mono_ssd1306_get_byte
                0x0000fb16        0x4 src/ASF/common/services/gfx_mono/gfx_mono_ug_2832hsweg04.o
                0x0000fb16                gfx_mono_ssd1306_get_byte
 .text.ioport_configure_port_pin
                0x0000fb1a       0x50 src/ASF/common/services/ioport/xmega/ioport_compat.o
                0x0000fb1a                ioport_configure_port_pin
 .text.usart_spi_init
                0x0000fb6a       0x4e src/ASF/common/services/spi/xmega_usart_spi/usart_spi.o
                0x0000fb6a                usart_spi_init
 .text.usart_spi_setup_device
                0x0000fbb8       0x36 src/ASF/common/services/spi/xmega_usart_spi/usart_spi.o
                0x0000fbb8                usart_spi_setup_device
 .text.usart_spi_write_packet
                0x0000fbee       0x2e src/ASF/common/services/spi/xmega_usart_spi/usart_spi.o
                0x0000fbee                usart_spi_write_packet
 .text.usart_spi_read_packet
                0x0000fc1c       0x30 src/ASF/common/services/spi/xmega_usart_spi/usart_spi.o
                0x0000fc1c                usart_spi_read_packet
 .text.usart_spi_select_device
                0x0000fc4c       0x2c src/ASF/common/services/spi/xmega_usart_spi/usart_spi.o
                0x0000fc4c                usart_spi_select_device
 .text.usart_spi_deselect_device
                0x0000fc78       0x2c src/ASF/common/services/spi/xmega_usart_spi/usart_spi.o
                0x0000fc78                usart_spi_deselect_device
 .text.get_nb_lun
                0x0000fca4        0x4 src/ASF/common/services/storage/ctrl_access/ctrl_access.o
                0x0000fca4                get_nb_lun
 .text.mem_test_unit_ready
                0x0000fca8        0xe src/ASF/common/services/storage/ctrl_access/ctrl_access.o
                0x0000fca8                mem_test_unit_ready
 .text.mem_read_capacity
                0x0000fcb6       0x10 src/ASF/common/services/storage/ctrl_access/ctrl_access.o
                0x0000fcb6                mem_read_capacity
 .text.mem_sector_size
                0x0000fcc6        0xa src/ASF/common/services/storage/ctrl_access/ctrl_access.o
                0x0000fcc6                mem_sector_size
 .text.mem_unload
                0x0000fcd0        0xe src/ASF/common/services/storage/ctrl_access/ctrl_access.o
                0x0000fcd0                mem_unload
 .text.mem_wr_protect
                0x0000fcde        0xe src/ASF/common/services/storage/ctrl_access/ctrl_access.o
                0x0000fcde                mem_wr_protect
 .text.mem_removal
                0x0000fcec        0xe src/ASF/common/services/storage/ctrl_access/ctrl_access.o
                0x0000fcec                mem_removal
 .text.mem_name
                0x0000fcfa       0x10 src/ASF/common/services/storage/ctrl_access/ctrl_access.o
                0x0000fcfa                mem_name
 .text.memory_2_usb
                0x0000fd0a       0x38 src/ASF/common/services/storage/ctrl_access/ctrl_access.o
                0x0000fd0a                memory_2_usb
 .text.usb_2_memory
                0x0000fd42       0x38 src/ASF/common/services/storage/ctrl_access/ctrl_access.o
                0x0000fd42                usb_2_memory
 .text.memory_2_ram
                0x0000fd7a       0x38 src/ASF/common/services/storage/ctrl_access/ctrl_access.o
                0x0000fd7a                memory_2_ram
 .text.ram_2_memory
                0x0000fdb2       0x38 src/ASF/common/services/storage/ctrl_access/ctrl_access.o
                0x0000fdb2                ram_2_memory
 .text.udi_cdc_comm_disable
                0x0000fdea        0xc src/ASF/common/services/usb/class/cdc/device/udi_cdc.o
                0x0000fdea                udi_cdc_comm_disable
 .text.udi_cdc_data_setup
                0x0000fdf6        0x4 src/ASF/common/services/usb/class/cdc/device/udi_cdc.o
                0x0000fdf6                udi_cdc_data_setup
 .text.udi_cdc_getsetting
                0x0000fdfa        0x4 src/ASF/common/services/usb/class/cdc/device/udi_cdc.o
                0x0000fdfa                udi_cdc_getsetting
 .text.udi_cdc_comm_setup
                0x0000fdfe       0xa0 src/ASF/common/services/usb/class/cdc/device/udi_cdc.o
                0x0000fdfe                udi_cdc_comm_setup
 .text.udi_cdc_line_coding_received
                0x0000fe9e        0x2 src/ASF/common/services/usb/class/cdc/device/udi_cdc.o
 .text.udi_cdc_comm_enable
                0x0000fea0       0x76 src/ASF/common/services/usb/class/cdc/device/udi_cdc.o
                0x0000fea0                udi_cdc_comm_enable
 .text.udi_cdc_tx_send
                0x0000ff16      0x156 src/ASF/common/services/usb/class/cdc/device/udi_cdc.o
 .text.udi_cdc_data_sent
                0x0001006c       0x30 src/ASF/common/services/usb/class/cdc/device/udi_cdc.o
 .text.udi_cdc_data_sof_notify
                0x0001009c        0x6 src/ASF/common/services/usb/class/cdc/device/udi_cdc.o
                0x0001009c                udi_cdc_data_sof_notify
 .text.udi_cdc_data_disable
                0x000100a2       0x18 src/ASF/common/services/usb/class/cdc/device/udi_cdc.o
                0x000100a2                udi_cdc_data_disable
 .text.udi_cdc_multi_get_nb_received_data
                0x000100ba       0x26 src/ASF/common/services/usb/class/cdc/device/udi_cdc.o
                0x000100ba                udi_cdc_multi_get_nb_received_data
 .text.udi_cdc_multi_is_rx_ready
                0x000100e0        0xe src/ASF/common/services/usb/class/cdc/device/udi_cdc.o
                0x000100e0                udi_cdc_multi_is_rx_ready
 .text.udi_cdc_rx_start
                0x000100ee       0x8e src/ASF/common/services/usb/class/cdc/device/udi_cdc.o
 .text.udi_cdc_data_enable
                0x0001017c       0x64 src/ASF/common/services/usb/class/cdc/device/udi_cdc.o
                0x0001017c                udi_cdc_data_enable
 .text.udi_cdc_data_received
                0x000101e0       0x62 src/ASF/common/services/usb/class/cdc/device/udi_cdc.o
 .text.udi_msc_disable
                0x00010242       0x10 src/ASF/common/services/usb/class/msc/device/udi_msc.o
                0x00010242                udi_msc_disable
 .text.udi_msc_getsetting
                0x00010252        0x4 src/ASF/common/services/usb/class/msc/device/udi_msc.o
                0x00010252                udi_msc_getsetting
 .text.udi_msc_trans_ack
                0x00010256       0x14 src/ASF/common/services/usb/class/msc/device/udi_msc.o
 .text.udi_msc_cbw_wait
                0x0001026a       0x2c src/ASF/common/services/usb/class/msc/device/udi_msc.o
 .text.udi_msc_enable
                0x00010296       0x40 src/ASF/common/services/usb/class/msc/device/udi_msc.o
                0x00010296                udi_msc_enable
 .text.udi_msc_csw_sent
                0x000102d6        0x4 src/ASF/common/services/usb/class/msc/device/udi_msc.o
 .text.udi_msc_csw_send
                0x000102da       0x2c src/ASF/common/services/usb/class/msc/device/udi_msc.o
                0x000102da                udi_msc_csw_send
 .text.udi_msc_cbw_invalid
                0x00010306       0x1a src/ASF/common/services/usb/class/msc/device/udi_msc.o
 .text.udi_msc_csw_invalid
                0x00010320       0x1a src/ASF/common/services/usb/class/msc/device/udi_msc.o
 .text.udi_msc_csw_process
                0x0001033a       0x52 src/ASF/common/services/usb/class/msc/device/udi_msc.o
 .text.udi_msc_clear_sense
                0x0001038c       0x1a src/ASF/common/services/usb/class/msc/device/udi_msc.o
 .text.udi_msc_sense_fail
                0x000103a6       0x50 src/ASF/common/services/usb/class/msc/device/udi_msc.o
 .text.udi_msc_sense_fail_cdb_invalid
                0x000103f6       0x10 src/ASF/common/services/usb/class/msc/device/udi_msc.o
 .text.udi_msc_cbw_validate
                0x00010406       0x36 src/ASF/common/services/usb/class/msc/device/udi_msc.o
 .text.udi_msc_sense_fail_hardware
                0x0001043c       0x10 src/ASF/common/services/usb/class/msc/device/udi_msc.o
 .text.udi_msc_data_send
                0x0001044c       0x24 src/ASF/common/services/usb/class/msc/device/udi_msc.o
 .text.udi_msc_sense_fail_busy_or_change
                0x00010470       0x10 src/ASF/common/services/usb/class/msc/device/udi_msc.o
 .text.udi_msc_sense_fail_not_present
                0x00010480       0x10 src/ASF/common/services/usb/class/msc/device/udi_msc.o
 .text.udi_msc_sense_pass
                0x00010490        0x8 src/ASF/common/services/usb/class/msc/device/udi_msc.o
 .text.udi_msc_data_sent
                0x00010498       0x30 src/ASF/common/services/usb/class/msc/device/udi_msc.o
 .text.udi_msc_spc_mode_sense
                0x000104c8       0xb0 src/ASF/common/services/usb/class/msc/device/udi_msc.o
 .text.udi_msc_sbc_trans
                0x00010578       0x92 src/ASF/common/services/usb/class/msc/device/udi_msc.o
 .text.udi_msc_cbw_received
                0x0001060a      0x272 src/ASF/common/services/usb/class/msc/device/udi_msc.o
 .text.udi_msc_setup
                0x0001087c       0xa8 src/ASF/common/services/usb/class/msc/device/udi_msc.o
                0x0001087c                udi_msc_setup
 .text.udi_msc_process_trans
                0x00010924       0x8c src/ASF/common/services/usb/class/msc/device/udi_msc.o
                0x00010924                udi_msc_process_trans
 .text.udi_msc_trans_block
                0x000109b0       0xb8 src/ASF/common/services/usb/class/msc/device/udi_msc.o
                0x000109b0                udi_msc_trans_block
 .text.udc_next_desc_in_iface
                0x00010a68       0x6a src/ASF/common/services/usb/udc/udc.o
 .text.udc_valid_address
                0x00010ad2        0xc src/ASF/common/services/usb/udc/udc.o
 .text.udc_update_iface_desc
                0x00010ade       0x74 src/ASF/common/services/usb/udc/udc.o
 .text.udc_iface_disable
                0x00010b52       0x84 src/ASF/common/services/usb/udc/udc.o
 .text.udc_iface_enable
                0x00010bd6       0x66 src/ASF/common/services/usb/udc/udc.o
 .text.udc_start
                0x00010c3c        0x6 src/ASF/common/services/usb/udc/udc.o
                0x00010c3c                udc_start
 .text.udc_reset
                0x00010c42       0x4e src/ASF/common/services/usb/udc/udc.o
                0x00010c42                udc_reset
 .text.udc_stop
                0x00010c90        0x8 src/ASF/common/services/usb/udc/udc.o
                0x00010c90                udc_stop
 .text.udc_sof_notify
                0x00010c98       0x5e src/ASF/common/services/usb/udc/udc.o
                0x00010c98                udc_sof_notify
 .text.udc_process_setup
                0x00010cf6      0x596 src/ASF/common/services/usb/udc/udc.o
                0x00010cf6                udc_process_setup
 .text.stdio_usb_enable
                0x0001128c        0x8 src/ASF/common/utils/stdio/stdio_usb/stdio_usb.o
                0x0001128c                stdio_usb_enable
 .text.stdio_usb_disable
                0x00011294        0x6 src/ASF/common/utils/stdio/stdio_usb/stdio_usb.o
                0x00011294                stdio_usb_disable
 .text.disk_initialize
                0x0001129a       0x3e src/ASF/thirdparty/fatfs/fatfs-port-r0.09/diskio.o
                0x0001129a                disk_initialize
 .text.disk_status
                0x000112d8       0x1a src/ASF/thirdparty/fatfs/fatfs-port-r0.09/diskio.o
                0x000112d8                disk_status
 .text.disk_read
                0x000112f2      0x148 src/ASF/thirdparty/fatfs/fatfs-port-r0.09/diskio.o
                0x000112f2                disk_read
 .text.disk_write
                0x0001143a      0x148 src/ASF/thirdparty/fatfs/fatfs-port-r0.09/diskio.o
                0x0001143a                disk_write
 .text.disk_ioctl
                0x00011582       0x9c src/ASF/thirdparty/fatfs/fatfs-port-r0.09/diskio.o
                0x00011582                disk_ioctl
 .text.get_fattime
                0x0001161e       0xa6 src/ASF/thirdparty/fatfs/fatfs-port-r0.09/xmega/fattime.o
                0x0001161e                get_fattime
 .text.mem_cpy  0x000116c4       0x1c src/ASF/thirdparty/fatfs/fatfs-r0.09/src/ff.o
 .text.mem_set  0x000116e0       0x16 src/ASF/thirdparty/fatfs/fatfs-r0.09/src/ff.o
 .text.clust2sect
                0x000116f6       0x5c src/ASF/thirdparty/fatfs/fatfs-r0.09/src/ff.o
 .text.sum_sfn  0x00011752       0x1c src/ASF/thirdparty/fatfs/fatfs-r0.09/src/ff.o
 .text.validate
                0x0001176e       0x32 src/ASF/thirdparty/fatfs/fatfs-r0.09/src/ff.o
 .text.check_fs
                0x000117a0       0xd2 src/ASF/thirdparty/fatfs/fatfs-r0.09/src/ff.o
 .text.chk_mounted
                0x00011872      0x788 src/ASF/thirdparty/fatfs/fatfs-r0.09/src/ff.o
 .text.get_fileinfo
                0x00011ffa      0x23e src/ASF/thirdparty/fatfs/fatfs-r0.09/src/ff.o
 .text.move_window
                0x00012238       0xf4 src/ASF/thirdparty/fatfs/fatfs-r0.09/src/ff.o
 .text.get_fat  0x0001232c      0x1f6 src/ASF/thirdparty/fatfs/fatfs-r0.09/src/ff.o
 .text.dir_sdi  0x00012522      0x16e src/ASF/thirdparty/fatfs/fatfs-r0.09/src/ff.o
 .text.put_fat  0x00012690      0x23c src/ASF/thirdparty/fatfs/fatfs-r0.09/src/ff.o
 .text.create_chain
                0x000128cc      0x1f0 src/ASF/thirdparty/fatfs/fatfs-r0.09/src/ff.o
 .text.remove_chain
                0x00012abc       0xf0 src/ASF/thirdparty/fatfs/fatfs-r0.09/src/ff.o
 .text.dir_next
                0x00012bac      0x23a src/ASF/thirdparty/fatfs/fatfs-r0.09/src/ff.o
 .text.dir_find
                0x00012de6      0x232 src/ASF/thirdparty/fatfs/fatfs-r0.09/src/ff.o
 .text.dir_register
                0x00013018      0x438 src/ASF/thirdparty/fatfs/fatfs-r0.09/src/ff.o
 .text.dir_read
                0x00013450      0x1ca src/ASF/thirdparty/fatfs/fatfs-r0.09/src/ff.o
 .text.dir_remove
                0x0001361a       0x88 src/ASF/thirdparty/fatfs/fatfs-r0.09/src/ff.o
 .text.sync     0x000136a2       0xe0 src/ASF/thirdparty/fatfs/fatfs-r0.09/src/ff.o
 .text.follow_path
                0x00013782      0x45c src/ASF/thirdparty/fatfs/fatfs-r0.09/src/ff.o
 .text.f_mount  0x00013bde       0x3c src/ASF/thirdparty/fatfs/fatfs-r0.09/src/ff.o
                0x00013bde                f_mount
 .text.f_open   0x00013c1a      0x2c6 src/ASF/thirdparty/fatfs/fatfs-r0.09/src/ff.o
                0x00013c1a                f_open
 .text.f_read   0x00013ee0      0x29a src/ASF/thirdparty/fatfs/fatfs-r0.09/src/ff.o
                0x00013ee0                f_read
 .text.f_write  0x0001417a      0x35c src/ASF/thirdparty/fatfs/fatfs-r0.09/src/ff.o
                0x0001417a                f_write
 .text.f_sync   0x000144d6       0x8c src/ASF/thirdparty/fatfs/fatfs-r0.09/src/ff.o
                0x000144d6                f_sync
 .text.f_close  0x00014562       0x16 src/ASF/thirdparty/fatfs/fatfs-r0.09/src/ff.o
                0x00014562                f_close
 .text.f_lseek  0x00014578      0x3a6 src/ASF/thirdparty/fatfs/fatfs-r0.09/src/ff.o
                0x00014578                f_lseek
 .text.f_opendir
                0x0001491e       0xf0 src/ASF/thirdparty/fatfs/fatfs-r0.09/src/ff.o
                0x0001491e                f_opendir
 .text.f_readdir
                0x00014a0e       0xb6 src/ASF/thirdparty/fatfs/fatfs-r0.09/src/ff.o
                0x00014a0e                f_readdir
 .text.f_unlink
                0x00014ac4      0x146 src/ASF/thirdparty/fatfs/fatfs-r0.09/src/ff.o
                0x00014ac4                f_unlink
 .text.f_gets   0x00014c0a       0xb4 src/ASF/thirdparty/fatfs/fatfs-r0.09/src/ff.o
                0x00014c0a                f_gets
 .text.f_putc   0x00014cbe       0x44 src/ASF/thirdparty/fatfs/fatfs-r0.09/src/ff.o
                0x00014cbe                f_putc
 .text.f_puts   0x00014d02       0x50 src/ASF/thirdparty/fatfs/fatfs-r0.09/src/ff.o
                0x00014d02                f_puts
 .text.ff_convert
                0x00014d52       0x5c src/ASF/thirdparty/fatfs/fatfs-r0.09/src/option/ccsbcs.o
                0x00014d52                ff_convert
 .text.ff_wtoupper
                0x00014dae       0x3c src/ASF/thirdparty/fatfs/fatfs-r0.09/src/option/ccsbcs.o
                0x00014dae                ff_wtoupper
 .text.board_init
                0x00014dea      0x11a src/ASF/xmega/boards/xmega_c3_xplained/init.o
                0x00014dea                board_init
 .text.ccp_write_io
                0x00014f04        0xc src/ASF/xmega/drivers/cpu/ccp.o
                0x00014f04                ccp_write_io
 .text.nvm_read_byte
                0x00014f10       0x14 src/ASF/xmega/drivers/nvm/nvm_asm.o
                0x00014f10                nvm_read_byte
 .text.rtc_get_time
                0x00014f24       0x56 src/ASF/xmega/drivers/rtc/rtc.o
                0x00014f24                rtc_get_time
 .text.rtc_init
                0x00014f7a       0x22 src/ASF/xmega/drivers/rtc/rtc.o
                0x00014f7a                rtc_init
 .text.__vector_10
                0x00014f9c       0x3a src/ASF/xmega/drivers/rtc/rtc.o
                0x00014f9c                __vector_10
 .text.__vector_11
                0x00014fd6       0xf6 src/ASF/xmega/drivers/rtc/rtc.o
                0x00014fd6                __vector_11
 .text.__vector_14
                0x000150cc       0x5a src/ASF/xmega/drivers/tc/tc.o
                0x000150cc                __vector_14
 .text.__vector_15
                0x00015126       0x5a src/ASF/xmega/drivers/tc/tc.o
                0x00015126                __vector_15
 .text.__vector_16
                0x00015180       0x5a src/ASF/xmega/drivers/tc/tc.o
                0x00015180                __vector_16
 .text.__vector_17
                0x000151da       0x5a src/ASF/xmega/drivers/tc/tc.o
                0x000151da                __vector_17
 .text.__vector_18
                0x00015234       0x5a src/ASF/xmega/drivers/tc/tc.o
                0x00015234                __vector_18
 .text.__vector_19
                0x0001528e       0x5a src/ASF/xmega/drivers/tc/tc.o
                0x0001528e                __vector_19
 .text.__vector_20
                0x000152e8       0x5a src/ASF/xmega/drivers/tc/tc.o
                0x000152e8                __vector_20
 .text.__vector_21
                0x00015342       0x5a src/ASF/xmega/drivers/tc/tc.o
                0x00015342                __vector_21
 .text.__vector_22
                0x0001539c       0x5a src/ASF/xmega/drivers/tc/tc.o
                0x0001539c                __vector_22
 .text.__vector_23
                0x000153f6       0x5a src/ASF/xmega/drivers/tc/tc.o
                0x000153f6                __vector_23
 .text.__vector_77
                0x00015450       0x5a src/ASF/xmega/drivers/tc/tc.o
                0x00015450                __vector_77
 .text.__vector_78
                0x000154aa       0x5a src/ASF/xmega/drivers/tc/tc.o
                0x000154aa                __vector_78
 .text.__vector_79
                0x00015504       0x5a src/ASF/xmega/drivers/tc/tc.o
                0x00015504                __vector_79
 .text.__vector_80
                0x0001555e       0x5a src/ASF/xmega/drivers/tc/tc.o
                0x0001555e                __vector_80
 .text.__vector_81
                0x000155b8       0x5a src/ASF/xmega/drivers/tc/tc.o
                0x000155b8                __vector_81
 .text.__vector_82
                0x00015612       0x5a src/ASF/xmega/drivers/tc/tc.o
                0x00015612                __vector_82
 .text.__vector_47
                0x0001566c       0x5a src/ASF/xmega/drivers/tc/tc.o
                0x0001566c                __vector_47
 .text.__vector_48
                0x000156c6       0x5a src/ASF/xmega/drivers/tc/tc.o
                0x000156c6                __vector_48
 .text.__vector_49
                0x00015720       0x5a src/ASF/xmega/drivers/tc/tc.o
                0x00015720                __vector_49
 .text.__vector_50
                0x0001577a       0x5a src/ASF/xmega/drivers/tc/tc.o
                0x0001577a                __vector_50
 .text.__vector_51
                0x000157d4       0x5a src/ASF/xmega/drivers/tc/tc.o
                0x000157d4                __vector_51
 .text.__vector_52
                0x0001582e       0x5a src/ASF/xmega/drivers/tc/tc.o
                0x0001582e                __vector_52
 .text.__vector_108
                0x00015888       0x5a src/ASF/xmega/drivers/tc/tc.o
                0x00015888                __vector_108
 .text.__vector_109
                0x000158e2       0x5a src/ASF/xmega/drivers/tc/tc.o
                0x000158e2                __vector_109
 .text.__vector_110
                0x0001593c       0x5a src/ASF/xmega/drivers/tc/tc.o
                0x0001593c                __vector_110
 .text.__vector_111
                0x00015996       0x5a src/ASF/xmega/drivers/tc/tc.o
                0x00015996                __vector_111
 .text.__vector_112
                0x000159f0       0x5a src/ASF/xmega/drivers/tc/tc.o
                0x000159f0                __vector_112
 .text.__vector_113
                0x00015a4a       0x5a src/ASF/xmega/drivers/tc/tc.o
                0x00015a4a                __vector_113
 .text.tc_enable
                0x00015aa4       0x94 src/ASF/xmega/drivers/tc/tc.o
                0x00015aa4                tc_enable
 .text.tc_set_cca_interrupt_callback
                0x00015b38       0x58 src/ASF/xmega/drivers/tc/tc.o
                0x00015b38                tc_set_cca_interrupt_callback
 .text.usart_spi_set_baudrate
                0x00015b90       0x64 src/ASF/xmega/drivers/usart/usart.o
                0x00015b90                usart_spi_set_baudrate
 .text.usart_init_spi
                0x00015bf4      0x31a src/ASF/xmega/drivers/usart/usart.o
                0x00015bf4                usart_init_spi
 .text.udd_ctrl_init
                0x00015f0e       0x56 src/ASF/xmega/drivers/usb/usb_device.o
 .text.udd_ctrl_stall_data
                0x00015f64       0x1c src/ASF/xmega/drivers/usb/usb_device.o
 .text.udd_ctrl_send_zlp_in
                0x00015f80       0x1c src/ASF/xmega/drivers/usb/usb_device.o
 .text.udd_ctrl_endofrequest
                0x00015f9c       0x10 src/ASF/xmega/drivers/usb/usb_device.o
 .text.udd_ctrl_in_sent
                0x00015fac       0xdc src/ASF/xmega/drivers/usb/usb_device.o
 .text.udd_ep_get_size
                0x00016088       0x4a src/ASF/xmega/drivers/usb/usb_device.o
 .text.udd_ep_get_job
                0x000160d2       0x36 src/ASF/xmega/drivers/usb/usb_device.o
 .text.udd_ctrl_interrupt_tc_setup
                0x00016108       0xe0 src/ASF/xmega/drivers/usb/usb_device.o
 .text.udd_ep_trans_complet
                0x000161e8      0x228 src/ASF/xmega/drivers/usb/usb_device.o
 .text.udd_disable
                0x00016410       0x24 src/ASF/xmega/drivers/usb/usb_device.o
                0x00016410                udd_disable
 .text.udd_attach
                0x00016434       0x44 src/ASF/xmega/drivers/usb/usb_device.o
                0x00016434                udd_attach
 .text.udd_enable
                0x00016478       0xf4 src/ASF/xmega/drivers/usb/usb_device.o
                0x00016478                udd_enable
 .text.udd_is_high_speed
                0x0001656c        0x4 src/ASF/xmega/drivers/usb/usb_device.o
                0x0001656c                udd_is_high_speed
 .text.udd_set_address
                0x00016570        0x6 src/ASF/xmega/drivers/usb/usb_device.o
                0x00016570                udd_set_address
 .text.udd_getaddress
                0x00016576        0x6 src/ASF/xmega/drivers/usb/usb_device.o
                0x00016576                udd_getaddress
 .text.udd_get_frame_number
                0x0001657c        0xa src/ASF/xmega/drivers/usb/usb_device.o
                0x0001657c                udd_get_frame_number
 .text.udd_get_micro_frame_number
                0x00016586        0x6 src/ASF/xmega/drivers/usb/usb_device.o
                0x00016586                udd_get_micro_frame_number
 .text.udd_set_setup_payload
                0x0001658c       0x12 src/ASF/xmega/drivers/usb/usb_device.o
                0x0001658c                udd_set_setup_payload
 .text.udd_ep_alloc
                0x0001659e       0xc2 src/ASF/xmega/drivers/usb/usb_device.o
                0x0001659e                udd_ep_alloc
 .text.udd_ep_is_halted
                0x00016660       0x36 src/ASF/xmega/drivers/usb/usb_device.o
                0x00016660                udd_ep_is_halted
 .text.udd_ep_clear_halt
                0x00016696       0x54 src/ASF/xmega/drivers/usb/usb_device.o
                0x00016696                udd_ep_clear_halt
 .text.udd_ep_run
                0x000166ea      0x110 src/ASF/xmega/drivers/usb/usb_device.o
                0x000166ea                udd_ep_run
 .text.udd_ep_abort
                0x000167fa       0x72 src/ASF/xmega/drivers/usb/usb_device.o
                0x000167fa                udd_ep_abort
 .text.udd_ep_free
                0x0001686c       0x3a src/ASF/xmega/drivers/usb/usb_device.o
                0x0001686c                udd_ep_free
 .text.udd_ep_set_halt
                0x000168a6       0x42 src/ASF/xmega/drivers/usb/usb_device.o
                0x000168a6                udd_ep_set_halt
 .text.udd_ep_wait_stall_clear
                0x000168e8       0x68 src/ASF/xmega/drivers/usb/usb_device.o
                0x000168e8                udd_ep_wait_stall_clear
 .text.__vector_125
                0x00016950      0x17e src/ASF/xmega/drivers/usb/usb_device.o
                0x00016950                __vector_125
 .text.__vector_126
                0x00016ace      0x1dc src/ASF/xmega/drivers/usb/usb_device.o
                0x00016ace                __vector_126
 .text.base64enc
                0x00016caa      0x1de src/base64.o
                0x00016caa                base64enc
 .text.base64_binlength
                0x00016e88       0xf2 src/base64.o
                0x00016e88                base64_binlength
 .text.base64dec
                0x00016f7a      0x1d4 src/base64.o
                0x00016f7a                base64dec
 .text.hash256  0x0001714e       0x1c src/bitcoin.o
                0x0001714e                hash256
 .text.hash160  0x0001716a       0x40 src/bitcoin.o
                0x0001716a                hash160
 .text.compute_checksum
                0x000171aa       0x3e src/bitcoin.o
                0x000171aa                compute_checksum
 .text.verify_checksum
                0x000171e8       0x5c src/bitcoin.o
                0x000171e8                verify_checksum
 .text.fix_verify_checksum
                0x00017244      0x100 src/bitcoin.o
                0x00017244                fix_verify_checksum
 .text.privkey_to_pubkey
                0x00017344       0x88 src/bitcoin.o
                0x00017344                privkey_to_pubkey
 .text.pubkey_to_pubkeyhash
                0x000173cc       0x2a src/bitcoin.o
                0x000173cc                pubkey_to_pubkeyhash
 .text.pubkeyhash_to_addr
                0x000173f6       0x54 src/bitcoin.o
                0x000173f6                pubkeyhash_to_addr
 .text.pubkey_to_p2pkhscript
                0x0001744a       0x54 src/bitcoin.o
                0x0001744a                pubkey_to_p2pkhscript
 .text.pkscript_to_addr
                0x0001749e       0x62 src/bitcoin.o
                0x0001749e                pkscript_to_addr
 .text.b_open   0x00017500       0x18 src/bytestream.o
                0x00017500                b_open
 .text.b_addr   0x00017518        0x8 src/bytestream.o
                0x00017518                b_addr
 .text.b_tell   0x00017520        0x8 src/bytestream.o
                0x00017520                b_tell
 .text.b_size   0x00017528        0x8 src/bytestream.o
                0x00017528                b_size
 .text.b_seek   0x00017530        0xa src/bytestream.o
                0x00017530                b_seek
 .text.b_rewind
                0x0001753a        0xc src/bytestream.o
                0x0001753a                b_rewind
 .text.b_truncate
                0x00017546       0x1a src/bytestream.o
                0x00017546                b_truncate
 .text.b_setrewofs
                0x00017560        0xc src/bytestream.o
                0x00017560                b_setrewofs
 .text.b_unsetrewofs
                0x0001756c        0xc src/bytestream.o
                0x0001756c                b_unsetrewofs
 .text.b_reopen
                0x00017578       0x28 src/bytestream.o
                0x00017578                b_reopen
 .text.b_read   0x000175a0       0x36 src/bytestream.o
                0x000175a0                b_read
 .text.b_write  0x000175d6       0x42 src/bytestream.o
                0x000175d6                b_write
 .text.b_copy   0x00017618       0xc0 src/bytestream.o
                0x00017618                b_copy
 .text.b_putc   0x000176d8       0x20 src/bytestream.o
                0x000176d8                b_putc
 .text.b_putvint
                0x000176f8       0xc0 src/bytestream.o
                0x000176f8                b_putvint
 .text.b_getvint
                0x000177b8       0x7c src/bytestream.o
                0x000177b8                b_getvint
 .text.vli_clear
                0x00017834       0x14 src/ecc.o
 .text.vli_isZero
                0x00017848       0x32 src/ecc.o
 .text.vli_numBits
                0x0001787a       0x6c src/ecc.o
 .text.vli_set  0x000178e6       0x18 src/ecc.o
 .text.vli_cmp  0x000178fe       0x4c src/ecc.o
 .text.vli_rshift1
                0x0001794a       0x38 src/ecc.o
 .text.vli_sub  0x00017982       0x3e src/ecc.o
 .text.vli_add  0x000179c0       0x3a src/ecc.o
                0x000179c0                vli_add
 .text.omega_mult
                0x000179fa       0xbe src/ecc.o
 .text.vli_mmod_fast
                0x00017ab8       0xae src/ecc.o
 .text.vli_modSquare_fast
                0x00017b66      0x122 src/ecc.o
 .text.vli_modSub
                0x00017c88       0x24 src/ecc.o
 .text.vli_modInv
                0x00017cac      0x230 src/ecc.o
 .text.vli_mult
                0x00017edc       0xc4 src/ecc.o
                0x00017edc                vli_mult
 .text.vli_modAdd
                0x00017fa0       0x2e src/ecc.o
                0x00017fa0                vli_modAdd
 .text.vli_modMult_fast
                0x00017fce       0x38 src/ecc.o
                0x00017fce                vli_modMult_fast
 .text.EccPoint_double_jacobian
                0x00018006      0x10c src/ecc.o
 .text.XYcZ_addC
                0x00018112      0x154 src/ecc.o
 .text.XYcZ_add
                0x00018266       0xe8 src/ecc.o
 .text.apply_z  0x0001834e       0x64 src/ecc.o
 .text.EccPoint_mult
                0x000183b2      0x322 src/ecc.o
                0x000183b2                EccPoint_mult
 .text.ecc_make_key
                0x000186d4       0x4a src/ecc.o
                0x000186d4                ecc_make_key
 .text.vli_modMult
                0x0001871e      0x214 src/ecc.o
                0x0001871e                vli_modMult
 .text.ecdsa_sign
                0x00018932      0x118 src/ecc.o
                0x00018932                ecdsa_sign
 .text.vli_swap
                0x00018a4a       0x40 src/ecc.o
                0x00018a4a                vli_swap
 .text.ecdsa_derive_k
                0x00018a8a      0x252 src/ecc.o
                0x00018a8a                ecdsa_derive_k
 .text.hmac_sha256
                0x00018cdc      0x13e src/hmac.o
                0x00018cdc                hmac_sha256
 .text.hmac_sha256_armory_workaround
                0x00018e1a      0x13e src/hmac.o
                0x00018e1a                hmac_sha256_armory_workaround
 .text.check_sdcard
                0x00018f58       0x8e src/main.o
                0x00018f58                check_sdcard
 .text.main     0x00018fe6       0xb4 src/main.o
                0x00018fe6                main
 .text.libgcc.mul
                0x0001909a       0x1e c:/program files (x86)/atmel/atmel toolchain/avr8 gcc/native/3.4.1056/avr8-gnu-toolchain/bin/../lib/gcc/avr/4.8.1/avrxmega6\libgcc.a(_mulsi3.o)
                0x0001909a                __mulsi3
 .text.libgcc.div
                0x000190b8       0x28 c:/program files (x86)/atmel/atmel toolchain/avr8 gcc/native/3.4.1056/avr8-gnu-toolchain/bin/../lib/gcc/avr/4.8.1/avrxmega6\libgcc.a(_udivmodhi4.o)
                0x000190b8                __udivmodhi4
 .text.libgcc.div
                0x000190e0       0x44 c:/program files (x86)/atmel/atmel toolchain/avr8 gcc/native/3.4.1056/avr8-gnu-toolchain/bin/../lib/gcc/avr/4.8.1/avrxmega6\libgcc.a(_udivmodsi4.o)
                0x000190e0                __udivmodsi4
 .text.libgcc   0x00019124        0xc c:/program files (x86)/atmel/atmel toolchain/avr8 gcc/native/3.4.1056/avr8-gnu-toolchain/bin/../lib/gcc/avr/4.8.1/avrxmega6\libgcc.a(_tablejump.o)
                0x00019124                __tablejump2__
                0x00019128                __tablejump__
 .text.libgcc.mul
                0x00019130       0x1e c:/program files (x86)/atmel/atmel toolchain/avr8 gcc/native/3.4.1056/avr8-gnu-toolchain/bin/../lib/gcc/avr/4.8.1/avrxmega6\libgcc.a(_umulhisi3.o)
                0x00019130                __umulhisi3
 .text.libgcc.mul
                0x0001914e       0x14 c:/program files (x86)/atmel/atmel toolchain/avr8 gcc/native/3.4.1056/avr8-gnu-toolchain/bin/../lib/gcc/avr/4.8.1/avrxmega6\libgcc.a(_muluhisi3.o)
                0x0001914e                __muluhisi3
 .text.libgcc.mul
                0x00019162        0xc c:/program files (x86)/atmel/atmel toolchain/avr8 gcc/native/3.4.1056/avr8-gnu-toolchain/bin/../lib/gcc/avr/4.8.1/avrxmega6\libgcc.a(_mulshisi3.o)
                0x00019162                __mulshisi3
                0x00019166                __mulohisi3
 .text.libgcc.div
                0x0001916e       0x1a c:/program files (x86)/atmel/atmel toolchain/avr8 gcc/native/3.4.1056/avr8-gnu-toolchain/bin/../lib/gcc/avr/4.8.1/avrxmega6\libgcc.a(_udivdi3.o)
                0x0001916e                __umoddi3
                0x00019172                __udivdi3
                0x00019174                __udivdi3_umoddi3
 .text.libgcc.div
                0x00019188       0xa2 c:/program files (x86)/atmel/atmel toolchain/avr8 gcc/native/3.4.1056/avr8-gnu-toolchain/bin/../lib/gcc/avr/4.8.1/avrxmega6\libgcc.a(_udivmod64.o)
                0x00019188                __udivmod64
 .text.libgcc.prologue
                0x0001922a       0x32 c:/program files (x86)/atmel/atmel toolchain/avr8 gcc/native/3.4.1056/avr8-gnu-toolchain/bin/../lib/gcc/avr/4.8.1/avrxmega6\libgcc.a(_prologue.o)
                0x0001922a                __prologue_saves__
 .text.libgcc.prologue
                0x0001925c       0x30 c:/program files (x86)/atmel/atmel toolchain/avr8 gcc/native/3.4.1056/avr8-gnu-toolchain/bin/../lib/gcc/avr/4.8.1/avrxmega6\libgcc.a(_epilogue.o)
                0x0001925c                __epilogue_restores__
 .text.libgcc.builtins
                0x0001928c       0x32 c:/program files (x86)/atmel/atmel toolchain/avr8 gcc/native/3.4.1056/avr8-gnu-toolchain/bin/../lib/gcc/avr/4.8.1/avrxmega6\libgcc.a(_ashldi3.o)
                0x0001928c                __ashldi3
 .text.libgcc.builtins
                0x000192be       0x3c c:/program files (x86)/atmel/atmel toolchain/avr8 gcc/native/3.4.1056/avr8-gnu-toolchain/bin/../lib/gcc/avr/4.8.1/avrxmega6\libgcc.a(_ashrdi3.o)
                0x000192be                __ashrdi3
                0x000192c2                __lshrdi3
 .text.libgcc.builtins
                0x000192fa       0x36 c:/program files (x86)/atmel/atmel toolchain/avr8 gcc/native/3.4.1056/avr8-gnu-toolchain/bin/../lib/gcc/avr/4.8.1/avrxmega6\libgcc.a(_rotldi3.o)
                0x000192fa                __rotldi3
 .text.libgcc   0x00019330       0x12 c:/program files (x86)/atmel/atmel toolchain/avr8 gcc/native/3.4.1056/avr8-gnu-toolchain/bin/../lib/gcc/avr/4.8.1/avrxmega6\libgcc.a(_adddi3.o)
                0x00019330                __adddi3
 .text.libgcc   0x00019342       0x18 c:/program files (x86)/atmel/atmel toolchain/avr8 gcc/native/3.4.1056/avr8-gnu-toolchain/bin/../lib/gcc/avr/4.8.1/avrxmega6\libgcc.a(_adddi3_s8.o)
                0x00019342                __adddi3_s8
 .text.libgcc   0x0001935a       0x12 c:/program files (x86)/atmel/atmel toolchain/avr8 gcc/native/3.4.1056/avr8-gnu-toolchain/bin/../lib/gcc/avr/4.8.1/avrxmega6\libgcc.a(_subdi3.o)
                0x0001935a                __subdi3
 .text.libgcc   0x0001936c       0x18 c:/program files (x86)/atmel/atmel toolchain/avr8 gcc/native/3.4.1056/avr8-gnu-toolchain/bin/../lib/gcc/avr/4.8.1/avrxmega6\libgcc.a(_cmpdi2_s8.o)
                0x0001936c                __cmpdi2_s8
 .text.avr-libc
                0x00019384       0x1a c:/program files (x86)/atmel/atmel toolchain/avr8 gcc/native/3.4.1056/avr8-gnu-toolchain/bin/../lib/gcc/avr/4.8.1/../../../../avr/lib/avrxmega6\libc.a(memcmp.o)
                0x00019384                memcmp
 .text.avr-libc
                0x0001939e       0x12 c:/program files (x86)/atmel/atmel toolchain/avr8 gcc/native/3.4.1056/avr8-gnu-toolchain/bin/../lib/gcc/avr/4.8.1/../../../../avr/lib/avrxmega6\libc.a(memcpy.o)
                0x0001939e                memcpy
 .text.avr-libc
                0x000193b0        0xe c:/program files (x86)/atmel/atmel toolchain/avr8 gcc/native/3.4.1056/avr8-gnu-toolchain/bin/../lib/gcc/avr/4.8.1/../../../../avr/lib/avrxmega6\libc.a(memset.o)
                0x000193b0                memset
 .text.avr-libc
                0x000193be        0xe c:/program files (x86)/atmel/atmel toolchain/avr8 gcc/native/3.4.1056/avr8-gnu-toolchain/bin/../lib/gcc/avr/4.8.1/../../../../avr/lib/avrxmega6\libc.a(strcpy.o)
                0x000193be                strcpy
 .text.avr-libc
                0x000193cc       0x34 c:/program files (x86)/atmel/atmel toolchain/avr8 gcc/native/3.4.1056/avr8-gnu-toolchain/bin/../lib/gcc/avr/4.8.1/../../../../avr/lib/avrxmega6\libc.a(strstr.o)
                0x000193cc                strstr
 .text.avr-libc
                0x00019400       0x50 c:/program files (x86)/atmel/atmel toolchain/avr8 gcc/native/3.4.1056/avr8-gnu-toolchain/bin/../lib/gcc/avr/4.8.1/../../../../avr/lib/avrxmega6\libc.a(sprintf.o)
                0x00019400                sprintf
 .text.avr-libc
                0x00019450      0x3d0 c:/program files (x86)/atmel/atmel toolchain/avr8 gcc/native/3.4.1056/avr8-gnu-toolchain/bin/../lib/gcc/avr/4.8.1/../../../../avr/lib/avrxmega6\libc.a(vfprintf_std.o)
                0x00019450                vfprintf
 .text.avr-libc
                0x00019820       0x16 c:/program files (x86)/atmel/atmel toolchain/avr8 gcc/native/3.4.1056/avr8-gnu-toolchain/bin/../lib/gcc/avr/4.8.1/../../../../avr/lib/avrxmega6\libc.a(eerd_block_atxmega384c3.o)
                0x00019820                __eerd_block_x384c3
 .text.avr-libc
                0x00019836        0x8 c:/program files (x86)/atmel/atmel toolchain/avr8 gcc/native/3.4.1056/avr8-gnu-toolchain/bin/../lib/gcc/avr/4.8.1/../../../../avr/lib/avrxmega6\libc.a(eerd_word_atxmega384c3.o)
                0x00019836                __eerd_word_x384c3
 .text.avr-libc
                0x0001983e       0x1e c:/program files (x86)/atmel/atmel toolchain/avr8 gcc/native/3.4.1056/avr8-gnu-toolchain/bin/../lib/gcc/avr/4.8.1/../../../../avr/lib/avrxmega6\libc.a(eeupd_block_atxmega384c3.o)
                0x0001983e                __eeupd_block_x384c3
 .text.avr-libc
                0x0001985c       0x12 c:/program files (x86)/atmel/atmel toolchain/avr8 gcc/native/3.4.1056/avr8-gnu-toolchain/bin/../lib/gcc/avr/4.8.1/../../../../avr/lib/avrxmega6\libc.a(eeupd_byte_atxmega384c3.o)
                0x0001985c                __eeupd_byte_x384c3
                0x0001985e                __eeupd_r18_x384c3
 .text.avr-libc
                0x0001986e        0x8 c:/program files (x86)/atmel/atmel toolchain/avr8 gcc/native/3.4.1056/avr8-gnu-toolchain/bin/../lib/gcc/avr/4.8.1/../../../../avr/lib/avrxmega6\libc.a(eeupd_word_atxmega384c3.o)
                0x0001986e                __eeupd_word_x384c3
 .text.avr-libc
                0x00019876       0x46 c:/program files (x86)/atmel/atmel toolchain/avr8 gcc/native/3.4.1056/avr8-gnu-toolchain/bin/../lib/gcc/avr/4.8.1/../../../../avr/lib/avrxmega6\libc.a(eewr_byte_atxmega384c3.o)
                0x00019876                __eewr_byte_x384c3
                0x00019878                __eewr_r18_x384c3
 .text.avr-libc
                0x000198bc       0x20 c:/program files (x86)/atmel/atmel toolchain/avr8 gcc/native/3.4.1056/avr8-gnu-toolchain/bin/../lib/gcc/avr/4.8.1/../../../../avr/lib/avrxmega6\libc.a(eerd_byte_atxmega384d3.o)
                0x000198bc                __eerd_byte_x384d3
                0x000198c4                eeprom_mapen
 .text.avr-libc
                0x000198dc       0x16 c:/program files (x86)/atmel/atmel toolchain/avr8 gcc/native/3.4.1056/avr8-gnu-toolchain/bin/../lib/gcc/avr/4.8.1/../../../../avr/lib/avrxmega6\libc.a(strnlen_P.o)
                0x000198dc                strnlen_P
 .text.avr-libc
                0x000198f2       0x16 c:/program files (x86)/atmel/atmel toolchain/avr8 gcc/native/3.4.1056/avr8-gnu-toolchain/bin/../lib/gcc/avr/4.8.1/../../../../avr/lib/avrxmega6\libc.a(strnlen.o)
                0x000198f2                strnlen
 .text.avr-libc
                0x00019908       0x64 c:/program files (x86)/atmel/atmel toolchain/avr8 gcc/native/3.4.1056/avr8-gnu-toolchain/bin/../lib/gcc/avr/4.8.1/../../../../avr/lib/avrxmega6\libc.a(fputc.o)
                0x00019908                fputc
 .text.avr-libc
                0x0001996c       0xbc c:/program files (x86)/atmel/atmel toolchain/avr8 gcc/native/3.4.1056/avr8-gnu-toolchain/bin/../lib/gcc/avr/4.8.1/../../../../avr/lib/avrxmega6\libc.a(ultoa_invert.o)
                0x0001996c                __ultoa_invert
                0x00019a28                . = ALIGN (0x2)
 *(.fini9)
 .fini9         0x00019a28        0x0 c:/program files (x86)/atmel/atmel toolchain/avr8 gcc/native/3.4.1056/avr8-gnu-toolchain/bin/../lib/gcc/avr/4.8.1/avrxmega6\libgcc.a(_exit.o)
                0x00019a28                _exit
                0x00019a28                exit
 *(.fini9)
 *(.fini8)
 *(.fini8)
 *(.fini7)
 *(.fini7)
 *(.fini6)
 *(.fini6)
 *(.fini5)
 *(.fini5)
 *(.fini4)
 *(.fini4)
 *(.fini3)
 *(.fini3)
 *(.fini2)
 *(.fini2)
 *(.fini1)
 *(.fini1)
 *(.fini0)
 .fini0         0x00019a28        0x4 c:/program files (x86)/atmel/atmel toolchain/avr8 gcc/native/3.4.1056/avr8-gnu-toolchain/bin/../lib/gcc/avr/4.8.1/avrxmega6\libgcc.a(_exit.o)
 *(.fini0)
                0x00019a2c                _etext = .

.data           0x00802000      0xf84 load address 0x00019a2c
                0x00802000                PROVIDE (__data_start, .)
 *(.data)
 .data          0x00802000        0x0 c:/program files (x86)/atmel/atmel toolchain/avr8 gcc/native/3.4.1056/avr8-gnu-toolchain/bin/../lib/gcc/avr/4.8.1/../../../../avr/lib/avrxmega6/crtx384c3.o
 .data          0x00802000        0x0 src/base58.o
 .data          0x00802000        0x0 src/ripemd160.o
 .data          0x00802000        0x0 src/sha2.o
 .data          0x00802000        0x0 src/transaction.o
 .data          0x00802000        0x0 src/ui.o
 .data          0x00802000        0x0 src/utils.o
 .data          0x00802000        0x0 src/wallet.o
 .data          0x00802000        0x0 src/app_touch.o
 .data          0x00802000        0x0 src/ASF/common/components/display/ssd1306/font.o
 .data          0x00802000        0x0 src/ASF/common/components/display/ssd1306/ssd1306.o
 .data          0x00802000        0x0 src/ASF/common/components/memory/sd_mmc/sd_mmc.o
 .data          0x00802000        0x0 src/ASF/common/components/memory/sd_mmc/sd_mmc_mem.o
 .data          0x00802000        0x0 src/ASF/common/components/memory/sd_mmc/sd_mmc_spi.o
 .data          0x00802000        0x0 src/ASF/common/services/calendar/calendar.o
 .data          0x00802000        0x0 src/ASF/common/services/clock/xmega/sysclk.o
 .data          0x00802000        0x0 src/ASF/common/services/fifo/fifo.o
 .data          0x00802000        0x0 src/ASF/common/services/gfx_mono/gfx_mono_framebuffer.o
 .data          0x00802000        0x0 src/ASF/common/services/gfx_mono/gfx_mono_generic.o
 .data          0x00802000        0x0 src/ASF/common/services/gfx_mono/gfx_mono_text.o
 .data          0x00802000        0x0 src/ASF/common/services/gfx_mono/gfx_mono_ug_2832hsweg04.o
 .data          0x00802000        0x0 src/ASF/common/services/gfx_mono/sysfont.o
 .data          0x00802000        0x0 src/ASF/common/services/ioport/xmega/ioport_compat.o
 .data          0x00802000        0x0 src/ASF/common/services/sleepmgr/xmega/sleepmgr.o
 .data          0x00802000        0x0 src/ASF/common/services/spi/xmega_usart_spi/usart_spi.o
 .data          0x00802000        0x0 src/ASF/common/services/storage/ctrl_access/ctrl_access.o
 .data          0x00802000        0x0 src/ASF/common/services/usb/class/cdc/device/udi_cdc.o
 .data          0x00802000        0x0 src/ASF/common/services/usb/class/composite/device/udi_composite_desc.o
 .data          0x00802000        0x0 src/ASF/common/services/usb/class/msc/device/udi_msc.o
 .data          0x00802000        0x0 src/ASF/common/services/usb/udc/udc.o
 .data          0x00802000        0x0 src/ASF/common/utils/stdio/read.o
 .data          0x00802000        0x0 src/ASF/common/utils/stdio/stdio_usb/stdio_usb.o
 .data          0x00802000        0x0 src/ASF/common/utils/stdio/write.o
 .data          0x00802000        0x0 src/ASF/thirdparty/fatfs/fatfs-port-r0.09/diskio.o
 .data          0x00802000        0x0 src/ASF/thirdparty/fatfs/fatfs-port-r0.09/xmega/fattime.o
 .data          0x00802000        0x0 src/ASF/thirdparty/fatfs/fatfs-r0.09/src/ff.o
 .data          0x00802000        0x0 src/ASF/thirdparty/fatfs/fatfs-r0.09/src/option/ccsbcs.o
 .data          0x00802000        0x0 src/ASF/thirdparty/qtouch/generic/avr8/qtouch/common/qt_asm_xmega.o
 .data          0x00802000        0x0 src/ASF/xmega/boards/xmega_c3_xplained/init.o
 .data          0x00802000        0x0 src/ASF/xmega/drivers/adc/adc.o
 .data          0x00802000        0x0 src/ASF/xmega/drivers/adc/xmega_bcd/adc_bcd.o
 .data          0x00802000        0x0 src/ASF/xmega/drivers/cpu/ccp.o
 .data          0x00802000        0x0 src/ASF/xmega/drivers/nvm/nvm.o
 .data          0x00802000        0x0 src/ASF/xmega/drivers/nvm/nvm_asm.o
 .data          0x00802000        0x0 src/ASF/xmega/drivers/rtc/rtc.o
 .data          0x00802000        0x0 src/ASF/xmega/drivers/tc/tc.o
 .data          0x00802000        0x0 src/ASF/xmega/drivers/usart/usart.o
 .data          0x00802000        0x0 src/ASF/xmega/drivers/usb/usb_device.o
 .data          0x00802000        0x0 src/base64.o
 .data          0x00802000        0x0 src/bitcoin.o
 .data          0x00802000        0x0 src/bytestream.o
 .data          0x00802000        0x0 src/ecc.o
 .data          0x00802000        0x0 src/hmac.o
 .data          0x00802000        0x0 src/main.o
 .data          0x00802000        0x0 ../src/ASF/thirdparty/qtouch/generic/avr8/qtouch/lib/gcc\libavrxmega6g1-4qt-k-0rs.a(burst_1_1_10_0_1.o)
 .data          0x00802000        0x1 ../src/ASF/thirdparty/qtouch/generic/avr8/qtouch/lib/gcc\libavrxmega6g1-4qt-k-0rs.a(touch_api.o)
                0x00802000                freq_shift
 .data          0x00802001        0x0 ../src/ASF/thirdparty/qtouch/generic/avr8/qtouch/lib/gcc\libavrxmega6g1-4qt-k-0rs.a(touch_process.o)
 .data          0x00802001        0x0 ../src/ASF/thirdparty/qtouch/generic/avr8/qtouch/lib/gcc\libavrxmega6g1-4qt-k-0rs.a(touch_burst_qt.o)
 .data          0x00802001        0x0 c:/program files (x86)/atmel/atmel toolchain/avr8 gcc/native/3.4.1056/avr8-gnu-toolchain/bin/../lib/gcc/avr/4.8.1/avrxmega6\libgcc.a(_mulsi3.o)
 .data          0x00802001        0x0 c:/program files (x86)/atmel/atmel toolchain/avr8 gcc/native/3.4.1056/avr8-gnu-toolchain/bin/../lib/gcc/avr/4.8.1/avrxmega6\libgcc.a(_udivmodhi4.o)
 .data          0x00802001        0x0 c:/program files (x86)/atmel/atmel toolchain/avr8 gcc/native/3.4.1056/avr8-gnu-toolchain/bin/../lib/gcc/avr/4.8.1/avrxmega6\libgcc.a(_udivmodsi4.o)
 .data          0x00802001        0x0 c:/program files (x86)/atmel/atmel toolchain/avr8 gcc/native/3.4.1056/avr8-gnu-toolchain/bin/../lib/gcc/avr/4.8.1/avrxmega6\libgcc.a(_exit.o)
 .data          0x00802001        0x0 c:/program files (x86)/atmel/atmel toolchain/avr8 gcc/native/3.4.1056/avr8-gnu-toolchain/bin/../lib/gcc/avr/4.8.1/avrxmega6\libgcc.a(_tablejump.o)
 .data          0x00802001        0x0 c:/program files (x86)/atmel/atmel toolchain/avr8 gcc/native/3.4.1056/avr8-gnu-toolchain/bin/../lib/gcc/avr/4.8.1/avrxmega6\libgcc.a(_copy_data.o)
 .data          0x00802001        0x0 c:/program files (x86)/atmel/atmel toolchain/avr8 gcc/native/3.4.1056/avr8-gnu-toolchain/bin/../lib/gcc/avr/4.8.1/avrxmega6\libgcc.a(_clear_bss.o)
 .data          0x00802001        0x0 c:/program files (x86)/atmel/atmel toolchain/avr8 gcc/native/3.4.1056/avr8-gnu-toolchain/bin/../lib/gcc/avr/4.8.1/avrxmega6\libgcc.a(_umulhisi3.o)
 .data          0x00802001        0x0 c:/program files (x86)/atmel/atmel toolchain/avr8 gcc/native/3.4.1056/avr8-gnu-toolchain/bin/../lib/gcc/avr/4.8.1/avrxmega6\libgcc.a(_usmulhisi3.o)
 .data          0x00802001        0x0 c:/program files (x86)/atmel/atmel toolchain/avr8 gcc/native/3.4.1056/avr8-gnu-toolchain/bin/../lib/gcc/avr/4.8.1/avrxmega6\libgcc.a(_muluhisi3.o)
 .data          0x00802001        0x0 c:/program files (x86)/atmel/atmel toolchain/avr8 gcc/native/3.4.1056/avr8-gnu-toolchain/bin/../lib/gcc/avr/4.8.1/avrxmega6\libgcc.a(_mulshisi3.o)
 .data          0x00802001        0x0 c:/program files (x86)/atmel/atmel toolchain/avr8 gcc/native/3.4.1056/avr8-gnu-toolchain/bin/../lib/gcc/avr/4.8.1/avrxmega6\libgcc.a(_udivdi3.o)
 .data          0x00802001        0x0 c:/program files (x86)/atmel/atmel toolchain/avr8 gcc/native/3.4.1056/avr8-gnu-toolchain/bin/../lib/gcc/avr/4.8.1/avrxmega6\libgcc.a(_udivmod64.o)
 .data          0x00802001        0x0 c:/program files (x86)/atmel/atmel toolchain/avr8 gcc/native/3.4.1056/avr8-gnu-toolchain/bin/../lib/gcc/avr/4.8.1/avrxmega6\libgcc.a(_prologue.o)
 .data          0x00802001        0x0 c:/program files (x86)/atmel/atmel toolchain/avr8 gcc/native/3.4.1056/avr8-gnu-toolchain/bin/../lib/gcc/avr/4.8.1/avrxmega6\libgcc.a(_epilogue.o)
 .data          0x00802001        0x0 c:/program files (x86)/atmel/atmel toolchain/avr8 gcc/native/3.4.1056/avr8-gnu-toolchain/bin/../lib/gcc/avr/4.8.1/avrxmega6\libgcc.a(_ashldi3.o)
 .data          0x00802001        0x0 c:/program files (x86)/atmel/atmel toolchain/avr8 gcc/native/3.4.1056/avr8-gnu-toolchain/bin/../lib/gcc/avr/4.8.1/avrxmega6\libgcc.a(_ashrdi3.o)
 .data          0x00802001        0x0 c:/program files (x86)/atmel/atmel toolchain/avr8 gcc/native/3.4.1056/avr8-gnu-toolchain/bin/../lib/gcc/avr/4.8.1/avrxmega6\libgcc.a(_rotldi3.o)
 .data          0x00802001        0x0 c:/program files (x86)/atmel/atmel toolchain/avr8 gcc/native/3.4.1056/avr8-gnu-toolchain/bin/../lib/gcc/avr/4.8.1/avrxmega6\libgcc.a(_adddi3.o)
 .data          0x00802001        0x0 c:/program files (x86)/atmel/atmel toolchain/avr8 gcc/native/3.4.1056/avr8-gnu-toolchain/bin/../lib/gcc/avr/4.8.1/avrxmega6\libgcc.a(_adddi3_s8.o)
 .data          0x00802001        0x0 c:/program files (x86)/atmel/atmel toolchain/avr8 gcc/native/3.4.1056/avr8-gnu-toolchain/bin/../lib/gcc/avr/4.8.1/avrxmega6\libgcc.a(_subdi3.o)
 .data          0x00802001        0x0 c:/program files (x86)/atmel/atmel toolchain/avr8 gcc/native/3.4.1056/avr8-gnu-toolchain/bin/../lib/gcc/avr/4.8.1/avrxmega6\libgcc.a(_cmpdi2.o)
 .data          0x00802001        0x0 c:/program files (x86)/atmel/atmel toolchain/avr8 gcc/native/3.4.1056/avr8-gnu-toolchain/bin/../lib/gcc/avr/4.8.1/avrxmega6\libgcc.a(_cmpdi2_s8.o)
 .data          0x00802001        0x0 c:/program files (x86)/atmel/atmel toolchain/avr8 gcc/native/3.4.1056/avr8-gnu-toolchain/bin/../lib/gcc/avr/4.8.1/../../../../avr/lib/avrxmega6\libc.a(memcmp.o)
 .data          0x00802001        0x0 c:/program files (x86)/atmel/atmel toolchain/avr8 gcc/native/3.4.1056/avr8-gnu-toolchain/bin/../lib/gcc/avr/4.8.1/../../../../avr/lib/avrxmega6\libc.a(memcpy.o)
 .data          0x00802001        0x0 c:/program files (x86)/atmel/atmel toolchain/avr8 gcc/native/3.4.1056/avr8-gnu-toolchain/bin/../lib/gcc/avr/4.8.1/../../../../avr/lib/avrxmega6\libc.a(memset.o)
 .data          0x00802001        0x0 c:/program files (x86)/atmel/atmel toolchain/avr8 gcc/native/3.4.1056/avr8-gnu-toolchain/bin/../lib/gcc/avr/4.8.1/../../../../avr/lib/avrxmega6\libc.a(strcpy.o)
 .data          0x00802001        0x0 c:/program files (x86)/atmel/atmel toolchain/avr8 gcc/native/3.4.1056/avr8-gnu-toolchain/bin/../lib/gcc/avr/4.8.1/../../../../avr/lib/avrxmega6\libc.a(strstr.o)
 .data          0x00802001        0x0 c:/program files (x86)/atmel/atmel toolchain/avr8 gcc/native/3.4.1056/avr8-gnu-toolchain/bin/../lib/gcc/avr/4.8.1/../../../../avr/lib/avrxmega6\libc.a(fdevopen.o)
 .data          0x00802001        0x0 c:/program files (x86)/atmel/atmel toolchain/avr8 gcc/native/3.4.1056/avr8-gnu-toolchain/bin/../lib/gcc/avr/4.8.1/../../../../avr/lib/avrxmega6\libc.a(iob.o)
 .data          0x00802001        0x0 c:/program files (x86)/atmel/atmel toolchain/avr8 gcc/native/3.4.1056/avr8-gnu-toolchain/bin/../lib/gcc/avr/4.8.1/../../../../avr/lib/avrxmega6\libc.a(sprintf.o)
 .data          0x00802001        0x0 c:/program files (x86)/atmel/atmel toolchain/avr8 gcc/native/3.4.1056/avr8-gnu-toolchain/bin/../lib/gcc/avr/4.8.1/../../../../avr/lib/avrxmega6\libc.a(vfprintf_std.o)