Archive member included because of file (symbol)

../src/ASF/thirdparty/qtouch/generic/avr8/qtouch/lib/gcc\libavrxmega6g1-4qt-k-0rs.a(burst_1_1_10_0_1.o)
                              src/app_touch.o (burst_1_1_10_0_1)
../src/ASF/thirdparty/qtouch/generic/avr8/qtouch/lib/gcc\libavrxmega6g1-4qt-k-0rs.a(touch_api.o)
                              src/app_touch.o (qt_enable_key)
../src/ASF/thirdparty/qtouch/generic/avr8/qtouch/lib/gcc\libavrxmega6g1-4qt-k-0rs.a(touch_process.o)
                              ../src/ASF/thirdparty/qtouch/generic/avr8/qtouch/lib/gcc\libavrxmega6g1-4qt-k-0rs.a(touch_api.o) (start_cal_sensor)
../src/ASF/thirdparty/qtouch/generic/avr8/qtouch/lib/gcc\libavrxmega6g1-4qt-k-0rs.a(touch_burst_qt.o)
                              ../src/ASF/thirdparty/qtouch/generic/avr8/qtouch/lib/gcc\libavrxmega6g1-4qt-k-0rs.a(touch_api.o) (burst_init)
c:/program files (x86)/atmel/atmel toolchain/avr8 gcc/native/3.4.1056/avr8-gnu-toolchain/bin/../lib/gcc/avr/4.8.1/avrxmega6\libgcc.a(_mulsi3.o)
                              src/ASF/common/components/memory/sd_mmc/sd_mmc.o (__mulsi3)
c:/program files (x86)/atmel/atmel toolchain/avr8 gcc/native/3.4.1056/avr8-gnu-toolchain/bin/../lib/gcc/avr/4.8.1/avrxmega6\libgcc.a(_udivmodhi4.o)
                              src/rand.o (__udivmodhi4)
c:/program files (x86)/atmel/atmel toolchain/avr8 gcc/native/3.4.1056/avr8-gnu-toolchain/bin/../lib/gcc/avr/4.8.1/avrxmega6\libgcc.a(_udivmodsi4.o)
                              src/base58.o (__udivmodsi4)
c:/program files (x86)/atmel/atmel toolchain/avr8 gcc/native/3.4.1056/avr8-gnu-toolchain/bin/../lib/gcc/avr/4.8.1/avrxmega6\libgcc.a(_exit.o)
                              c:/program files (x86)/atmel/atmel toolchain/avr8 gcc/native/3.4.1056/avr8-gnu-toolchain/bin/../lib/gcc/avr/4.8.1/../../../../avr/lib/avrxmega6/crtx384c3.o (exit)
c:/program files (x86)/atmel/atmel toolchain/avr8 gcc/native/3.4.1056/avr8-gnu-toolchain/bin/../lib/gcc/avr/4.8.1/avrxmega6\libgcc.a(_tablejump.o)
                              src/ASF/common/services/usb/class/msc/device/udi_msc.o (__tablejump2__)
c:/program files (x86)/atmel/atmel toolchain/avr8 gcc/native/3.4.1056/avr8-gnu-toolchain/bin/../lib/gcc/avr/4.8.1/avrxmega6\libgcc.a(_copy_data.o)
                              src/base58.o (__do_copy_data)
c:/program files (x86)/atmel/atmel toolchain/avr8 gcc/native/3.4.1056/avr8-gnu-toolchain/bin/../lib/gcc/avr/4.8.1/avrxmega6\libgcc.a(_clear_bss.o)
                              src/transaction.o (__do_clear_bss)
c:/program files (x86)/atmel/atmel toolchain/avr8 gcc/native/3.4.1056/avr8-gnu-toolchain/bin/../lib/gcc/avr/4.8.1/avrxmega6\libgcc.a(_umulhisi3.o)
                              src/base58.o (__umulhisi3)
c:/program files (x86)/atmel/atmel toolchain/avr8 gcc/native/3.4.1056/avr8-gnu-toolchain/bin/../lib/gcc/avr/4.8.1/avrxmega6\libgcc.a(_usmulhisi3.o)
                              src/ASF/common/services/calendar/calendar.o (__usmulhisi3)
c:/program files (x86)/atmel/atmel toolchain/avr8 gcc/native/3.4.1056/avr8-gnu-toolchain/bin/../lib/gcc/avr/4.8.1/avrxmega6\libgcc.a(_muluhisi3.o)
                              src/ASF/common/components/memory/sd_mmc/sd_mmc.o (__muluhisi3)
c:/program files (x86)/atmel/atmel toolchain/avr8 gcc/native/3.4.1056/avr8-gnu-toolchain/bin/../lib/gcc/avr/4.8.1/avrxmega6\libgcc.a(_mulshisi3.o)
                              src/ASF/common/components/memory/sd_mmc/sd_mmc.o (__mulshisi3)
c:/program files (x86)/atmel/atmel toolchain/avr8 gcc/native/3.4.1056/avr8-gnu-toolchain/bin/../lib/gcc/avr/4.8.1/avrxmega6\libgcc.a(_udivdi3.o)
                              src/ui.o (__umoddi3)
c:/program files (x86)/atmel/atmel toolchain/avr8 gcc/native/3.4.1056/avr8-gnu-toolchain/bin/../lib/gcc/avr/4.8.1/avrxmega6\libgcc.a(_udivmod64.o)
                              c:/program files (x86)/atmel/atmel toolchain/avr8 gcc/native/3.4.1056/avr8-gnu-toolchain/bin/../lib/gcc/avr/4.8.1/avrxmega6\libgcc.a(_udivdi3.o) (__udivmod64)
c:/program files (x86)/atmel/atmel toolchain/avr8 gcc/native/3.4.1056/avr8-gnu-toolchain/bin/../lib/gcc/avr/4.8.1/avrxmega6\libgcc.a(_prologue.o)
                              ../src/ASF/thirdparty/qtouch/generic/avr8/qtouch/lib/gcc\libavrxmega6g1-4qt-k-0rs.a(burst_1_1_10_0_1.o) (__prologue_saves__)
c:/program files (x86)/atmel/atmel toolchain/avr8 gcc/native/3.4.1056/avr8-gnu-toolchain/bin/../lib/gcc/avr/4.8.1/avrxmega6\libgcc.a(_epilogue.o)
                              ../src/ASF/thirdparty/qtouch/generic/avr8/qtouch/lib/gcc\libavrxmega6g1-4qt-k-0rs.a(burst_1_1_10_0_1.o) (__epilogue_restores__)
c:/program files (x86)/atmel/atmel toolchain/avr8 gcc/native/3.4.1056/avr8-gnu-toolchain/bin/../lib/gcc/avr/4.8.1/avrxmega6\libgcc.a(_ashldi3.o)
                              src/sha2.o (__ashldi3)
c:/program files (x86)/atmel/atmel toolchain/avr8 gcc/native/3.4.1056/avr8-gnu-toolchain/bin/../lib/gcc/avr/4.8.1/avrxmega6\libgcc.a(_ashrdi3.o)
                              src/sha2.o (__lshrdi3)
[...]
Memory Configuration

Name             Origin             Length             Attributes
text             0x00000000         0x00100000         xr
data             0x00802000         0x0000ffa0         rw !x
eeprom           0x00810000         0x00010000         rw !x
fuse             0x00820000         0x00000400         rw !x
lock             0x00830000         0x00000400         rw !x
signature        0x00840000         0x00000400         rw !x
user_signatures  0x00850000         0x00000400         rw !x
*default*        0x00000000         0xffffffff

Linker script and memory map

LOAD c:/program files (x86)/atmel/atmel toolchain/avr8 gcc/native/3.4.1056/avr8-gnu-toolchain/bin/../lib/gcc/avr/4.8.1/../../../../avr/lib/avrxmega6/crtx384c3.o
LOAD src/base58.o
LOAD src/rand.o
LOAD src/ripemd160.o
LOAD src/sha2.o
LOAD src/transaction.o
LOAD src/ui.o
LOAD src/utils.o
LOAD src/wallet.o
LOAD src/app_touch.o
LOAD src/ASF/common/components/display/ssd1306/font.o
LOAD src/ASF/common/components/display/ssd1306/ssd1306.o
LOAD src/ASF/common/components/memory/sd_mmc/sd_mmc.o
LOAD src/ASF/common/components/memory/sd_mmc/sd_mmc_mem.o
LOAD src/ASF/common/components/memory/sd_mmc/sd_mmc_spi.o
LOAD src/ASF/common/services/calendar/calendar.o
LOAD src/ASF/common/services/clock/xmega/sysclk.o
LOAD src/ASF/common/services/gfx_mono/gfx_mono_framebuffer.o
LOAD src/ASF/common/services/gfx_mono/gfx_mono_generic.o
LOAD src/ASF/common/services/gfx_mono/gfx_mono_text.o
LOAD src/ASF/common/services/gfx_mono/gfx_mono_ug_2832hsweg04.o
LOAD src/ASF/common/services/gfx_mono/sysfont.o
LOAD src/ASF/common/services/ioport/xmega/ioport_compat.o
LOAD src/ASF/common/services/sleepmgr/xmega/sleepmgr.o
LOAD src/ASF/common/services/spi/xmega_usart_spi/usart_spi.o
LOAD src/ASF/common/services/storage/ctrl_access/ctrl_access.o
LOAD src/ASF/common/services/usb/class/cdc/device/udi_cdc.o
LOAD src/ASF/common/services/usb/class/composite/device/udi_composite_desc.o
LOAD src/ASF/common/services/usb/class/msc/device/udi_msc.o
LOAD src/ASF/common/services/usb/udc/udc.o
LOAD src/ASF/common/utils/stdio/read.o
LOAD src/ASF/common/utils/stdio/stdio_usb/stdio_usb.o
LOAD src/ASF/common/utils/stdio/write.o
LOAD src/ASF/thirdparty/fatfs/fatfs-port-r0.09/diskio.o
LOAD src/ASF/thirdparty/fatfs/fatfs-port-r0.09/xmega/fattime.o
LOAD src/ASF/thirdparty/fatfs/fatfs-r0.09/src/ff.o
LOAD src/ASF/thirdparty/fatfs/fatfs-r0.09/src/option/ccsbcs.o
LOAD src/ASF/thirdparty/qtouch/generic/avr8/qtouch/common/qt_asm_xmega.o
LOAD src/ASF/xmega/boards/xmega_c3_xplained/init.o
LOAD src/ASF/xmega/drivers/cpu/ccp.o
LOAD src/ASF/xmega/drivers/nvm/nvm.o
LOAD src/ASF/xmega/drivers/nvm/nvm_asm.o
LOAD src/ASF/xmega/drivers/rtc/rtc.o
LOAD src/ASF/xmega/drivers/tc/tc.o
LOAD src/ASF/xmega/drivers/usart/usart.o
LOAD src/ASF/xmega/drivers/usb/usb_device.o
LOAD src/base64.o
LOAD src/bitcoin.o
LOAD src/bytestream.o
LOAD src/ecc.o
LOAD src/hmac.o
LOAD src/main.o
START GROUP
LOAD ../src/ASF/thirdparty/qtouch/generic/avr8/qtouch/lib/gcc\libavrxmega6g1-4qt-k-0rs.a
LOAD c:/program files (x86)/atmel/atmel toolchain/avr8 gcc/native/3.4.1056/avr8-gnu-toolchain/bin/../lib/gcc/avr/4.8.1/../../../../avr/lib/avrxmega6\libm.a
END GROUP
Address of section .BOOT set to 0x60000
START GROUP
LOAD c:/program files (x86)/atmel/atmel toolchain/avr8 gcc/native/3.4.1056/avr8-gnu-toolchain/bin/../lib/gcc/avr/4.8.1/avrxmega6\libgcc.a
LOAD c:/program files (x86)/atmel/atmel toolchain/avr8 gcc/native/3.4.1056/avr8-gnu-toolchain/bin/../lib/gcc/avr/4.8.1/../../../../avr/lib/avrxmega6\libm.a
LOAD c:/program files (x86)/atmel/atmel toolchain/avr8 gcc/native/3.4.1056/avr8-gnu-toolchain/bin/../lib/gcc/avr/4.8.1/../../../../avr/lib/avrxmega6\libc.a
END GROUP

.hash
 *(.hash)

.dynsym
 *(.dynsym)

.dynstr
 *(.dynstr)

.gnu.version
 *(.gnu.version)

.gnu.version_d
 *(.gnu.version_d)

.gnu.version_r
 *(.gnu.version_r)

.rel.init
 *(.rel.init)

.rela.init
 *(.rela.init)

.rel.text
 *(.rel.text)
 *(.rel.text.*)
 *(.rel.gnu.linkonce.t*)

.rela.text
 *(.rela.text)
 *(.rela.text.*)
 *(.rela.gnu.linkonce.t*)

.rel.fini
 *(.rel.fini)

.rela.fini
 *(.rela.fini)

.rel.rodata
 *(.rel.rodata)
 *(.rel.rodata.*)
 *(.rel.gnu.linkonce.r*)

.rela.rodata
 *(.rela.rodata)
 *(.rela.rodata.*)
 *(.rela.gnu.linkonce.r*)

.rel.data
 *(.rel.data)
 *(.rel.data.*)
 *(.rel.gnu.linkonce.d*)

.rela.data
 *(.rela.data)
 *(.rela.data.*)
 *(.rela.gnu.linkonce.d*)

.rel.ctors
 *(.rel.ctors)

.rela.ctors
 *(.rela.ctors)

.rel.dtors
 *(.rel.dtors)

.rela.dtors
 *(.rela.dtors)

.rel.got
 *(.rel.got)

.rela.got
 *(.rela.got)

.rel.bss
 *(.rel.bss)

.rela.bss
 *(.rela.bss)

.rel.plt
 *(.rel.plt)

.rela.plt
 *(.rela.plt)

.text           0x00000000    0x1a932
 *(.vectors)
 .vectors       0x00000000      0x1fc c:/program files (x86)/atmel/atmel toolchain/avr8 gcc/native/3.4.1056/avr8-gnu-toolchain/bin/../lib/gcc/avr/4.8.1/../../../../avr/lib/avrxmega6/crtx384c3.o
                0x00000000                __vector_default
                0x00000000                __vectors
 *(.vectors)
 *(.progmem.gcc*)
 .progmem.gcc_sw_table.udi_msc_cbw_received
                0x000001fc       0xb6 src/ASF/common/services/usb/class/msc/device/udi_msc.o
 .progmem.gcc_sw_table.udd_ep_get_size
                0x000002b2        0xe src/ASF/xmega/drivers/usb/usb_device.o
                0x000002c0                . = ALIGN (0x2)
                0x000002c0                __trampolines_start = .
 *(.trampolines)
 .trampolines   0x000002c0        0x0 linker stubs
 *(.trampolines*)
                0x000002c0                __trampolines_end = .
 *(.progmem*)
 .progmem.data.sysfont_glyphs
                0x000002c0      0x292 src/ASF/common/services/gfx_mono/sysfont.o
 .progmem.data.base64_alphabet
                0x00000552       0x40 src/base64.o
                0x00000552                base64_alphabet
                0x00000592                . = ALIGN (0x2)
 *(.jumptables)
 *(.jumptables*)
 *(.lowtext)
 *(.lowtext*)
                0x00000592                __ctors_start = .
 *(.ctors)
                0x00000592                __ctors_end = .
                0x00000592                __dtors_start = .
 *(.dtors)
                0x00000592                __dtors_end = .
 SORT(*)(.ctors)
 SORT(*)(.dtors)
 *(.init0)
 .init0         0x00000592        0x0 c:/program files (x86)/atmel/atmel toolchain/avr8 gcc/native/3.4.1056/avr8-gnu-toolchain/bin/../lib/gcc/avr/4.8.1/../../../../avr/lib/avrxmega6/crtx384c3.o
                0x00000592                __init
 *(.init0)
 *(.init1)
 *(.init1)
 *(.init2)
 .init2         0x00000592       0x10 c:/program files (x86)/atmel/atmel toolchain/avr8 gcc/native/3.4.1056/avr8-gnu-toolchain/bin/../lib/gcc/avr/4.8.1/../../../../avr/lib/avrxmega6/crtx384c3.o
 *(.init2)
 *(.init3)
 *(.init3)
 *(.init4)
 .init4         0x000005a2       0x1a c:/program files (x86)/atmel/atmel toolchain/avr8 gcc/native/3.4.1056/avr8-gnu-toolchain/bin/../lib/gcc/avr/4.8.1/avrxmega6\libgcc.a(_copy_data.o)
                0x000005a2                __do_copy_data
 .init4         0x000005bc       0x10 c:/program files (x86)/atmel/atmel toolchain/avr8 gcc/native/3.4.1056/avr8-gnu-toolchain/bin/../lib/gcc/avr/4.8.1/avrxmega6\libgcc.a(_clear_bss.o)
                0x000005bc                __do_clear_bss
 *(.init4)
 *(.init5)
 *(.init5)
 *(.init6)
 *(.init6)
 *(.init7)
 *(.init7)
 *(.init8)
 *(.init8)
 *(.init9)
 .init9         0x000005cc        0x8 c:/program files (x86)/atmel/atmel toolchain/avr8 gcc/native/3.4.1056/avr8-gnu-toolchain/bin/../lib/gcc/avr/4.8.1/../../../../avr/lib/avrxmega6/crtx384c3.o
 *(.init9)
 *(.text)
 .text          0x000005d4        0x2 c:/program files (x86)/atmel/atmel toolchain/avr8 gcc/native/3.4.1056/avr8-gnu-toolchain/bin/../lib/gcc/avr/4.8.1/../../../../avr/lib/avrxmega6/crtx384c3.o
                0x000005d4                __vector_38
                0x000005d4                __vector_104
                0x000005d4                __vector_63
                0x000005d4                __vector_28
                0x000005d4                __vector_67
                0x000005d4                __vector_1
                0x000005d4                __vector_119
                0x000005d4                __vector_32
                0x000005d4                __vector_75
                0x000005d4                __vector_71
                0x000005d4                __vector_91
                0x000005d4                __vector_34
                0x000005d4                __vector_62
                0x000005d4                __vector_102
                0x000005d4                __vector_24
                0x000005d4                __vector_12
                0x000005d4                __vector_55
                0x000005d4                __vector_69
                0x000005d4                __vector_90
                0x000005d4                __vector_46
                0x000005d4                __bad_interrupt
                0x000005d4                __vector_122
                0x000005d4                __vector_72
                0x000005d4                __vector_114
                0x000005d4                __vector_6
                0x000005d4                __vector_31
                0x000005d4                __vector_92
                0x000005d4                __vector_35
                0x000005d4                __vector_74
                0x000005d4                __vector_117
                0x000005d4                __vector_39
                0x000005d4                __vector_107
                0x000005d4                __vector_3
                0x000005d4                __vector_105
                0x000005d4                __vector_98
                0x000005d4                __vector_68
                0x000005d4                __vector_30
                0x000005d4                __vector_73
                0x000005d4                __vector_45
                0x000005d4                __vector_25
                0x000005d4                __vector_93
                0x000005d4                __vector_61
                0x000005d4                __vector_54
                0x000005d4                __vector_99
                0x000005d4                __vector_13
                0x000005d4                __vector_56
                0x000005d4                __vector_7
                0x000005d4                __vector_123
                0x000005d4                __vector_41
                0x000005d4                __vector_86
                0x000005d4                __vector_100
                0x000005d4                __vector_101
                0x000005d4                __vector_64
                0x000005d4                __vector_88
                0x000005d4                __vector_43
                0x000005d4                __vector_27
                0x000005d4                __vector_5
                0x000005d4                __vector_33
                0x000005d4                __vector_76
                0x000005d4                __vector_115
                0x000005d4                __vector_37
                0x000005d4                __vector_95
                0x000005d4                __vector_103
                0x000005d4                __vector_96
                0x000005d4                __vector_89
                0x000005d4                __vector_4
                0x000005d4                __vector_44
                0x000005d4                __vector_106
                0x000005d4                __vector_118
                0x000005d4                __vector_9
                0x000005d4                __vector_2
                0x000005d4                __vector_66
                0x000005d4                __vector_36
                0x000005d4                __vector_58
                0x000005d4                __vector_70
                0x000005d4                __vector_83
                0x000005d4                __vector_29
                0x000005d4                __vector_60
                0x000005d4                __vector_121
                0x000005d4                __vector_40
                0x000005d4                __vector_85
                0x000005d4                __vector_94
                0x000005d4                __vector_8
                0x000005d4                __vector_26
                0x000005d4                __vector_124
                0x000005d4                __vector_116
                0x000005d4                __vector_84
                0x000005d4                __vector_57
                0x000005d4                __vector_53
                0x000005d4                __vector_59
                0x000005d4                __vector_97
                0x000005d4                __vector_42
                0x000005d4                __vector_87
                0x000005d4                __vector_65
                0x000005d4                __vector_120
 .text          0x000005d6       0x3c src/ASF/thirdparty/qtouch/generic/avr8/qtouch/common/qt_asm_xmega.o
                0x000005d6                _1101010101_
                0x000005ec                _1101010111_
                0x00000608                _1101010110_
 .text          0x00000612      0x1b2 ../src/ASF/thirdparty/qtouch/generic/avr8/qtouch/lib/gcc\libavrxmega6g1-4qt-k-0rs.a(burst_1_1_10_0_1.o)
                0x00000612                burst_1_1_10_0_1
 .text          0x000007c4      0x27a ../src/ASF/thirdparty/qtouch/generic/avr8/qtouch/lib/gcc\libavrxmega6g1-4qt-k-0rs.a(touch_api.o)
                0x000007c4                qt_get_library_sig
                0x000007dc                qt_enable_key
                0x00000810                qt_get_sensor_delta
                0x000008bc                qt_measure_sensors
                0x000009b0                qt_reset_sensing
                0x000009e6                qt_calibrate_sensing
                0x000009fe                qt_init_sensing_with_burst
 .text          0x00000a3e      0x63c ../src/ASF/thirdparty/qtouch/generic/avr8/qtouch/lib/gcc\libavrxmega6g1-4qt-k-0rs.a(touch_process.o)
                0x00000a3e                start_cal_sensor
                0x00000a96                get_channel_delta
                0x00000ac0                process_sensor
 .text          0x0000107a       0x66 ../src/ASF/thirdparty/qtouch/generic/avr8/qtouch/lib/gcc\libavrxmega6g1-4qt-k-0rs.a(touch_burst_qt.o)
                0x0000107a                burst_init
                0x00001084                burst_reset
                0x000010a6                burst
                0x000010e0                . = ALIGN (0x2)
 *(.text.*)
 .text.base58_encode
                0x000010e0      0x212 src/base58.o
                0x000010e0                base58_encode
 .text.adc_rand
                0x000012f2       0x90 src/rand.o
                0x000012f2                adc_rand
 .text.rand32   0x00001382       0x2a src/rand.o
                0x00001382                rand32
 .text.byteshuffle
                0x000013ac       0x72 src/rand.o
                0x000013ac                byteshuffle
 .text.adc_rand_init
                0x0000141e       0x1c src/rand.o
                0x0000141e                adc_rand_init
 .text.compress
                0x0000143a     0x7aa2 src/ripemd160.o
 .text.ripemd160
                0x00008edc      0x39c src/ripemd160.o
                0x00008edc                ripemd160
 .text.sha256_Init
                0x00009278       0x3e src/sha2.o
                0x00009278                sha256_Init
 .text.sha256_Transform
                0x000092b6      0xa24 src/sha2.o
                0x000092b6                sha256_Transform
 .text.sha256_Update
                0x00009cda      0x1fc src/sha2.o
                0x00009cda                sha256_Update
 .text.sha256_Final
                0x00009ed6      0x2bc src/sha2.o
                0x00009ed6                sha256_Final
 .text.sha256_Raw
                0x0000a192       0x56 src/sha2.o
                0x0000a192                sha256_Raw
 .text.txfile_build_signed_file_snkwrp
                0x0000a1e8       0xc0 src/transaction.o
                0x0000a1e8                txfile_build_signed_file_snkwrp
 .text.txfile_build_signed_file_pub2privkeywrp
                0x0000a2a8       0x7c src/transaction.o
                0x0000a2a8                txfile_build_signed_file_pub2privkeywrp
 .text.txfile_fetch_unsigned_file_srcwrp
                0x0000a324       0x8c src/transaction.o
                0x0000a324                txfile_fetch_unsigned_file_srcwrp
 .text.armtx_get_txin_cnt
                0x0000a3b0       0x1c src/transaction.o
                0x0000a3b0                armtx_get_txin_cnt
 .text.armtx_get_txin_pos
                0x0000a3cc       0x72 src/transaction.o
                0x0000a3cc                armtx_get_txin_pos
 .text.armtx_get_txin_len
                0x0000a43e       0x16 src/transaction.o
                0x0000a43e                armtx_get_txin_len
 .text.armtx_get_txin_data_pos
                0x0000a454       0x14 src/transaction.o
                0x0000a454                armtx_get_txin_data_pos
 .text.armtx_get_txin_previndex
                0x0000a468       0x4e src/transaction.o
                0x0000a468                armtx_get_txin_previndex
 .text.armtx_get_txin_supptx_pos
                0x0000a4b6       0x26 src/transaction.o
                0x0000a4b6                armtx_get_txin_supptx_pos
 .text.armtx_get_txin_supptx_len
                0x0000a4dc       0x16 src/transaction.o
                0x0000a4dc                armtx_get_txin_supptx_len
 .text.armtx_get_txin_inputvalue_rebuff
                0x0000a4f2       0x74 src/transaction.o
 .text.armtx_get_txin_sequence_pos
                0x0000a566       0x8c src/transaction.o
                0x0000a566                armtx_get_txin_sequence_pos
 .text.armtx_get_txin_pubkey_pos
                0x0000a5f2       0x26 src/transaction.o
                0x0000a5f2                armtx_get_txin_pubkey_pos
 .text.armtx_get_txin_pubkey
                0x0000a618       0x2e src/transaction.o
                0x0000a618                armtx_get_txin_pubkey
 .text.armtx_get_txout_cnt_pos
                0x0000a646       0x4a src/transaction.o
                0x0000a646                armtx_get_txout_cnt_pos
 .text.armtx_get_txout_cnt
                0x0000a690       0x16 src/transaction.o
                0x0000a690                armtx_get_txout_cnt
 .text.armtx_get_txout_pos
                0x0000a6a6       0x72 src/transaction.o
                0x0000a6a6                armtx_get_txout_pos
 .text.armtx_get_txout_len
                0x0000a718       0x16 src/transaction.o
                0x0000a718                armtx_get_txout_len
 .text.armtx_get_txout_data_pos
                0x0000a72e       0x14 src/transaction.o
                0x0000a72e                armtx_get_txout_data_pos
 .text.armtx_get_txout_script_pos
                0x0000a742       0x26 src/transaction.o
                0x0000a742                armtx_get_txout_script_pos
 .text.armtx_get_txout_script_len
                0x0000a768       0x16 src/transaction.o
                0x0000a768                armtx_get_txout_script_len
 .text.armtx_get_txout_script
                0x0000a77e       0x2e src/transaction.o
                0x0000a77e                armtx_get_txout_script
 .text.armtx_get_txout_value_pos
                0x0000a7ac       0x40 src/transaction.o
                0x0000a7ac                armtx_get_txout_value_pos
 .text.armtx_get_txout_value
                0x0000a7ec       0x46 src/transaction.o
                0x0000a7ec                armtx_get_txout_value
 .text.armtx_get_total_outputvalue
                0x0000a832       0xd4 src/transaction.o
                0x0000a832                armtx_get_total_outputvalue
 .text.tx_get_txin_cnt
                0x0000a906       0x1c src/transaction.o
                0x0000a906                tx_get_txin_cnt
 .text.tx_get_txin_pos
                0x0000a922       0x86 src/transaction.o
                0x0000a922                tx_get_txin_pos
 .text.tx_get_txout_cnt_pos
                0x0000a9a8       0x5e src/transaction.o
                0x0000a9a8                tx_get_txout_cnt_pos
 .text.tx_get_txout_cnt
                0x0000aa06       0x16 src/transaction.o
                0x0000aa06                tx_get_txout_cnt
 .text.tx_get_txout_pos
                0x0000aa1c       0x84 src/transaction.o
                0x0000aa1c                tx_get_txout_pos
 .text.tx_get_txout_value
                0x0000aaa0       0x46 src/transaction.o
                0x0000aaa0                tx_get_txout_value
 .text.armtx_get_txin_inputvalue
                0x0000aae6       0x8c src/transaction.o
                0x0000aae6                armtx_get_txin_inputvalue
 .text.armtx_get_total_inputvalue
                0x0000ab72       0xd4 src/transaction.o
                0x0000ab72                armtx_get_total_inputvalue
 .text.armtx_get_fee
                0x0000ac46       0x86 src/transaction.o
                0x0000ac46                armtx_get_fee
 .text.armtx_build_unsigned_txhash
                0x0000accc      0x320 src/transaction.o
                0x0000accc                armtx_build_unsigned_txhash
 .text.armtx_get_uniqueid
                0x0000afec       0x5a src/transaction.o
                0x0000afec                armtx_get_uniqueid
 .text.build_DER_sig
                0x0000b046      0x154 src/transaction.o
                0x0000b046                build_DER_sig
 .text.armtx_build_txin_sig
                0x0000b19a       0x54 src/transaction.o
                0x0000b19a                armtx_build_txin_sig
 .text.armtx_insert_sigs
                0x0000b1ee      0x1ea src/transaction.o
                0x0000b1ee                armtx_insert_sigs
 .text.txfile_build_signed_file
                0x0000b3d8      0x104 src/transaction.o
                0x0000b3d8                txfile_build_signed_file
 .text.txfile_fetch_unsigned_file
                0x0000b4dc      0x1ac src/transaction.o
                0x0000b4dc                txfile_fetch_unsigned_file
 .text.ui_screen_menu_shuffcode_list
                0x0000b688       0xc4 src/ui.o
                0x0000b688                ui_screen_menu_shuffcode_list
 .text.ui_screen_menu_exportwlt_showrootkey_list
                0x0000b74c      0x140 src/ui.o
                0x0000b74c                ui_screen_menu_exportwlt_showrootkey_list
 .text.ui_screen_menu_selectwlt_list
                0x0000b88c       0x90 src/ui.o
                0x0000b88c                ui_screen_menu_selectwlt_list
 .text._ui_set_qtb
                0x0000b91c       0x32 src/ui.o
                0x0000b91c                _ui_set_qtb
 .text._ui_qtb_action
                0x0000b94e       0x7c src/ui.o
                0x0000b94e                _ui_qtb_action
 .text._ui_scan_buttons
                0x0000b9ca      0x116 src/ui.o
                0x0000b9ca                _ui_scan_buttons
 .text._ui_set_sw0
                0x0000bae0       0x46 src/ui.o
                0x0000bae0                _ui_set_sw0
 .text._ui_set_sw1
                0x0000bb26       0x46 src/ui.o
                0x0000bb26                _ui_set_sw1
 .text._ui_clear
                0x0000bb6c       0x1e src/ui.o
                0x0000bb6c                _ui_clear
 .text.ui_screen_menu
                0x0000bb8a       0x24 src/ui.o
                0x0000bb8a                ui_screen_menu
 .text.ui_screen_menu_setupwlt
                0x0000bbae       0x3a src/ui.o
                0x0000bbae                ui_screen_menu_setupwlt
 .text.ui_screen_menu_exportwlt
                0x0000bbe8       0x24 src/ui.o
                0x0000bbe8                ui_screen_menu_exportwlt
 .text.ui_screen_menu_exportwlt_erase
                0x0000bc0c       0x12 src/ui.o
                0x0000bc0c                ui_screen_menu_exportwlt_erase
 .text.ui_screen_menu_exportwlt_rootkeyfile
                0x0000bc1e       0x2c src/ui.o
                0x0000bc1e                ui_screen_menu_exportwlt_rootkeyfile
 .text.ui_screen_menu_exportwlt_watchonly
                0x0000bc4a       0xb0 src/ui.o
                0x0000bc4a                ui_screen_menu_exportwlt_watchonly
 .text.ui_screen_menu_exportwlt_showrootkey
                0x0000bcfa       0x42 src/ui.o
                0x0000bcfa                ui_screen_menu_exportwlt_showrootkey
 .text.ui_screen_menu_changepin
                0x0000bd3c       0x2c src/ui.o
                0x0000bd3c                ui_screen_menu_changepin
 .text.ui_screen_signtx
                0x0000bd68      0x12c src/ui.o
                0x0000bd68                ui_screen_signtx
 .text.ui_screen_menu_list
                0x0000be94       0xcc src/ui.o
                0x0000be94                ui_screen_menu_list
 .text.ui_screen_menu_shuffcode
                0x0000bf60       0x2c src/ui.o
                0x0000bf60                ui_screen_menu_shuffcode
 .text.ui_screen_menu_shuffcode_refresh
                0x0000bf8c       0x14 src/ui.o
                0x0000bf8c                ui_screen_menu_shuffcode_refresh
 .text.ui_screen_menu_erasewlt
                0x0000bfa0       0x8a src/ui.o
                0x0000bfa0                ui_screen_menu_erasewlt
 .text.ui_screen_menu_erasewlt_erase
                0x0000c02a      0x136 src/ui.o
                0x0000c02a                ui_screen_menu_erasewlt_erase
 .text.ui_screen_menu_setupwlt_list
                0x0000c160       0x90 src/ui.o
                0x0000c160                ui_screen_menu_setupwlt_list
 .text.ui_screen_menu_setupwlt_wltfile
                0x0000c1f0       0xf6 src/ui.o
                0x0000c1f0                ui_screen_menu_setupwlt_wltfile
 .text.ui_screen_menu_setupwlt_rootkeyfile
                0x0000c2e6       0xf6 src/ui.o
                0x0000c2e6                ui_screen_menu_setupwlt_rootkeyfile
 .text.ui_screen_menu_setupwlt_shuffrootkeyfile
                0x0000c3dc       0xfa src/ui.o
                0x0000c3dc                ui_screen_menu_setupwlt_shuffrootkeyfile
 .text.ui_screen_menu_setupwlt_import
                0x0000c4d6      0x146 src/ui.o
                0x0000c4d6                ui_screen_menu_setupwlt_import
 .text.ui_screen_menu_setupwlt_createonchip
                0x0000c61c       0x5a src/ui.o
                0x0000c61c                ui_screen_menu_setupwlt_createonchip
 .text.ui_screen_menu_exportwlt_list
                0x0000c676       0x72 src/ui.o
                0x0000c676                ui_screen_menu_exportwlt_list
 .text.ui_screen_menu_selectwlt
                0x0000c6e8       0x3c src/ui.o
                0x0000c6e8                ui_screen_menu_selectwlt
 .text.ui_screen_opentx
                0x0000c724       0x76 src/ui.o
                0x0000c724                ui_screen_opentx
 .text.ui_screen_home
                0x0000c79a      0x10e src/ui.o
                0x0000c79a                ui_screen_home
 .text._ui_init
                0x0000c8a8       0x54 src/ui.o
                0x0000c8a8                _ui_init
 .text.ui_screen_menu_selectwlt_setact
                0x0000c8fc       0x50 src/ui.o
                0x0000c8fc                ui_screen_menu_selectwlt_setact
 .text.ui_screen_menu_setupwlt_erase
                0x0000c94c       0xb0 src/ui.o
                0x0000c94c                ui_screen_menu_setupwlt_erase
 .text._ui_format_amount
                0x0000c9fc      0x266 src/ui.o
                0x0000c9fc                _ui_format_amount
 .text.ui_screen_opentx_list
                0x0000cc62      0x1d0 src/ui.o
                0x0000cc62                ui_screen_opentx_list
 .text.binary_to_easyType16
                0x0000ce32       0x9a src/utils.o
                0x0000ce32                binary_to_easyType16
 .text.easyType16_to_binary
                0x0000cecc       0xf0 src/utils.o
                0x0000cecc                easyType16_to_binary
 .text.makeSixteenBytesEasy
                0x0000cfbc       0x5a src/utils.o
                0x0000cfbc                makeSixteenBytesEasy
 .text.readSixteenEasyBytes
                0x0000d016       0x7e src/utils.o
                0x0000d016                readSixteenEasyBytes
 .text.securely_erase_file
                0x0000d094       0xde src/utils.o
                0x0000d094                securely_erase_file
 .text.scan_for_file
                0x0000d172      0x11e src/utils.o
                0x0000d172                scan_for_file
 .text.usb_cdc_set_dtr
                0x0000d290        0x6 src/utils.o
                0x0000d290                usb_cdc_set_dtr
 .text.armwlt_build_rootpubkey_file
                0x0000d296      0x1ae src/wallet.o
                0x0000d296                armwlt_build_rootpubkey_file
 .text.armwlt_eep_get_actwlt
                0x0000d444       0x10 src/wallet.o
                0x0000d444                armwlt_eep_get_actwlt
 .text.armwlt_eep_get_wltnum
                0x0000d454       0x10 src/wallet.o
                0x0000d454                armwlt_eep_get_wltnum
 .text.armwlt_eep_get_next_wltid
                0x0000d464       0x72 src/wallet.o
                0x0000d464                armwlt_eep_get_next_wltid
 .text.armwlt_eep_get_prev_slot
                0x0000d4d6       0x72 src/wallet.o
                0x0000d4d6                armwlt_eep_get_prev_slot
 .text.armwlt_eep_get_next_free_wltid
                0x0000d548       0x72 src/wallet.o
                0x0000d548                armwlt_eep_get_next_free_wltid
 .text.armwlt_eep_create_wallet
                0x0000d5ba      0x12a src/wallet.o
                0x0000d5ba                armwlt_eep_create_wallet
 .text.armwlt_eep_erase_wallet
                0x0000d6e4       0xc0 src/wallet.o
                0x0000d6e4                armwlt_eep_erase_wallet
 .text.armwlt_eep_read_wallet
                0x0000d7a4       0xce src/wallet.o
                0x0000d7a4                armwlt_eep_read_wallet
 .text.armwlt_read_wallet_file
                0x0000d872       0xc0 src/wallet.o
                0x0000d872                armwlt_read_wallet_file
 .text.armwlt_read_rootkey_file
                0x0000d932       0xc8 src/wallet.o
                0x0000d932                armwlt_read_rootkey_file
 .text.armwlt_read_shuffrootkey_file
                0x0000d9fa      0x16c src/wallet.o
                0x0000d9fa                armwlt_read_shuffrootkey_file
 .text.get_wallet_mapblock
                0x0000db66      0x232 src/wallet.o
                0x0000db66                get_wallet_mapblock
 .text.compute_chained_privkey
                0x0000dd98       0xc6 src/wallet.o
                0x0000dd98                compute_chained_privkey
 .text.armwlt_get_privkey_from_pubkey
                0x0000de5e      0x1ca src/wallet.o
                0x0000de5e                armwlt_get_privkey_from_pubkey
 .text.derive_chaincode_from_rootkey
                0x0000e028       0x84 src/wallet.o
                0x0000e028                derive_chaincode_from_rootkey
 .text.armwlt_create_instance
                0x0000e0ac       0xdc src/wallet.o
                0x0000e0ac                armwlt_create_instance
 .text.app_touch_tc_interrupt_callback
                0x0000e188       0x1a src/app_touch.o
 .text.app_touch_init
                0x0000e1a2       0xac src/app_touch.o
                0x0000e1a2                app_touch_init
 .text.app_touch_task
                0x0000e24e       0x1e src/app_touch.o
                0x0000e24e                app_touch_task
 .text.app_touch_check_key_pressed
                0x0000e26c       0x2a src/app_touch.o
                0x0000e26c                app_touch_check_key_pressed
 .text.ssd1306_write_command
                0x0000e296       0x62 src/ASF/common/components/display/ssd1306/ssd1306.o
 .text.ssd1306_init
                0x0000e2f8       0xd4 src/ASF/common/components/display/ssd1306/ssd1306.o
                0x0000e2f8                ssd1306_init
 .text.sd_mmc_configure_slot
                0x0000e3cc       0x2a src/ASF/common/components/memory/sd_mmc/sd_mmc.o
 .text.sd_mmc_select_slot
                0x0000e3f6       0xc4 src/ASF/common/components/memory/sd_mmc/sd_mmc.o
 .text.sd_mmc_cmd13
                0x0000e4ba       0x60 src/ASF/common/components/memory/sd_mmc/sd_mmc.o
 .text.sd_mmc_cmd9_spi
                0x0000e51a       0x64 src/ASF/common/components/memory/sd_mmc/sd_mmc.o
 .text.sd_mmc_deselect_slot
                0x0000e57e        0xe src/ASF/common/components/memory/sd_mmc/sd_mmc.o
 .text.sd_mmc_init
                0x0000e58c       0x12 src/ASF/common/components/memory/sd_mmc/sd_mmc.o
                0x0000e58c                sd_mmc_init
 .text.sd_mmc_check
                0x0000e59e      0x832 src/ASF/common/components/memory/sd_mmc/sd_mmc.o
                0x0000e59e                sd_mmc_check
 .text.sd_mmc_get_type
                0x0000edd0       0x18 src/ASF/common/components/memory/sd_mmc/sd_mmc.o
                0x0000edd0                sd_mmc_get_type
 .text.sd_mmc_get_capacity
                0x0000ede8       0x22 src/ASF/common/components/memory/sd_mmc/sd_mmc.o
                0x0000ede8                sd_mmc_get_capacity
 .text.sd_mmc_is_write_protected
                0x0000ee0a        0x4 src/ASF/common/components/memory/sd_mmc/sd_mmc.o
                0x0000ee0a                sd_mmc_is_write_protected
 .text.sd_mmc_init_read_blocks
                0x0000ee0e       0xaa src/ASF/common/components/memory/sd_mmc/sd_mmc.o
                0x0000ee0e                sd_mmc_init_read_blocks
 .text.sd_mmc_start_read_blocks
                0x0000eeb8       0x34 src/ASF/common/components/memory/sd_mmc/sd_mmc.o
                0x0000eeb8                sd_mmc_start_read_blocks
 .text.sd_mmc_wait_end_of_read_blocks
                0x0000eeec       0x6a src/ASF/common/components/memory/sd_mmc/sd_mmc.o
                0x0000eeec                sd_mmc_wait_end_of_read_blocks
 .text.sd_mmc_init_write_blocks
                0x0000ef56       0x9e src/ASF/common/components/memory/sd_mmc/sd_mmc.o
                0x0000ef56                sd_mmc_init_write_blocks
 .text.sd_mmc_start_write_blocks
                0x0000eff4       0x34 src/ASF/common/components/memory/sd_mmc/sd_mmc.o
                0x0000eff4                sd_mmc_start_write_blocks
 .text.sd_mmc_wait_end_of_write_blocks
                0x0000f028       0x46 src/ASF/common/components/memory/sd_mmc/sd_mmc.o
                0x0000f028                sd_mmc_wait_end_of_write_blocks
 .text.sd_mmc_test_unit_ready
                0x0000f06e       0x4c src/ASF/common/components/memory/sd_mmc/sd_mmc_mem.o
                0x0000f06e                sd_mmc_test_unit_ready
 .text.sd_mmc_test_unit_ready_0
                0x0000f0ba        0x6 src/ASF/common/components/memory/sd_mmc/sd_mmc_mem.o
                0x0000f0ba                sd_mmc_test_unit_ready_0
 .text.sd_mmc_read_capacity
                0x0000f0c0       0x34 src/ASF/common/components/memory/sd_mmc/sd_mmc_mem.o
                0x0000f0c0                sd_mmc_read_capacity
 .text.sd_mmc_read_capacity_0
                0x0000f0f4        0x8 src/ASF/common/components/memory/sd_mmc/sd_mmc_mem.o
                0x0000f0f4                sd_mmc_read_capacity_0
 .text.sd_mmc_wr_protect_0
                0x0000f0fc        0x6 src/ASF/common/components/memory/sd_mmc/sd_mmc_mem.o
                0x0000f0fc                sd_mmc_wr_protect_0
 .text.sd_mmc_removal_0
                0x0000f102        0x4 src/ASF/common/components/memory/sd_mmc/sd_mmc_mem.o
                0x0000f102                sd_mmc_removal_0
 .text.sd_mmc_usb_read_10
                0x0000f106       0xba src/ASF/common/components/memory/sd_mmc/sd_mmc_mem.o
                0x0000f106                sd_mmc_usb_read_10
 .text.sd_mmc_usb_read_10_0
                0x0000f1c0        0xc src/ASF/common/components/memory/sd_mmc/sd_mmc_mem.o
                0x0000f1c0                sd_mmc_usb_read_10_0
 .text.sd_mmc_usb_write_10
                0x0000f1cc       0xc0 src/ASF/common/components/memory/sd_mmc/sd_mmc_mem.o
                0x0000f1cc                sd_mmc_usb_write_10
 .text.sd_mmc_usb_write_10_0
                0x0000f28c        0xc src/ASF/common/components/memory/sd_mmc/sd_mmc_mem.o
                0x0000f28c                sd_mmc_usb_write_10_0
 .text.sd_mmc_mem_2_ram
                0x0000f298       0x3e src/ASF/common/components/memory/sd_mmc/sd_mmc_mem.o
                0x0000f298                sd_mmc_mem_2_ram
 .text.sd_mmc_mem_2_ram_0
                0x0000f2d6        0xc src/ASF/common/components/memory/sd_mmc/sd_mmc_mem.o
                0x0000f2d6                sd_mmc_mem_2_ram_0
 .text.sd_mmc_ram_2_mem
                0x0000f2e2       0x3e src/ASF/common/components/memory/sd_mmc/sd_mmc_mem.o
                0x0000f2e2                sd_mmc_ram_2_mem
 .text.sd_mmc_ram_2_mem_0
                0x0000f320        0xc src/ASF/common/components/memory/sd_mmc/sd_mmc_mem.o
                0x0000f320                sd_mmc_ram_2_mem_0
 .text.sd_mmc_spi_start_write_block
                0x0000f32c       0x50 src/ASF/common/components/memory/sd_mmc/sd_mmc_spi.o
 .text.sd_mmc_spi_wait_busy
                0x0000f37c       0x9a src/ASF/common/components/memory/sd_mmc/sd_mmc_spi.o
 .text.sd_mmc_spi_stop_multiwrite_block
                0x0000f416       0x9c src/ASF/common/components/memory/sd_mmc/sd_mmc_spi.o
 .text.sd_mmc_spi_start_read_block
                0x0000f4b2       0x8c src/ASF/common/components/memory/sd_mmc/sd_mmc_spi.o
 .text.sd_mmc_spi_stop_write_block
                0x0000f53e       0x72 src/ASF/common/components/memory/sd_mmc/sd_mmc_spi.o
 .text.sd_mmc_spi_init
                0x0000f5b0        0xc src/ASF/common/components/memory/sd_mmc/sd_mmc_spi.o
                0x0000f5b0                sd_mmc_spi_init
 .text.sd_mmc_spi_select_device
                0x0000f5bc       0x4a src/ASF/common/components/memory/sd_mmc/sd_mmc_spi.o
                0x0000f5bc                sd_mmc_spi_select_device
 .text.sd_mmc_spi_deselect_device
                0x0000f606       0x14 src/ASF/common/components/memory/sd_mmc/sd_mmc_spi.o
                0x0000f606                sd_mmc_spi_deselect_device
 .text.sd_mmc_spi_send_clock
                0x0000f61a       0x34 src/ASF/common/components/memory/sd_mmc/sd_mmc_spi.o
                0x0000f61a                sd_mmc_spi_send_clock
 .text.sd_mmc_spi_adtc_start
                0x0000f64e      0x1d8 src/ASF/common/components/memory/sd_mmc/sd_mmc_spi.o
                0x0000f64e                sd_mmc_spi_adtc_start
 .text.sd_mmc_spi_send_cmd
                0x0000f826       0x22 src/ASF/common/components/memory/sd_mmc/sd_mmc_spi.o
                0x0000f826                sd_mmc_spi_send_cmd
 .text.sd_mmc_spi_get_response
                0x0000f848       0x12 src/ASF/common/components/memory/sd_mmc/sd_mmc_spi.o
                0x0000f848                sd_mmc_spi_get_response
 .text.sd_mmc_spi_read_word
                0x0000f85a       0xb8 src/ASF/common/components/memory/sd_mmc/sd_mmc_spi.o
                0x0000f85a                sd_mmc_spi_read_word
 .text.sd_mmc_spi_start_read_blocks
                0x0000f912       0xca src/ASF/common/components/memory/sd_mmc/sd_mmc_spi.o
                0x0000f912                sd_mmc_spi_start_read_blocks
 .text.sd_mmc_spi_wait_end_of_read_blocks
                0x0000f9dc        0x4 src/ASF/common/components/memory/sd_mmc/sd_mmc_spi.o
                0x0000f9dc                sd_mmc_spi_wait_end_of_read_blocks
 .text.sd_mmc_spi_start_write_blocks
                0x0000f9e0       0xaa src/ASF/common/components/memory/sd_mmc/sd_mmc_spi.o
                0x0000f9e0                sd_mmc_spi_start_write_blocks
 .text.sd_mmc_spi_wait_end_of_write_blocks
                0x0000fa8a       0x12 src/ASF/common/components/memory/sd_mmc/sd_mmc_spi.o
                0x0000fa8a                sd_mmc_spi_wait_end_of_write_blocks
 .text.calendar_leapyear
                0x0000fa9c       0x6e src/ASF/common/services/calendar/calendar.o
 .text.calendar_timestamp_to_date
                0x0000fb0a      0x1a4 src/ASF/common/services/calendar/calendar.o
                0x0000fb0a                calendar_timestamp_to_date
 .text.sysclk_init
                0x0000fcae       0xf4 src/ASF/common/services/clock/xmega/sysclk.o
                0x0000fcae                sysclk_init
 .text.sysclk_enable_module
                0x0000fda2       0x18 src/ASF/common/services/clock/xmega/sysclk.o
                0x0000fda2                sysclk_enable_module
 .text.sysclk_disable_module
                0x0000fdba       0x16 src/ASF/common/services/clock/xmega/sysclk.o
                0x0000fdba                sysclk_disable_module
 .text.sysclk_enable_usb
                0x0000fdd0       0x6e src/ASF/common/services/clock/xmega/sysclk.o
                0x0000fdd0                sysclk_enable_usb
 .text.sysclk_disable_usb
                0x0000fe3e       0x12 src/ASF/common/services/clock/xmega/sysclk.o
                0x0000fe3e                sysclk_disable_usb
 .text.gfx_mono_set_framebuffer
                0x0000fe50        0xa src/ASF/common/services/gfx_mono/gfx_mono_framebuffer.o
                0x0000fe50                gfx_mono_set_framebuffer
 .text.gfx_mono_framebuffer_put_byte
                0x0000fe5a       0x1e src/ASF/common/services/gfx_mono/gfx_mono_framebuffer.o
                0x0000fe5a                gfx_mono_framebuffer_put_byte
 .text.gfx_mono_framebuffer_get_byte
                0x0000fe78       0x1e src/ASF/common/services/gfx_mono/gfx_mono_framebuffer.o
                0x0000fe78                gfx_mono_framebuffer_get_byte
 .text.gfx_mono_generic_draw_horizontal_line
                0x0000fe96       0xe6 src/ASF/common/services/gfx_mono/gfx_mono_generic.o
                0x0000fe96                gfx_mono_generic_draw_horizontal_line
 .text.gfx_mono_generic_draw_filled_rect
                0x0000ff7c       0x36 src/ASF/common/services/gfx_mono/gfx_mono_generic.o
                0x0000ff7c                gfx_mono_generic_draw_filled_rect
 .text.gfx_mono_draw_char
                0x0000ffb2       0xba src/ASF/common/services/gfx_mono/gfx_mono_text.o
                0x0000ffb2                gfx_mono_draw_char
 .text.gfx_mono_draw_string
                0x0001006c       0x52 src/ASF/common/services/gfx_mono/gfx_mono_text.o
                0x0001006c                gfx_mono_draw_string
 .text.ssd1306_write_command
                0x000100be       0x5e src/ASF/common/services/gfx_mono/gfx_mono_ug_2832hsweg04.o
 .text.gfx_mono_ssd1306_put_byte
                0x0001011c       0x9e src/ASF/common/services/gfx_mono/gfx_mono_ug_2832hsweg04.o
                0x0001011c                gfx_mono_ssd1306_put_byte
 .text.gfx_mono_ssd1306_init
                0x000101ba       0x36 src/ASF/common/services/gfx_mono/gfx_mono_ug_2832hsweg04.o
                0x000101ba                gfx_mono_ssd1306_init
 .text.gfx_mono_ssd1306_draw_pixel
                0x000101f0       0x7c src/ASF/common/services/gfx_mono/gfx_mono_ug_2832hsweg04.o
                0x000101f0                gfx_mono_ssd1306_draw_pixel
 .text.gfx_mono_ssd1306_get_byte
                0x0001026c        0x4 src/ASF/common/services/gfx_mono/gfx_mono_ug_2832hsweg04.o
                0x0001026c                gfx_mono_ssd1306_get_byte
 .text.ioport_configure_port_pin
                0x00010270       0x50 src/ASF/common/services/ioport/xmega/ioport_compat.o
                0x00010270                ioport_configure_port_pin
 .text.usart_spi_init
                0x000102c0       0x4e src/ASF/common/services/spi/xmega_usart_spi/usart_spi.o
                0x000102c0                usart_spi_init
 .text.usart_spi_setup_device
                0x0001030e       0x36 src/ASF/common/services/spi/xmega_usart_spi/usart_spi.o
                0x0001030e                usart_spi_setup_device
 .text.usart_spi_write_packet
                0x00010344       0x2e src/ASF/common/services/spi/xmega_usart_spi/usart_spi.o
                0x00010344                usart_spi_write_packet
 .text.usart_spi_read_packet
                0x00010372       0x30 src/ASF/common/services/spi/xmega_usart_spi/usart_spi.o
                0x00010372                usart_spi_read_packet
 .text.usart_spi_select_device
                0x000103a2       0x2c src/ASF/common/services/spi/xmega_usart_spi/usart_spi.o
                0x000103a2                usart_spi_select_device
 .text.usart_spi_deselect_device
                0x000103ce       0x2c src/ASF/common/services/spi/xmega_usart_spi/usart_spi.o
                0x000103ce                usart_spi_deselect_device
 .text.get_nb_lun
                0x000103fa        0x4 src/ASF/common/services/storage/ctrl_access/ctrl_access.o
                0x000103fa                get_nb_lun
 .text.mem_test_unit_ready
                0x000103fe        0xe src/ASF/common/services/storage/ctrl_access/ctrl_access.o
                0x000103fe                mem_test_unit_ready
 .text.mem_read_capacity
                0x0001040c       0x10 src/ASF/common/services/storage/ctrl_access/ctrl_access.o
                0x0001040c                mem_read_capacity
 .text.mem_sector_size
                0x0001041c        0xa src/ASF/common/services/storage/ctrl_access/ctrl_access.o
                0x0001041c                mem_sector_size
 .text.mem_unload
                0x00010426        0xe src/ASF/common/services/storage/ctrl_access/ctrl_access.o
                0x00010426                mem_unload
 .text.mem_wr_protect
                0x00010434        0xe src/ASF/common/services/storage/ctrl_access/ctrl_access.o
                0x00010434                mem_wr_protect
 .text.mem_removal
                0x00010442        0xe src/ASF/common/services/storage/ctrl_access/ctrl_access.o
                0x00010442                mem_removal
 .text.mem_name
                0x00010450       0x10 src/ASF/common/services/storage/ctrl_access/ctrl_access.o
                0x00010450                mem_name
 .text.memory_2_usb
                0x00010460       0x38 src/ASF/common/services/storage/ctrl_access/ctrl_access.o
                0x00010460                memory_2_usb
 .text.usb_2_memory
                0x00010498       0x38 src/ASF/common/services/storage/ctrl_access/ctrl_access.o
                0x00010498                usb_2_memory
 .text.memory_2_ram
                0x000104d0       0x38 src/ASF/common/services/storage/ctrl_access/ctrl_access.o
                0x000104d0                memory_2_ram
 .text.ram_2_memory
                0x00010508       0x38 src/ASF/common/services/storage/ctrl_access/ctrl_access.o
                0x00010508                ram_2_memory
 .text.udi_cdc_comm_disable
                0x00010540        0xc src/ASF/common/services/usb/class/cdc/device/udi_cdc.o
                0x00010540                udi_cdc_comm_disable
 .text.udi_cdc_data_setup
                0x0001054c        0x4 src/ASF/common/services/usb/class/cdc/device/udi_cdc.o
                0x0001054c                udi_cdc_data_setup
 .text.udi_cdc_getsetting
                0x00010550        0x4 src/ASF/common/services/usb/class/cdc/device/udi_cdc.o
                0x00010550                udi_cdc_getsetting
 .text.udi_cdc_line_coding_received
                0x00010554        0x2 src/ASF/common/services/usb/class/cdc/device/udi_cdc.o
 .text.udi_cdc_comm_enable
                0x00010556       0x76 src/ASF/common/services/usb/class/cdc/device/udi_cdc.o
                0x00010556                udi_cdc_comm_enable
 .text.udi_cdc_tx_send
                0x000105cc      0x156 src/ASF/common/services/usb/class/cdc/device/udi_cdc.o
 .text.udi_cdc_data_sent
                0x00010722       0x30 src/ASF/common/services/usb/class/cdc/device/udi_cdc.o
 .text.udi_cdc_data_sof_notify
                0x00010752        0x6 src/ASF/common/services/usb/class/cdc/device/udi_cdc.o
                0x00010752                udi_cdc_data_sof_notify
 .text.udi_cdc_data_disable
                0x00010758       0x18 src/ASF/common/services/usb/class/cdc/device/udi_cdc.o
                0x00010758                udi_cdc_data_disable
 .text.udi_cdc_comm_setup
                0x00010770       0xb0 src/ASF/common/services/usb/class/cdc/device/udi_cdc.o
                0x00010770                udi_cdc_comm_setup
 .text.udi_cdc_multi_get_nb_received_data
                0x00010820       0x26 src/ASF/common/services/usb/class/cdc/device/udi_cdc.o
                0x00010820                udi_cdc_multi_get_nb_received_data
 .text.udi_cdc_multi_is_rx_ready
                0x00010846        0xe src/ASF/common/services/usb/class/cdc/device/udi_cdc.o
                0x00010846                udi_cdc_multi_is_rx_ready
 .text.udi_cdc_rx_start
                0x00010854       0x8e src/ASF/common/services/usb/class/cdc/device/udi_cdc.o
 .text.udi_cdc_data_enable
                0x000108e2       0x64 src/ASF/common/services/usb/class/cdc/device/udi_cdc.o
                0x000108e2                udi_cdc_data_enable
 .text.udi_cdc_data_received
                0x00010946       0x62 src/ASF/common/services/usb/class/cdc/device/udi_cdc.o
 .text.udi_cdc_multi_getc
                0x000109a8       0x92 src/ASF/common/services/usb/class/cdc/device/udi_cdc.o
                0x000109a8                udi_cdc_multi_getc
 .text.udi_cdc_getc
                0x00010a3a        0x6 src/ASF/common/services/usb/class/cdc/device/udi_cdc.o
                0x00010a3a                udi_cdc_getc
 .text.udi_cdc_multi_get_free_tx_buffer
                0x00010a40       0x4c src/ASF/common/services/usb/class/cdc/device/udi_cdc.o
                0x00010a40                udi_cdc_multi_get_free_tx_buffer
 .text.udi_cdc_multi_is_tx_ready
                0x00010a8c        0xe src/ASF/common/services/usb/class/cdc/device/udi_cdc.o
                0x00010a8c                udi_cdc_multi_is_tx_ready
 .text.udi_cdc_multi_putc
                0x00010a9a       0x8a src/ASF/common/services/usb/class/cdc/device/udi_cdc.o
                0x00010a9a                udi_cdc_multi_putc
 .text.udi_cdc_putc
                0x00010b24        0x8 src/ASF/common/services/usb/class/cdc/device/udi_cdc.o
                0x00010b24                udi_cdc_putc
 .text.udi_msc_disable
                0x00010b2c       0x10 src/ASF/common/services/usb/class/msc/device/udi_msc.o
                0x00010b2c                udi_msc_disable
 .text.udi_msc_getsetting
                0x00010b3c        0x4 src/ASF/common/services/usb/class/msc/device/udi_msc.o
                0x00010b3c                udi_msc_getsetting
 .text.udi_msc_trans_ack
                0x00010b40       0x14 src/ASF/common/services/usb/class/msc/device/udi_msc.o
 .text.udi_msc_cbw_wait
                0x00010b54       0x2c src/ASF/common/services/usb/class/msc/device/udi_msc.o
 .text.udi_msc_enable
                0x00010b80       0x40 src/ASF/common/services/usb/class/msc/device/udi_msc.o
                0x00010b80                udi_msc_enable
 .text.udi_msc_csw_sent
                0x00010bc0        0x4 src/ASF/common/services/usb/class/msc/device/udi_msc.o
 .text.udi_msc_csw_send
                0x00010bc4       0x2c src/ASF/common/services/usb/class/msc/device/udi_msc.o
                0x00010bc4                udi_msc_csw_send
 .text.udi_msc_cbw_invalid
                0x00010bf0       0x1a src/ASF/common/services/usb/class/msc/device/udi_msc.o
 .text.udi_msc_csw_invalid
                0x00010c0a       0x1a src/ASF/common/services/usb/class/msc/device/udi_msc.o
 .text.udi_msc_csw_process
                0x00010c24       0x52 src/ASF/common/services/usb/class/msc/device/udi_msc.o
 .text.udi_msc_clear_sense
                0x00010c76       0x1a src/ASF/common/services/usb/class/msc/device/udi_msc.o
 .text.udi_msc_sense_fail
                0x00010c90       0x50 src/ASF/common/services/usb/class/msc/device/udi_msc.o
 .text.udi_msc_sense_fail_cdb_invalid
                0x00010ce0       0x10 src/ASF/common/services/usb/class/msc/device/udi_msc.o
 .text.udi_msc_cbw_validate
                0x00010cf0       0x36 src/ASF/common/services/usb/class/msc/device/udi_msc.o
 .text.udi_msc_sense_fail_hardware
                0x00010d26       0x10 src/ASF/common/services/usb/class/msc/device/udi_msc.o
 .text.udi_msc_data_send
                0x00010d36       0x24 src/ASF/common/services/usb/class/msc/device/udi_msc.o
 .text.udi_msc_sense_fail_busy_or_change
                0x00010d5a       0x10 src/ASF/common/services/usb/class/msc/device/udi_msc.o
 .text.udi_msc_sense_fail_not_present
                0x00010d6a       0x10 src/ASF/common/services/usb/class/msc/device/udi_msc.o
 .text.udi_msc_sense_pass
                0x00010d7a        0x8 src/ASF/common/services/usb/class/msc/device/udi_msc.o
 .text.udi_msc_data_sent
                0x00010d82       0x30 src/ASF/common/services/usb/class/msc/device/udi_msc.o
 .text.udi_msc_spc_mode_sense
                0x00010db2       0xb0 src/ASF/common/services/usb/class/msc/device/udi_msc.o
 .text.udi_msc_sbc_trans
                0x00010e62       0x92 src/ASF/common/services/usb/class/msc/device/udi_msc.o
 .text.udi_msc_cbw_received
                0x00010ef4      0x272 src/ASF/common/services/usb/class/msc/device/udi_msc.o
 .text.udi_msc_setup
                0x00011166       0xa8 src/ASF/common/services/usb/class/msc/device/udi_msc.o
                0x00011166                udi_msc_setup
 .text.udi_msc_process_trans
                0x0001120e       0x8c src/ASF/common/services/usb/class/msc/device/udi_msc.o
                0x0001120e                udi_msc_process_trans
 .text.udi_msc_trans_block
                0x0001129a       0xb8 src/ASF/common/services/usb/class/msc/device/udi_msc.o
                0x0001129a                udi_msc_trans_block
 .text.udc_next_desc_in_iface
                0x00011352       0x6a src/ASF/common/services/usb/udc/udc.o
 .text.udc_valid_address
                0x000113bc        0xc src/ASF/common/services/usb/udc/udc.o
 .text.udc_update_iface_desc
                0x000113c8       0x74 src/ASF/common/services/usb/udc/udc.o
 .text.udc_iface_disable
                0x0001143c       0x84 src/ASF/common/services/usb/udc/udc.o
 .text.udc_iface_enable
                0x000114c0       0x66 src/ASF/common/services/usb/udc/udc.o
 .text.udc_start
                0x00011526        0x6 src/ASF/common/services/usb/udc/udc.o
                0x00011526                udc_start
 .text.udc_reset
                0x0001152c       0x4e src/ASF/common/services/usb/udc/udc.o
                0x0001152c                udc_reset
 .text.udc_stop
                0x0001157a        0x8 src/ASF/common/services/usb/udc/udc.o
                0x0001157a                udc_stop
 .text.udc_sof_notify
                0x00011582       0x5e src/ASF/common/services/usb/udc/udc.o
                0x00011582                udc_sof_notify
 .text.udc_process_setup
                0x000115e0      0x596 src/ASF/common/services/usb/udc/udc.o
                0x000115e0                udc_process_setup
 .text._read    0x00011b76       0x32 src/ASF/common/utils/stdio/read.o
                0x00011b76                _read
 .text.stdio_usb_putchar
                0x00011ba8       0x30 src/ASF/common/utils/stdio/stdio_usb/stdio_usb.o
                0x00011ba8                stdio_usb_putchar
 .text.stdio_usb_getchar
                0x00011bd8       0x1e src/ASF/common/utils/stdio/stdio_usb/stdio_usb.o
                0x00011bd8                stdio_usb_getchar
 .text.stdio_usb_enable
                0x00011bf6        0x8 src/ASF/common/utils/stdio/stdio_usb/stdio_usb.o
                0x00011bf6                stdio_usb_enable
 .text.stdio_usb_disable
                0x00011bfe        0x6 src/ASF/common/utils/stdio/stdio_usb/stdio_usb.o
                0x00011bfe                stdio_usb_disable
 .text.stdio_usb_init
                0x00011c04       0x30 src/ASF/common/utils/stdio/stdio_usb/stdio_usb.o
                0x00011c04                stdio_usb_init
 .text._write   0x00011c34       0x24 src/ASF/common/utils/stdio/write.o
                0x00011c34                _write
 .text.disk_initialize
                0x00011c58       0x3e src/ASF/thirdparty/fatfs/fatfs-port-r0.09/diskio.o
                0x00011c58                disk_initialize
 .text.disk_status
                0x00011c96       0x1a src/ASF/thirdparty/fatfs/fatfs-port-r0.09/diskio.o
                0x00011c96                disk_status
 .text.disk_read
                0x00011cb0      0x148 src/ASF/thirdparty/fatfs/fatfs-port-r0.09/diskio.o
                0x00011cb0                disk_read
 .text.disk_write
                0x00011df8      0x148 src/ASF/thirdparty/fatfs/fatfs-port-r0.09/diskio.o
                0x00011df8                disk_write
 .text.disk_ioctl
                0x00011f40       0x9c src/ASF/thirdparty/fatfs/fatfs-port-r0.09/diskio.o
                0x00011f40                disk_ioctl
 .text.get_fattime
                0x00011fdc       0xa6 src/ASF/thirdparty/fatfs/fatfs-port-r0.09/xmega/fattime.o
                0x00011fdc                get_fattime
 .text.mem_cpy  0x00012082       0x1c src/ASF/thirdparty/fatfs/fatfs-r0.09/src/ff.o
 .text.mem_set  0x0001209e       0x16 src/ASF/thirdparty/fatfs/fatfs-r0.09/src/ff.o
 .text.clust2sect
                0x000120b4       0x5c src/ASF/thirdparty/fatfs/fatfs-r0.09/src/ff.o
 .text.sum_sfn  0x00012110       0x1c src/ASF/thirdparty/fatfs/fatfs-r0.09/src/ff.o
 .text.validate
                0x0001212c       0x32 src/ASF/thirdparty/fatfs/fatfs-r0.09/src/ff.o
 .text.check_fs
                0x0001215e       0xd2 src/ASF/thirdparty/fatfs/fatfs-r0.09/src/ff.o
 .text.chk_mounted
                0x00012230      0x788 src/ASF/thirdparty/fatfs/fatfs-r0.09/src/ff.o
 .text.get_fileinfo
                0x000129b8      0x23e src/ASF/thirdparty/fatfs/fatfs-r0.09/src/ff.o
 .text.move_window
                0x00012bf6       0xf4 src/ASF/thirdparty/fatfs/fatfs-r0.09/src/ff.o
 .text.get_fat  0x00012cea      0x1f6 src/ASF/thirdparty/fatfs/fatfs-r0.09/src/ff.o
 .text.dir_sdi  0x00012ee0      0x16e src/ASF/thirdparty/fatfs/fatfs-r0.09/src/ff.o
 .text.put_fat  0x0001304e      0x23c src/ASF/thirdparty/fatfs/fatfs-r0.09/src/ff.o
 .text.create_chain
                0x0001328a      0x1f0 src/ASF/thirdparty/fatfs/fatfs-r0.09/src/ff.o
 .text.remove_chain
                0x0001347a       0xf0 src/ASF/thirdparty/fatfs/fatfs-r0.09/src/ff.o
 .text.dir_next
                0x0001356a      0x23a src/ASF/thirdparty/fatfs/fatfs-r0.09/src/ff.o
 .text.dir_find
                0x000137a4      0x232 src/ASF/thirdparty/fatfs/fatfs-r0.09/src/ff.o
 .text.dir_register
                0x000139d6      0x438 src/ASF/thirdparty/fatfs/fatfs-r0.09/src/ff.o
 .text.dir_read
                0x00013e0e      0x1ca src/ASF/thirdparty/fatfs/fatfs-r0.09/src/ff.o
 .text.dir_remove
                0x00013fd8       0x88 src/ASF/thirdparty/fatfs/fatfs-r0.09/src/ff.o
 .text.sync     0x00014060       0xe0 src/ASF/thirdparty/fatfs/fatfs-r0.09/src/ff.o
 .text.follow_path
                0x00014140      0x45c src/ASF/thirdparty/fatfs/fatfs-r0.09/src/ff.o
 .text.f_mount  0x0001459c       0x3c src/ASF/thirdparty/fatfs/fatfs-r0.09/src/ff.o
                0x0001459c                f_mount
 .text.f_open   0x000145d8      0x2c6 src/ASF/thirdparty/fatfs/fatfs-r0.09/src/ff.o
                0x000145d8                f_open
 .text.f_read   0x0001489e      0x29a src/ASF/thirdparty/fatfs/fatfs-r0.09/src/ff.o
                0x0001489e                f_read
 .text.f_write  0x00014b38      0x35c src/ASF/thirdparty/fatfs/fatfs-r0.09/src/ff.o
                0x00014b38                f_write
 .text.f_sync   0x00014e94       0x8c src/ASF/thirdparty/fatfs/fatfs-r0.09/src/ff.o
                0x00014e94                f_sync
 .text.f_close  0x00014f20       0x16 src/ASF/thirdparty/fatfs/fatfs-r0.09/src/ff.o
                0x00014f20                f_close
 .text.f_lseek  0x00014f36      0x3a6 src/ASF/thirdparty/fatfs/fatfs-r0.09/src/ff.o
                0x00014f36                f_lseek
 .text.f_opendir
                0x000152dc       0xf0 src/ASF/thirdparty/fatfs/fatfs-r0.09/src/ff.o
                0x000152dc                f_opendir
 .text.f_readdir
                0x000153cc       0xb6 src/ASF/thirdparty/fatfs/fatfs-r0.09/src/ff.o
                0x000153cc                f_readdir
 .text.f_unlink
                0x00015482      0x146 src/ASF/thirdparty/fatfs/fatfs-r0.09/src/ff.o
                0x00015482                f_unlink
 .text.f_gets   0x000155c8       0xb4 src/ASF/thirdparty/fatfs/fatfs-r0.09/src/ff.o
                0x000155c8                f_gets
 .text.f_putc   0x0001567c       0x44 src/ASF/thirdparty/fatfs/fatfs-r0.09/src/ff.o
                0x0001567c                f_putc
 .text.f_puts   0x000156c0       0x50 src/ASF/thirdparty/fatfs/fatfs-r0.09/src/ff.o
                0x000156c0                f_puts
 .text.ff_convert
                0x00015710       0x5c src/ASF/thirdparty/fatfs/fatfs-r0.09/src/option/ccsbcs.o
                0x00015710                ff_convert
 .text.ff_wtoupper
                0x0001576c       0x3c src/ASF/thirdparty/fatfs/fatfs-r0.09/src/option/ccsbcs.o
                0x0001576c                ff_wtoupper
 .text.board_init
                0x000157a8      0x11a src/ASF/xmega/boards/xmega_c3_xplained/init.o
                0x000157a8                board_init
 .text.ccp_write_io
                0x000158c2        0xc src/ASF/xmega/drivers/cpu/ccp.o
                0x000158c2                ccp_write_io
 .text.nvm_read_byte
                0x000158ce       0x14 src/ASF/xmega/drivers/nvm/nvm_asm.o
                0x000158ce                nvm_read_byte
 .text.rtc_get_time
                0x000158e2       0x56 src/ASF/xmega/drivers/rtc/rtc.o
                0x000158e2                rtc_get_time
 .text.rtc_init
                0x00015938       0x22 src/ASF/xmega/drivers/rtc/rtc.o
                0x00015938                rtc_init
 .text.__vector_10
                0x0001595a       0x3a src/ASF/xmega/drivers/rtc/rtc.o
                0x0001595a                __vector_10
 .text.__vector_11
                0x00015994       0xf6 src/ASF/xmega/drivers/rtc/rtc.o
                0x00015994                __vector_11
 .text.__vector_14
                0x00015a8a       0x5a src/ASF/xmega/drivers/tc/tc.o
                0x00015a8a                __vector_14
 .text.__vector_15
                0x00015ae4       0x5a src/ASF/xmega/drivers/tc/tc.o
                0x00015ae4                __vector_15
 .text.__vector_16
                0x00015b3e       0x5a src/ASF/xmega/drivers/tc/tc.o
                0x00015b3e                __vector_16
 .text.__vector_17
                0x00015b98       0x5a src/ASF/xmega/drivers/tc/tc.o
                0x00015b98                __vector_17
 .text.__vector_18
                0x00015bf2       0x5a src/ASF/xmega/drivers/tc/tc.o
                0x00015bf2                __vector_18
 .text.__vector_19
                0x00015c4c       0x5a src/ASF/xmega/drivers/tc/tc.o
                0x00015c4c                __vector_19
 .text.__vector_20
                0x00015ca6       0x5a src/ASF/xmega/drivers/tc/tc.o
                0x00015ca6                __vector_20
 .text.__vector_21
                0x00015d00       0x5a src/ASF/xmega/drivers/tc/tc.o
                0x00015d00                __vector_21
 .text.__vector_22
                0x00015d5a       0x5a src/ASF/xmega/drivers/tc/tc.o
                0x00015d5a                __vector_22
 .text.__vector_23
                0x00015db4       0x5a src/ASF/xmega/drivers/tc/tc.o
                0x00015db4                __vector_23
 .text.__vector_77
                0x00015e0e       0x5a src/ASF/xmega/drivers/tc/tc.o
                0x00015e0e                __vector_77
 .text.__vector_78
                0x00015e68       0x5a src/ASF/xmega/drivers/tc/tc.o
                0x00015e68                __vector_78
 .text.__vector_79
                0x00015ec2       0x5a src/ASF/xmega/drivers/tc/tc.o
                0x00015ec2                __vector_79
 .text.__vector_80
                0x00015f1c       0x5a src/ASF/xmega/drivers/tc/tc.o
                0x00015f1c                __vector_80
 .text.__vector_81
                0x00015f76       0x5a src/ASF/xmega/drivers/tc/tc.o
                0x00015f76                __vector_81
 .text.__vector_82
                0x00015fd0       0x5a src/ASF/xmega/drivers/tc/tc.o
                0x00015fd0                __vector_82
 .text.__vector_47
                0x0001602a       0x5a src/ASF/xmega/drivers/tc/tc.o
                0x0001602a                __vector_47
 .text.__vector_48
                0x00016084       0x5a src/ASF/xmega/drivers/tc/tc.o
                0x00016084                __vector_48
 .text.__vector_49
                0x000160de       0x5a src/ASF/xmega/drivers/tc/tc.o
                0x000160de                __vector_49
 .text.__vector_50
                0x00016138       0x5a src/ASF/xmega/drivers/tc/tc.o
                0x00016138                __vector_50
 .text.__vector_51
                0x00016192       0x5a src/ASF/xmega/drivers/tc/tc.o
                0x00016192                __vector_51
 .text.__vector_52
                0x000161ec       0x5a src/ASF/xmega/drivers/tc/tc.o
                0x000161ec                __vector_52
 .text.__vector_108
                0x00016246       0x5a src/ASF/xmega/drivers/tc/tc.o
                0x00016246                __vector_108
 .text.__vector_109
                0x000162a0       0x5a src/ASF/xmega/drivers/tc/tc.o
                0x000162a0                __vector_109
 .text.__vector_110
                0x000162fa       0x5a src/ASF/xmega/drivers/tc/tc.o
                0x000162fa                __vector_110
 .text.__vector_111
                0x00016354       0x5a src/ASF/xmega/drivers/tc/tc.o
                0x00016354                __vector_111
 .text.__vector_112
                0x000163ae       0x5a src/ASF/xmega/drivers/tc/tc.o
                0x000163ae                __vector_112
 .text.__vector_113
                0x00016408       0x5a src/ASF/xmega/drivers/tc/tc.o
                0x00016408                __vector_113
 .text.tc_enable
                0x00016462       0x94 src/ASF/xmega/drivers/tc/tc.o
                0x00016462                tc_enable
 .text.tc_set_cca_interrupt_callback
                0x000164f6       0x58 src/ASF/xmega/drivers/tc/tc.o
                0x000164f6                tc_set_cca_interrupt_callback
 .text.usart_spi_set_baudrate
                0x0001654e       0x64 src/ASF/xmega/drivers/usart/usart.o
                0x0001654e                usart_spi_set_baudrate
 .text.usart_init_spi
                0x000165b2      0x31a src/ASF/xmega/drivers/usart/usart.o
                0x000165b2                usart_init_spi
 .text.udd_ctrl_init
                0x000168cc       0x56 src/ASF/xmega/drivers/usb/usb_device.o
 .text.udd_ctrl_stall_data
                0x00016922       0x1c src/ASF/xmega/drivers/usb/usb_device.o
 .text.udd_ctrl_send_zlp_in
                0x0001693e       0x1c src/ASF/xmega/drivers/usb/usb_device.o
 .text.udd_ctrl_endofrequest
                0x0001695a       0x10 src/ASF/xmega/drivers/usb/usb_device.o
 .text.udd_ctrl_in_sent
                0x0001696a       0xdc src/ASF/xmega/drivers/usb/usb_device.o
 .text.udd_ep_get_size
                0x00016a46       0x4a src/ASF/xmega/drivers/usb/usb_device.o
 .text.udd_ep_get_job
                0x00016a90       0x36 src/ASF/xmega/drivers/usb/usb_device.o
 .text.udd_ctrl_interrupt_tc_setup
                0x00016ac6       0xe0 src/ASF/xmega/drivers/usb/usb_device.o
 .text.udd_ep_trans_complet
                0x00016ba6      0x228 src/ASF/xmega/drivers/usb/usb_device.o
 .text.udd_disable
                0x00016dce       0x24 src/ASF/xmega/drivers/usb/usb_device.o
                0x00016dce                udd_disable
 .text.udd_attach
                0x00016df2       0x44 src/ASF/xmega/drivers/usb/usb_device.o
                0x00016df2                udd_attach
 .text.udd_enable
                0x00016e36       0xf4 src/ASF/xmega/drivers/usb/usb_device.o
                0x00016e36                udd_enable
 .text.udd_is_high_speed
                0x00016f2a        0x4 src/ASF/xmega/drivers/usb/usb_device.o
                0x00016f2a                udd_is_high_speed
 .text.udd_set_address
                0x00016f2e        0x6 src/ASF/xmega/drivers/usb/usb_device.o
                0x00016f2e                udd_set_address
 .text.udd_getaddress
                0x00016f34        0x6 src/ASF/xmega/drivers/usb/usb_device.o
                0x00016f34                udd_getaddress
 .text.udd_get_frame_number
                0x00016f3a        0xa src/ASF/xmega/drivers/usb/usb_device.o
                0x00016f3a                udd_get_frame_number
 .text.udd_get_micro_frame_number
                0x00016f44        0x6 src/ASF/xmega/drivers/usb/usb_device.o
                0x00016f44                udd_get_micro_frame_number
 .text.udd_set_setup_payload
                0x00016f4a       0x12 src/ASF/xmega/drivers/usb/usb_device.o
                0x00016f4a                udd_set_setup_payload
 .text.udd_ep_alloc
                0x00016f5c       0xc2 src/ASF/xmega/drivers/usb/usb_device.o
                0x00016f5c                udd_ep_alloc
 .text.udd_ep_is_halted
                0x0001701e       0x36 src/ASF/xmega/drivers/usb/usb_device.o
                0x0001701e                udd_ep_is_halted
 .text.udd_ep_clear_halt
                0x00017054       0x54 src/ASF/xmega/drivers/usb/usb_device.o
                0x00017054                udd_ep_clear_halt
 .text.udd_ep_run
                0x000170a8      0x110 src/ASF/xmega/drivers/usb/usb_device.o
                0x000170a8                udd_ep_run
 .text.udd_ep_abort
                0x000171b8       0x72 src/ASF/xmega/drivers/usb/usb_device.o
                0x000171b8                udd_ep_abort
 .text.udd_ep_free
                0x0001722a       0x3a src/ASF/xmega/drivers/usb/usb_device.o
                0x0001722a                udd_ep_free
 .text.udd_ep_set_halt
                0x00017264       0x42 src/ASF/xmega/drivers/usb/usb_device.o
                0x00017264                udd_ep_set_halt
 .text.udd_ep_wait_stall_clear
                0x000172a6       0x68 src/ASF/xmega/drivers/usb/usb_device.o
                0x000172a6                udd_ep_wait_stall_clear
 .text.__vector_125
                0x0001730e      0x17e src/ASF/xmega/drivers/usb/usb_device.o
                0x0001730e                __vector_125
 .text.__vector_126
                0x0001748c      0x1dc src/ASF/xmega/drivers/usb/usb_device.o
                0x0001748c                __vector_126
 .text.base64enc
                0x00017668      0x1de src/base64.o
                0x00017668                base64enc
 .text.base64_binlength
                0x00017846       0xf2 src/base64.o
                0x00017846                base64_binlength
 .text.base64dec
                0x00017938      0x1d4 src/base64.o
                0x00017938                base64dec
 .text.hash256  0x00017b0c       0x1c src/bitcoin.o
                0x00017b0c                hash256
 .text.hash160  0x00017b28       0x40 src/bitcoin.o
                0x00017b28                hash160
 .text.compute_checksum
                0x00017b68       0x3e src/bitcoin.o
                0x00017b68                compute_checksum
 .text.verify_checksum
                0x00017ba6       0x5c src/bitcoin.o
                0x00017ba6                verify_checksum
 .text.fix_verify_checksum
                0x00017c02      0x100 src/bitcoin.o
                0x00017c02                fix_verify_checksum
 .text.privkey_to_pubkey
                0x00017d02       0x88 src/bitcoin.o
                0x00017d02                privkey_to_pubkey
 .text.pubkey_to_pubkeyhash
                0x00017d8a       0x2a src/bitcoin.o
                0x00017d8a                pubkey_to_pubkeyhash
 .text.pubkeyhash_to_addr
                0x00017db4       0x54 src/bitcoin.o
                0x00017db4                pubkeyhash_to_addr
 .text.pubkey_to_p2pkhscript
                0x00017e08       0x54 src/bitcoin.o
                0x00017e08                pubkey_to_p2pkhscript
 .text.pkscript_to_addr
                0x00017e5c       0x62 src/bitcoin.o
                0x00017e5c                pkscript_to_addr
 .text.b_open   0x00017ebe       0x20 src/bytestream.o
                0x00017ebe                b_open
 .text.b_setbufout
                0x00017ede        0xc src/bytestream.o
                0x00017ede                b_setbufout
 .text.b_addr   0x00017eea        0x8 src/bytestream.o
                0x00017eea                b_addr
 .text.b_posaddr
                0x00017ef2       0x10 src/bytestream.o
                0x00017ef2                b_posaddr
 .text.b_tell   0x00017f02       0x10 src/bytestream.o
                0x00017f02                b_tell
 .text.b_size   0x00017f12        0x8 src/bytestream.o
                0x00017f12                b_size
 .text.b_ressize
                0x00017f1a        0x8 src/bytestream.o
                0x00017f1a                b_ressize
 .text.b_srcsize
                0x00017f22       0x18 src/bytestream.o
                0x00017f22                b_srcsize
 .text.b_setpos
                0x00017f3a       0x30 src/bytestream.o
                0x00017f3a                b_setpos
 .text.b_setbufin
                0x00017f6a       0x12 src/bytestream.o
                0x00017f6a                b_setbufin
 .text.b_seek   0x00017f7c       0x70 src/bytestream.o
                0x00017f7c                b_seek
 .text.b_rewind
                0x00017fec        0x8 src/bytestream.o
                0x00017fec                b_rewind
 .text.b_reopen
                0x00017ff4       0x24 src/bytestream.o
                0x00017ff4                b_reopen
 .text.b_read   0x00018018       0xf8 src/bytestream.o
                0x00018018                b_read
 .text.b_flush  0x00018110       0x2e src/bytestream.o
                0x00018110                b_flush
 .text.b_write  0x0001813e       0xe4 src/bytestream.o
                0x0001813e                b_write
 .text.b_copy   0x00018222       0xc0 src/bytestream.o
                0x00018222                b_copy
 .text.b_putc   0x000182e2       0x20 src/bytestream.o
                0x000182e2                b_putc
 .text.b_putvint
                0x00018302       0xc0 src/bytestream.o
                0x00018302                b_putvint
 .text.b_getvint
                0x000183c2       0x7c src/bytestream.o
                0x000183c2                b_getvint
 .text.vli_clear
                0x0001843e       0x14 src/ecc.o
 .text.vli_isZero
                0x00018452       0x32 src/ecc.o
 .text.vli_numBits
                0x00018484       0x6c src/ecc.o
 .text.vli_set  0x000184f0       0x18 src/ecc.o
 .text.vli_cmp  0x00018508       0x4c src/ecc.o
 .text.vli_rshift1
                0x00018554       0x38 src/ecc.o
 .text.vli_sub  0x0001858c       0x3e src/ecc.o
 .text.vli_add  0x000185ca       0x3a src/ecc.o
                0x000185ca                vli_add
 .text.omega_mult
                0x00018604       0xbe src/ecc.o
 .text.vli_mmod_fast
                0x000186c2       0xae src/ecc.o
 .text.vli_modSquare_fast
                0x00018770      0x122 src/ecc.o
 .text.vli_modSub
                0x00018892       0x24 src/ecc.o
 .text.vli_modInv
                0x000188b6      0x230 src/ecc.o
 .text.vli_mult
                0x00018ae6       0xc4 src/ecc.o
                0x00018ae6                vli_mult
 .text.vli_modAdd
                0x00018baa       0x2e src/ecc.o
                0x00018baa                vli_modAdd
 .text.vli_modMult_fast
                0x00018bd8       0x38 src/ecc.o
                0x00018bd8                vli_modMult_fast
 .text.EccPoint_double_jacobian
                0x00018c10      0x10c src/ecc.o
 .text.XYcZ_addC
                0x00018d1c      0x154 src/ecc.o
 .text.XYcZ_add
                0x00018e70       0xe8 src/ecc.o
 .text.apply_z  0x00018f58       0x64 src/ecc.o
 .text.EccPoint_mult
                0x00018fbc      0x322 src/ecc.o
                0x00018fbc                EccPoint_mult
 .text.ecc_make_key
                0x000192de       0x4a src/ecc.o
                0x000192de                ecc_make_key
 .text.vli_modMult
                0x00019328      0x214 src/ecc.o
                0x00019328                vli_modMult
 .text.ecdsa_sign
                0x0001953c      0x118 src/ecc.o
                0x0001953c                ecdsa_sign
 .text.vli_swap
                0x00019654       0x40 src/ecc.o
                0x00019654                vli_swap
 .text.ecdsa_derive_k
                0x00019694      0x252 src/ecc.o
                0x00019694                ecdsa_derive_k
 .text.hmac_sha256
                0x000198e6      0x13e src/hmac.o
                0x000198e6                hmac_sha256
 .text.hmac_sha256_armory_workaround
                0x00019a24      0x13e src/hmac.o
                0x00019a24                hmac_sha256_armory_workaround
 .text.check_sdcard
                0x00019b62       0x8e src/main.o
                0x00019b62                check_sdcard
 .text.main     0x00019bf0       0xaa src/main.o
                0x00019bf0                main
 .text.libgcc.mul
                0x00019c9a       0x1e c:/program files (x86)/atmel/atmel toolchain/avr8 gcc/native/3.4.1056/avr8-gnu-toolchain/bin/../lib/gcc/avr/4.8.1/avrxmega6\libgcc.a(_mulsi3.o)
                0x00019c9a                __mulsi3
 .text.libgcc.div
                0x00019cb8       0x28 c:/program files (x86)/atmel/atmel toolchain/avr8 gcc/native/3.4.1056/avr8-gnu-toolchain/bin/../lib/gcc/avr/4.8.1/avrxmega6\libgcc.a(_udivmodhi4.o)
                0x00019cb8                __udivmodhi4
 .text.libgcc.div
                0x00019ce0       0x44 c:/program files (x86)/atmel/atmel toolchain/avr8 gcc/native/3.4.1056/avr8-gnu-toolchain/bin/../lib/gcc/avr/4.8.1/avrxmega6\libgcc.a(_udivmodsi4.o)
                0x00019ce0                __udivmodsi4
 .text.libgcc   0x00019d24        0xc c:/program files (x86)/atmel/atmel toolchain/avr8 gcc/native/3.4.1056/avr8-gnu-toolchain/bin/../lib/gcc/avr/4.8.1/avrxmega6\libgcc.a(_tablejump.o)
                0x00019d24                __tablejump2__
                0x00019d28                __tablejump__
 .text.libgcc.mul
                0x00019d30       0x1e c:/program files (x86)/atmel/atmel toolchain/avr8 gcc/native/3.4.1056/avr8-gnu-toolchain/bin/../lib/gcc/avr/4.8.1/avrxmega6\libgcc.a(_umulhisi3.o)
                0x00019d30                __umulhisi3
 .text.libgcc.mul
                0x00019d4e       0x14 c:/program files (x86)/atmel/atmel toolchain/avr8 gcc/native/3.4.1056/avr8-gnu-toolchain/bin/../lib/gcc/avr/4.8.1/avrxmega6\libgcc.a(_muluhisi3.o)
                0x00019d4e                __muluhisi3
 .text.libgcc.mul
                0x00019d62        0xc c:/program files (x86)/atmel/atmel toolchain/avr8 gcc/native/3.4.1056/avr8-gnu-toolchain/bin/../lib/gcc/avr/4.8.1/avrxmega6\libgcc.a(_mulshisi3.o)
                0x00019d62                __mulshisi3
                0x00019d66                __mulohisi3
 .text.libgcc.div
                0x00019d6e       0x1a c:/program files (x86)/atmel/atmel toolchain/avr8 gcc/native/3.4.1056/avr8-gnu-toolchain/bin/../lib/gcc/avr/4.8.1/avrxmega6\libgcc.a(_udivdi3.o)
                0x00019d6e                __umoddi3
                0x00019d72                __udivdi3
                0x00019d74                __udivdi3_umoddi3
 .text.libgcc.div
                0x00019d88       0xa2 c:/program files (x86)/atmel/atmel toolchain/avr8 gcc/native/3.4.1056/avr8-gnu-toolchain/bin/../lib/gcc/avr/4.8.1/avrxmega6\libgcc.a(_udivmod64.o)
                0x00019d88                __udivmod64
 .text.libgcc.prologue
                0x00019e2a       0x32 c:/program files (x86)/atmel/atmel toolchain/avr8 gcc/native/3.4.1056/avr8-gnu-toolchain/bin/../lib/gcc/avr/4.8.1/avrxmega6\libgcc.a(_prologue.o)
                0x00019e2a                __prologue_saves__
 .text.libgcc.prologue
                0x00019e5c       0x30 c:/program files (x86)/atmel/atmel toolchain/avr8 gcc/native/3.4.1056/avr8-gnu-toolchain/bin/../lib/gcc/avr/4.8.1/avrxmega6\libgcc.a(_epilogue.o)
                0x00019e5c                __epilogue_restores__
 .text.libgcc.builtins
                0x00019e8c       0x32 c:/program files (x86)/atmel/atmel toolchain/avr8 gcc/native/3.4.1056/avr8-gnu-toolchain/bin/../lib/gcc/avr/4.8.1/avrxmega6\libgcc.a(_ashldi3.o)
                0x00019e8c                __ashldi3
 .text.libgcc.builtins
                0x00019ebe       0x3c c:/program files (x86)/atmel/atmel toolchain/avr8 gcc/native/3.4.1056/avr8-gnu-toolchain/bin/../lib/gcc/avr/4.8.1/avrxmega6\libgcc.a(_ashrdi3.o)
                0x00019ebe                __ashrdi3
                0x00019ec2                __lshrdi3
 .text.libgcc.builtins
                0x00019efa       0x36 c:/program files (x86)/atmel/atmel toolchain/avr8 gcc/native/3.4.1056/avr8-gnu-toolchain/bin/../lib/gcc/avr/4.8.1/avrxmega6\libgcc.a(_rotldi3.o)
                0x00019efa                __rotldi3
 .text.libgcc   0x00019f30       0x12 c:/program files (x86)/atmel/atmel toolchain/avr8 gcc/native/3.4.1056/avr8-gnu-toolchain/bin/../lib/gcc/avr/4.8.1/avrxmega6\libgcc.a(_adddi3.o)
                0x00019f30                __adddi3
 .text.libgcc   0x00019f42       0x18 c:/program files (x86)/atmel/atmel toolchain/avr8 gcc/native/3.4.1056/avr8-gnu-toolchain/bin/../lib/gcc/avr/4.8.1/avrxmega6\libgcc.a(_adddi3_s8.o)
                0x00019f42                __adddi3_s8
 .text.libgcc   0x00019f5a       0x12 c:/program files (x86)/atmel/atmel toolchain/avr8 gcc/native/3.4.1056/avr8-gnu-toolchain/bin/../lib/gcc/avr/4.8.1/avrxmega6\libgcc.a(_subdi3.o)
                0x00019f5a                __subdi3
 .text.libgcc   0x00019f6c       0x18 c:/program files (x86)/atmel/atmel toolchain/avr8 gcc/native/3.4.1056/avr8-gnu-toolchain/bin/../lib/gcc/avr/4.8.1/avrxmega6\libgcc.a(_cmpdi2_s8.o)
                0x00019f6c                __cmpdi2_s8
 .text.avr-libc
                0x00019f84       0x1a c:/program files (x86)/atmel/atmel toolchain/avr8 gcc/native/3.4.1056/avr8-gnu-toolchain/bin/../lib/gcc/avr/4.8.1/../../../../avr/lib/avrxmega6\libc.a(memcmp.o)
                0x00019f84                memcmp
 .text.avr-libc
                0x00019f9e       0x12 c:/program files (x86)/atmel/atmel toolchain/avr8 gcc/native/3.4.1056/avr8-gnu-toolchain/bin/../lib/gcc/avr/4.8.1/../../../../avr/lib/avrxmega6\libc.a(memcpy.o)
                0x00019f9e                memcpy
 .text.avr-libc
                0x00019fb0        0xe c:/program files (x86)/atmel/atmel toolchain/avr8 gcc/native/3.4.1056/avr8-gnu-toolchain/bin/../lib/gcc/avr/4.8.1/../../../../avr/lib/avrxmega6\libc.a(memset.o)
                0x00019fb0                memset
 .text.avr-libc
                0x00019fbe        0xe c:/program files (x86)/atmel/atmel toolchain/avr8 gcc/native/3.4.1056/avr8-gnu-toolchain/bin/../lib/gcc/avr/4.8.1/../../../../avr/lib/avrxmega6\libc.a(strcpy.o)
                0x00019fbe                strcpy
 .text.avr-libc
                0x00019fcc       0x34 c:/program files (x86)/atmel/atmel toolchain/avr8 gcc/native/3.4.1056/avr8-gnu-toolchain/bin/../lib/gcc/avr/4.8.1/../../../../avr/lib/avrxmega6\libc.a(strstr.o)
                0x00019fcc                strstr
 .text.avr-libc
                0x0001a000       0x94 c:/program files (x86)/atmel/atmel toolchain/avr8 gcc/native/3.4.1056/avr8-gnu-toolchain/bin/../lib/gcc/avr/4.8.1/../../../../avr/lib/avrxmega6\libc.a(fdevopen.o)
                0x0001a000                fdevopen
 .text.avr-libc
                0x0001a094       0x50 c:/program files (x86)/atmel/atmel toolchain/avr8 gcc/native/3.4.1056/avr8-gnu-toolchain/bin/../lib/gcc/avr/4.8.1/../../../../avr/lib/avrxmega6\libc.a(sprintf.o)
                0x0001a094                sprintf
 .text.avr-libc
                0x0001a0e4      0x3d0 c:/program files (x86)/atmel/atmel toolchain/avr8 gcc/native/3.4.1056/avr8-gnu-toolchain/bin/../lib/gcc/avr/4.8.1/../../../../avr/lib/avrxmega6\libc.a(vfprintf_std.o)
                0x0001a0e4                vfprintf
 .text.avr-libc
                0x0001a4b4       0x16 c:/program files (x86)/atmel/atmel toolchain/avr8 gcc/native/3.4.1056/avr8-gnu-toolchain/bin/../lib/gcc/avr/4.8.1/../../../../avr/lib/avrxmega6\libc.a(eerd_block_atxmega384c3.o)
                0x0001a4b4                __eerd_block_x384c3
 .text.avr-libc
                0x0001a4ca       0x20 c:/program files (x86)/atmel/atmel toolchain/avr8 gcc/native/3.4.1056/avr8-gnu-toolchain/bin/../lib/gcc/avr/4.8.1/../../../../avr/lib/avrxmega6\libc.a(eerd_byte_atxmega384c3.o)
                0x0001a4ca                __eerd_byte_x384c3
                0x0001a4d2                eeprom_mapen
 .text.avr-libc
                0x0001a4ea       0x1e c:/program files (x86)/atmel/atmel toolchain/avr8 gcc/native/3.4.1056/avr8-gnu-toolchain/bin/../lib/gcc/avr/4.8.1/../../../../avr/lib/avrxmega6\libc.a(eeupd_block_atxmega384c3.o)
                0x0001a4ea                __eeupd_block_x384c3
 .text.avr-libc
                0x0001a508       0x12 c:/program files (x86)/atmel/atmel toolchain/avr8 gcc/native/3.4.1056/avr8-gnu-toolchain/bin/../lib/gcc/avr/4.8.1/../../../../avr/lib/avrxmega6\libc.a(eeupd_byte_atxmega384c3.o)
                0x0001a508                __eeupd_byte_x384c3
                0x0001a50a                __eeupd_r18_x384c3
 .text.avr-libc
                0x0001a51a       0x46 c:/program files (x86)/atmel/atmel toolchain/avr8 gcc/native/3.4.1056/avr8-gnu-toolchain/bin/../lib/gcc/avr/4.8.1/../../../../avr/lib/avrxmega6\libc.a(eewr_byte_atxmega384c3.o)
                0x0001a51a                __eewr_byte_x384c3
                0x0001a51c                __eewr_r18_x384c3
 .text.avr-libc
                0x0001a560       0x34 c:/program files (x86)/atmel/atmel toolchain/avr8 gcc/native/3.4.1056/avr8-gnu-toolchain/bin/../lib/gcc/avr/4.8.1/../../../../avr/lib/avrxmega6\libc.a(calloc.o)
                0x0001a560                calloc
 .text.avr-libc
                0x0001a594      0x24e c:/program files (x86)/atmel/atmel toolchain/avr8 gcc/native/3.4.1056/avr8-gnu-toolchain/bin/../lib/gcc/avr/4.8.1/../../../../avr/lib/avrxmega6\libc.a(malloc.o)
                0x0001a594                malloc
                0x0001a6c4                free
 .text.avr-libc
                0x0001a7e2       0x16 c:/program files (x86)/atmel/atmel toolchain/avr8 gcc/native/3.4.1056/avr8-gnu-toolchain/bin/../lib/gcc/avr/4.8.1/../../../../avr/lib/avrxmega6\libc.a(strnlen_P.o)
                0x0001a7e2                strnlen_P
 .text.avr-libc
                0x0001a7f8       0x16 c:/program files (x86)/atmel/atmel toolchain/avr8 gcc/native/3.4.1056/avr8-gnu-toolchain/bin/../lib/gcc/avr/4.8.1/../../../../avr/lib/avrxmega6\libc.a(strnlen.o)
                0x0001a7f8                strnlen
 .text.avr-libc
                0x0001a80e       0x64 c:/program files (x86)/atmel/atmel toolchain/avr8 gcc/native/3.4.1056/avr8-gnu-toolchain/bin/../lib/gcc/avr/4.8.1/../../../../avr/lib/avrxmega6\libc.a(fputc.o)
                0x0001a80e                fputc
 .text.avr-libc
                0x0001a872       0xbc c:/program files (x86)/atmel/atmel toolchain/avr8 gcc/native/3.4.1056/avr8-gnu-toolchain/bin/../lib/gcc/avr/4.8.1/../../../../avr/lib/avrxmega6\libc.a(ultoa_invert.o)
                0x0001a872                __ultoa_invert
                0x0001a92e                . = ALIGN (0x2)
 *(.fini9)
 .fini9         0x0001a92e        0x0 c:/program files (x86)/atmel/atmel toolchain/avr8 gcc/native/3.4.1056/avr8-gnu-toolchain/bin/../lib/gcc/avr/4.8.1/avrxmega6\libgcc.a(_exit.o)
                0x0001a92e                _exit
                0x0001a92e                exit
 *(.fini9)
 *(.fini8)
 *(.fini8)
 *(.fini7)
 *(.fini7)
 *(.fini6)
 *(.fini6)
 *(.fini5)
 *(.fini5)
 *(.fini4)
 *(.fini4)
 *(.fini3)
 *(.fini3)
 *(.fini2)
 *(.fini2)
 *(.fini1)
 *(.fini1)
 *(.fini0)
 .fini0         0x0001a92e        0x4 c:/program files (x86)/atmel/atmel toolchain/avr8 gcc/native/3.4.1056/avr8-gnu-toolchain/bin/../lib/gcc/avr/4.8.1/avrxmega6\libgcc.a(_exit.o)
 *(.fini0)
                0x0001a932                _etext = .

.data           0x00802000      0xf7e load address 0x0001a932
                0x00802000                PROVIDE (__data_start, .)
 *(.data)
 .data          0x00802000        0x0 c:/program files (x86)/atmel/atmel toolchain/avr8 gcc/native/3.4.1056/avr8-gnu-toolchain/bin/../lib/gcc/avr/4.8.1/../../../../avr/lib/avrxmega6/crtx384c3.o
 .data          0x00802000        0x0 src/base58.o
 .data          0x00802000        0x0 src/rand.o
 .data          0x00802000        0x0 src/ripemd160.o
 .data          0x00802000        0x0 src/sha2.o
 .data          0x00802000        0x0 src/transaction.o
 .data          0x00802000        0x0 src/ui.o
 .data          0x00802000        0x0 src/utils.o
 .data          0x00802000        0x0 src/wallet.o
 .data          0x00802000        0x0 src/app_touch.o
 .data          0x00802000        0x0 src/ASF/common/components/display/ssd1306/font.o
 .data          0x00802000        0x0 src/ASF/common/components/display/ssd1306/ssd1306.o
 .data          0x00802000        0x0 src/ASF/common/components/memory/sd_mmc/sd_mmc.o
 .data          0x00802000        0x0 src/ASF/common/components/memory/sd_mmc/sd_mmc_mem.o
 .data          0x00802000        0x0 src/ASF/common/components/memory/sd_mmc/sd_mmc_spi.o
 .data          0x00802000        0x0 src/ASF/common/services/calendar/calendar.o
 .data          0x00802000        0x0 src/ASF/common/services/clock/xmega/sysclk.o
 .data          0x00802000        0x0 src/ASF/common/services/gfx_mono/gfx_mono_framebuffer.o
 .data          0x00802000        0x0 src/ASF/common/services/gfx_mono/gfx_mono_generic.o
 .data          0x00802000        0x0 src/ASF/common/services/gfx_mono/gfx_mono_text.o
 .data          0x00802000        0x0 src/ASF/common/services/gfx_mono/gfx_mono_ug_2832hsweg04.o
 .data          0x00802000        0x0 src/ASF/common/services/gfx_mono/sysfont.o
 .data          0x00802000        0x0 src/ASF/common/services/ioport/xmega/ioport_compat.o
 .data          0x00802000        0x0 src/ASF/common/services/sleepmgr/xmega/sleepmgr.o
 .data          0x00802000        0x0 src/ASF/common/services/spi/xmega_usart_spi/usart_spi.o
 .data          0x00802000        0x0 src/ASF/common/services/storage/ctrl_access/ctrl_access.o
 .data          0x00802000        0x0 src/ASF/common/services/usb/class/cdc/device/udi_cdc.o
 .data          0x00802000        0x0 src/ASF/common/services/usb/class/composite/device/udi_composite_desc.o
 .data          0x00802000        0x0 src/ASF/common/services/usb/class/msc/device/udi_msc.o
 .data          0x00802000        0x0 src/ASF/common/services/usb/udc/udc.o
 .data          0x00802000        0x0 src/ASF/common/utils/stdio/read.o
 .data          0x00802000        0x0 src/ASF/common/utils/stdio/stdio_usb/stdio_usb.o
 .data          0x00802000        0x0 src/ASF/common/utils/stdio/write.o
 .data          0x00802000        0x0 src/ASF/thirdparty/fatfs/fatfs-port-r0.09/diskio.o
 .data          0x00802000        0x0 src/ASF/thirdparty/fatfs/fatfs-port-r0.09/xmega/fattime.o
 .data          0x00802000        0x0 src/ASF/thirdparty/fatfs/fatfs-r0.09/src/ff.o
 .data          0x00802000        0x0 src/ASF/thirdparty/fatfs/fatfs-r0.09/src/option/ccsbcs.o
 .data          0x00802000        0x0 src/ASF/thirdparty/qtouch/generic/avr8/qtouch/common/qt_asm_xmega.o
 .data          0x00802000        0x0 src/ASF/xmega/boards/xmega_c3_xplained/init.o
 .data          0x00802000        0x0 src/ASF/xmega/drivers/cpu/ccp.o
 .data          0x00802000        0x0 src/ASF/xmega/drivers/nvm/nvm.o
 .data          0x00802000        0x0 src/ASF/xmega/drivers/nvm/nvm_asm.o
 .data          0x00802000        0x0 src/ASF/xmega/drivers/rtc/rtc.o
 .data          0x00802000        0x0 src/ASF/xmega/drivers/tc/tc.o
 .data          0x00802000        0x0 src/ASF/xmega/drivers/usart/usart.o
 .data          0x00802000        0x0 src/ASF/xmega/drivers/usb/usb_device.o
 .data          0x00802000        0x0 src/base64.o
 .data          0x00802000        0x0 src/bitcoin.o
 .data          0x00802000        0x0 src/bytestream.o
 .data          0x00802000        0x0 src/ecc.o
 .data          0x00802000        0x0 src/hmac.o
 .data          0x00802000        0x0 src/main.o
 .data          0x00802000        0x0 ../src/ASF/thirdparty/qtouch/generic/avr8/qtouch/lib/gcc\libavrxmega6g1-4qt-k-0rs.a(burst_1_1_10_0_1.o)
 .data          0x00802000        0x1 ../src/ASF/thirdparty/qtouch/generic/avr8/qtouch/lib/gcc\libavrxmega6g1-4qt-k-0rs.a(touch_api.o)
                0x00802000                freq_shift
 .data          0x00802001        0x0 ../src/ASF/thirdparty/qtouch/generic/avr8/qtouch/lib/gcc\libavrxmega6g1-4qt-k-0rs.a(touch_process.o)
 .data          0x00802001        0x0 ../src/ASF/thirdparty/qtouch/generic/avr8/qtouch/lib/gcc\libavrxmega6g1-4qt-k-0rs.a(touch_burst_qt.o)
 .data          0x00802001        0x0 c:/program files (x86)/atmel/atmel toolchain/avr8 gcc/native/3.4.1056/avr8-gnu-toolchain/bin/../lib/gcc/avr/4.8.1/avrxmega6\libgcc.a(_mulsi3.o)
 .data          0x00802001        0x0 c:/program files (x86)/atmel/atmel toolchain/avr8 gcc/native/3.4.1056/avr8-gnu-toolchain/bin/../lib/gcc/avr/4.8.1/avrxmega6\libgcc.a(_udivmodhi4.o)
 .data          0x00802001        0x0 c:/program files (x86)/atmel/atmel toolchain/avr8 gcc/native/3.4.1056/avr8-gnu-toolchain/bin/../lib/gcc/avr/4.8.1/avrxmega6\libgcc.a(_udivmodsi4.o)
 .data          0x00802001        0x0 c:/program files (x86)/atmel/atmel toolchain/avr8 gcc/native/3.4.1056/avr8-gnu-toolchain/bin/../lib/gcc/avr/4.8.1/avrxmega6\libgcc.a(_exit.o)
 .data          0x00802001        0x0 c:/program files (x86)/atmel/atmel toolchain/avr8 gcc/native/3.4.1056/avr8-gnu-toolchain/bin/../lib/gcc/avr/4.8.1/avrxmega6\libgcc.a(_tablejump.o)
 .data          0x00802001        0x0 c:/program files (x86)/atmel/atmel toolchain/avr8 gcc/native/3.4.1056/avr8-gnu-toolchain/bin/../lib/gcc/avr/4.8.1/avrxmega6\libgcc.a(_copy_data.o)
 .data          0x00802001        0x0 c:/program files (x86)/atmel/atmel toolchain/avr8 gcc/native/3.4.1056/avr8-gnu-toolchain/bin/../lib/gcc/avr/4.8.1/avrxmega6\libgcc.a(_clear_bss.o)